/Users/ample/h750-rt-thread/h750-rt-thread-main/Middlewares/Third_Party/RealThread_RTOS/src/mem.c:156:13:plug_holes	12	static
/Users/ample/h750-rt-thread/h750-rt-thread-main/Middlewares/Third_Party/RealThread_RTOS/src/mem.c:630:6:list_mem	8	static
/Users/ample/h750-rt-thread/h750-rt-thread-main/Middlewares/Third_Party/RealThread_RTOS/src/mem.c:204:6:rt_system_heap_init	16	static
/Users/ample/h750-rt-thread/h750-rt-thread-main/Middlewares/Third_Party/RealThread_RTOS/src/mem.c:272:7:rt_malloc	48	static
/Users/ample/h750-rt-thread/h750-rt-thread-main/Middlewares/Third_Party/RealThread_RTOS/src/mem.c:529:7:rt_calloc	16	static
/Users/ample/h750-rt-thread/h750-rt-thread-main/Middlewares/Third_Party/RealThread_RTOS/src/mem.c:549:6:rt_free	16	static
/Users/ample/h750-rt-thread/h750-rt-thread-main/Middlewares/Third_Party/RealThread_RTOS/src/mem.c:420:7:rt_realloc	32	static
/Users/ample/h750-rt-thread/h750-rt-thread-main/Middlewares/Third_Party/RealThread_RTOS/src/mem.c:615:6:rt_memory_info	0	static
