<html>
<body>
<pre>
<h1>礦ision Build Log</h1>
<h2>Tool Versions:</h2>
IDE-Version: μVision V5.29.0.0
Copyright (C) 2019 ARM Ltd and ARM Germany GmbH. All rights reserved.
License Information: zhong lenovo, xwx, LIC=66F5U-SVUCH-GNXAJ-U9ETU-Y1SVN-PJPAE
 
Tool Versions:
Toolchain:       MDK-ARM Essential  Version: 5.29.0.0
Toolchain Path:  D:\keil5\Keil_v5\ARM\ARMCC\Bin
C Compiler:      Armcc.exe V5.06 update 6 (build 750)
Assembler:       Armasm.exe V5.06 update 6 (build 750)
Linker/Locator:  ArmLink.exe V5.06 update 6 (build 750)
Library Manager: ArmAr.exe V5.06 update 6 (build 750)
Hex Converter:   FromElf.exe V5.06 update 6 (build 750)
CPU DLL:         SARMCM3.DLL V5.29.0.0
Dialog DLL:      DCM.DLL V1.17.3.0
Target DLL:      UL2CM3.DLL V1.163.0.0
Dialog DLL:      TCM.DLL V1.36.5.0
 
<h2>Project:</h2>
D:\工作\琐碎学习记录\LWIP\lwip-rtt-stm32\pro\lwip-rtt-stm32.uvprojx
Project File Date:  05/05/2022

<h2>Output:</h2>
*** Using Compiler 'V5.06 update 6 (build 750)', folder: 'D:\keil5\Keil_v5\ARM\ARMCC\Bin'
Build target 'lwip-rtt-stm32'
compiling tcpip.c...
compiling api_lib.c...
compiling lwip_comm.c...
compiling timers.c...
compiling etharp.c...
compiling memp.c...
compiling pbuf.c...
compiling api_msg.c...
compiling sockets.c...
linking...
Program Size: Code=89540 RO-data=5068 RW-data=620 ZI-data=79916  
After Build - User command #1: fromelf.exe --bin -o "D:\工作\琐碎学习记录\LWIP\lwip-rtt-stm32\pro\Objects\lwip-rtt-stm32.bin" "D:\工作\琐碎学习记录\LWIP\lwip-rtt-stm32\pro\Objects\lwip-rtt-stm32.axf"
".\Objects\lwip-rtt-stm32.axf" - 0 Error(s), 0 Warning(s).

<h2>Software Packages used:</h2>

Package Vendor: Keil
                http://www.keil.com/pack/Keil.STM32F2xx_DFP.1.0.4.pack
                Keil.STM32F2xx_DFP.1.0.4
                STMicroelectronics STM32F2 Series Device Support, Drivers and Examples

<h2>Collection of Component include folders:</h2>
  .\RTE\_lwip-rtt-stm32
  D:\keil5\Arm\Packs\Keil\STM32F2xx_DFP\1.0.4\Device\Include

<h2>Collection of Component Files used:</h2>
Build Time Elapsed:  00:00:04
</pre>
</body>
</html>
