Component: ARM Compiler 5.06 update 7 (build 960) Tool: armlink [4d3601]

==============================================================================

Section Cross References

    startup_stm32h750xx.o(STACK) refers (Special) to heapauxi.o(.text) for __use_two_region_memory
    startup_stm32h750xx.o(HEAP) refers (Special) to heapauxi.o(.text) for __use_two_region_memory
    startup_stm32h750xx.o(RESET) refers (Special) to heapauxi.o(.text) for __use_two_region_memory
    startup_stm32h750xx.o(RESET) refers to startup_stm32h750xx.o(STACK) for __initial_sp
    startup_stm32h750xx.o(RESET) refers to startup_stm32h750xx.o(.text) for Reset_Handler
    startup_stm32h750xx.o(RESET) refers to stm32h7xx_it.o(i.NMI_Handler) for NMI_Handler
    startup_stm32h750xx.o(RESET) refers to context_rvds.o(.text) for HardFault_Handler
    startup_stm32h750xx.o(RESET) refers to stm32h7xx_it.o(i.BusFault_Handler) for BusFault_Handler
    startup_stm32h750xx.o(RESET) refers to stm32h7xx_it.o(i.UsageFault_Handler) for UsageFault_Handler
    startup_stm32h750xx.o(RESET) refers to stm32h7xx_it.o(i.DebugMon_Handler) for DebugMon_Handler
    startup_stm32h750xx.o(RESET) refers to board.o(i.SysTick_Handler) for SysTick_Handler
    startup_stm32h750xx.o(RESET) refers to stm32h7xx_it.o(i.DMA1_Stream0_IRQHandler) for DMA1_Stream0_IRQHandler
    startup_stm32h750xx.o(RESET) refers to stm32h7xx_it.o(i.DMA1_Stream1_IRQHandler) for DMA1_Stream1_IRQHandler
    startup_stm32h750xx.o(RESET) refers to stm32h7xx_it.o(i.DMA1_Stream2_IRQHandler) for DMA1_Stream2_IRQHandler
    startup_stm32h750xx.o(RESET) refers to stm32h7xx_it.o(i.DMA1_Stream3_IRQHandler) for DMA1_Stream3_IRQHandler
    startup_stm32h750xx.o(RESET) refers to board.o(i.USART1_IRQHandler) for USART1_IRQHandler
    startup_stm32h750xx.o(RESET) refers to stm32h7xx_it.o(i.UART4_IRQHandler) for UART4_IRQHandler
    startup_stm32h750xx.o(RESET) refers to stm32h7xx_it.o(i.SPI4_IRQHandler) for SPI4_IRQHandler
    startup_stm32h750xx.o(.text) refers (Special) to heapauxi.o(.text) for __use_two_region_memory
    startup_stm32h750xx.o(.text) refers to system_stm32h7xx_1.o(i.SystemInit) for SystemInit
    startup_stm32h750xx.o(.text) refers to __main.o(!!!main) for __main
    startup_stm32h750xx.o(.text) refers to startup_stm32h750xx.o(HEAP) for Heap_Mem
    startup_stm32h750xx.o(.text) refers to startup_stm32h750xx.o(STACK) for Stack_Mem
    ringbuffer.o(i.rt_ringbuffer_getchar) refers to ringbuffer.o(i.rt_ringbuffer_data_len) for rt_ringbuffer_data_len
    ringbuffer.o(i.rt_ringbuffer_putchar) refers to ringbuffer.o(i.rt_ringbuffer_data_len) for rt_ringbuffer_data_len
    bsp_uart.o(i.LL_DMA_DisableFifoMode) refers to bsp_uart.o(.constdata) for .constdata
    bsp_uart.o(i.LL_DMA_DisableStream) refers to bsp_uart.o(.constdata) for .constdata
    bsp_uart.o(i.LL_DMA_EnableIT_HT) refers to bsp_uart.o(.constdata) for .constdata
    bsp_uart.o(i.LL_DMA_EnableIT_TC) refers to bsp_uart.o(.constdata) for .constdata
    bsp_uart.o(i.LL_DMA_EnableStream) refers to bsp_uart.o(.constdata) for .constdata
    bsp_uart.o(i.LL_DMA_GetDataLength) refers to bsp_uart.o(.constdata) for .constdata
    bsp_uart.o(i.LL_DMA_SetDataLength) refers to bsp_uart.o(.constdata) for .constdata
    bsp_uart.o(i.LL_DMA_SetDataTransferDirection) refers to bsp_uart.o(.constdata) for .constdata
    bsp_uart.o(i.LL_DMA_SetMemoryAddress) refers to bsp_uart.o(.constdata) for .constdata
    bsp_uart.o(i.LL_DMA_SetMemoryIncMode) refers to bsp_uart.o(.constdata) for .constdata
    bsp_uart.o(i.LL_DMA_SetMemorySize) refers to bsp_uart.o(.constdata) for .constdata
    bsp_uart.o(i.LL_DMA_SetMode) refers to bsp_uart.o(.constdata) for .constdata
    bsp_uart.o(i.LL_DMA_SetPeriphAddress) refers to bsp_uart.o(.constdata) for .constdata
    bsp_uart.o(i.LL_DMA_SetPeriphIncMode) refers to bsp_uart.o(.constdata) for .constdata
    bsp_uart.o(i.LL_DMA_SetPeriphSize) refers to bsp_uart.o(.constdata) for .constdata
    bsp_uart.o(i.LL_DMA_SetStreamPriorityLevel) refers to bsp_uart.o(.constdata) for .constdata
    bsp_uart.o(i.bsp_uart4_dmarx_config) refers to stm32h7xx_ll_dma.o(i.LL_DMA_DeInit) for LL_DMA_DeInit
    bsp_uart.o(i.bsp_uart4_dmarx_config) refers to bsp_uart.o(i.LL_DMA_SetPeriphRequest) for LL_DMA_SetPeriphRequest
    bsp_uart.o(i.bsp_uart4_dmarx_config) refers to bsp_uart.o(i.LL_DMA_SetDataTransferDirection) for LL_DMA_SetDataTransferDirection
    bsp_uart.o(i.bsp_uart4_dmarx_config) refers to bsp_uart.o(i.LL_DMA_SetStreamPriorityLevel) for LL_DMA_SetStreamPriorityLevel
    bsp_uart.o(i.bsp_uart4_dmarx_config) refers to bsp_uart.o(i.LL_DMA_SetMode) for LL_DMA_SetMode
    bsp_uart.o(i.bsp_uart4_dmarx_config) refers to bsp_uart.o(i.LL_DMA_SetPeriphIncMode) for LL_DMA_SetPeriphIncMode
    bsp_uart.o(i.bsp_uart4_dmarx_config) refers to bsp_uart.o(i.LL_DMA_SetMemoryIncMode) for LL_DMA_SetMemoryIncMode
    bsp_uart.o(i.bsp_uart4_dmarx_config) refers to bsp_uart.o(i.LL_DMA_SetPeriphSize) for LL_DMA_SetPeriphSize
[...]
    __rt_lib_init_signal_1                   0x08000313   Thumb Code     0  libinit2.o(.ARM.Collect$$libinit$$0000001D)
    __rt_lib_init_stdio_1                    0x08000313   Thumb Code     0  libinit2.o(.ARM.Collect$$libinit$$00000025)
    __rt_lib_init_user_alloc_1               0x08000313   Thumb Code     0  libinit2.o(.ARM.Collect$$libinit$$0000000C)
    __rt_lib_shutdown                        0x08000315   Thumb Code     0  libshutdown.o(.ARM.Collect$$libshutdown$$00000000)
    __rt_lib_shutdown_cpp_1                  0x08000317   Thumb Code     0  libshutdown2.o(.ARM.Collect$$libshutdown$$00000004)
    __rt_lib_shutdown_fini_1                 0x08000317   Thumb Code     0  libshutdown2.o(.ARM.Collect$$libshutdown$$00000002)
    __rt_lib_shutdown_fp_trap_1              0x08000317   Thumb Code     0  libshutdown2.o(.ARM.Collect$$libshutdown$$00000009)
    __rt_lib_shutdown_heap_1                 0x08000317   Thumb Code     0  libshutdown2.o(.ARM.Collect$$libshutdown$$00000011)
    __rt_lib_shutdown_return                 0x08000317   Thumb Code     0  libshutdown2.o(.ARM.Collect$$libshutdown$$00000012)
    __rt_lib_shutdown_signal_1               0x08000317   Thumb Code     0  libshutdown2.o(.ARM.Collect$$libshutdown$$0000000C)
    __rt_lib_shutdown_stdio_1                0x08000317   Thumb Code     0  libshutdown2.o(.ARM.Collect$$libshutdown$$00000006)
    __rt_lib_shutdown_user_alloc_1           0x08000317   Thumb Code     0  libshutdown2.o(.ARM.Collect$$libshutdown$$0000000E)
    __rt_entry                               0x08000319   Thumb Code     0  __rtentry.o(.ARM.Collect$$rtentry$$00000000)
    __rt_entry_presh_1                       0x08000319   Thumb Code     0  __rtentry2.o(.ARM.Collect$$rtentry$$00000002)
    __rt_entry_sh                            0x08000319   Thumb Code     0  __rtentry4.o(.ARM.Collect$$rtentry$$00000004)
    __rt_entry_li                            0x0800031f   Thumb Code     0  __rtentry2.o(.ARM.Collect$$rtentry$$0000000A)
    __rt_entry_postsh_1                      0x0800031f   Thumb Code     0  __rtentry2.o(.ARM.Collect$$rtentry$$00000009)
    __rt_entry_main                          0x08000323   Thumb Code     0  __rtentry2.o(.ARM.Collect$$rtentry$$0000000D)
    __rt_entry_postli_1                      0x08000323   Thumb Code     0  __rtentry2.o(.ARM.Collect$$rtentry$$0000000C)
    __rt_exit                                0x0800032b   Thumb Code     0  rtexit.o(.ARM.Collect$$rtexit$$00000000)
    __rt_exit_ls                             0x0800032d   Thumb Code     0  rtexit2.o(.ARM.Collect$$rtexit$$00000003)
    __rt_exit_prels_1                        0x0800032d   Thumb Code     0  rtexit2.o(.ARM.Collect$$rtexit$$00000002)
    __rt_exit_exit                           0x08000331   Thumb Code     0  rtexit2.o(.ARM.Collect$$rtexit$$00000004)
    Reset_Handler                            0x08000339   Thumb Code     8  startup_stm32h750xx.o(.text)
    SVC_Handler                              0x0800034b   Thumb Code     2  startup_stm32h750xx.o(.text)
    ADC3_IRQHandler                          0x08000353   Thumb Code     0  startup_stm32h750xx.o(.text)
    ADC_IRQHandler                           0x08000353   Thumb Code     0  startup_stm32h750xx.o(.text)
    BDMA_Channel0_IRQHandler                 0x08000353   Thumb Code     0  startup_stm32h750xx.o(.text)
    BDMA_Channel1_IRQHandler                 0x08000353   Thumb Code     0  startup_stm32h750xx.o(.text)
    BDMA_Channel2_IRQHandler                 0x08000353   Thumb Code     0  startup_stm32h750xx.o(.text)
    BDMA_Channel3_IRQHandler                 0x08000353   Thumb Code     0  startup_stm32h750xx.o(.text)
    BDMA_Channel4_IRQHandler                 0x08000353   Thumb Code     0  startup_stm32h750xx.o(.text)
    BDMA_Channel5_IRQHandler                 0x08000353   Thumb Code     0  startup_stm32h750xx.o(.text)
    BDMA_Channel6_IRQHandler                 0x08000353   Thumb Code     0  startup_stm32h750xx.o(.text)
    BDMA_Channel7_IRQHandler                 0x08000353   Thumb Code     0  startup_stm32h750xx.o(.text)
    CEC_IRQHandler                           0x08000353   Thumb Code     0  startup_stm32h750xx.o(.text)
    COMP1_IRQHandler                         0x08000353   Thumb Code     0  startup_stm32h750xx.o(.text)
    CRS_IRQHandler                           0x08000353   Thumb Code     0  startup_stm32h750xx.o(.text)
    CRYP_IRQHandler                          0x08000353   Thumb Code     0  startup_stm32h750xx.o(.text)
    DCMI_IRQHandler                          0x08000353   Thumb Code     0  startup_stm32h750xx.o(.text)
    DFSDM1_FLT0_IRQHandler                   0x08000353   Thumb Code     0  startup_stm32h750xx.o(.text)
    DFSDM1_FLT1_IRQHandler                   0x08000353   Thumb Code     0  startup_stm32h750xx.o(.text)
    DFSDM1_FLT2_IRQHandler                   0x08000353   Thumb Code     0  startup_stm32h750xx.o(.text)
    DFSDM1_FLT3_IRQHandler                   0x08000353   Thumb Code     0  startup_stm32h750xx.o(.text)
    DMA1_Stream4_IRQHandler                  0x08000353   Thumb Code     0  startup_stm32h750xx.o(.text)
    DMA1_Stream5_IRQHandler                  0x08000353   Thumb Code     0  startup_stm32h750xx.o(.text)
    DMA1_Stream6_IRQHandler                  0x08000353   Thumb Code     0  startup_stm32h750xx.o(.text)
    DMA1_Stream7_IRQHandler                  0x08000353   Thumb Code     0  startup_stm32h750xx.o(.text)
    DMA2D_IRQHandler                         0x08000353   Thumb Code     0  startup_stm32h750xx.o(.text)
    DMA2_Stream0_IRQHandler                  0x08000353   Thumb Code     0  startup_stm32h750xx.o(.text)
    DMA2_Stream1_IRQHandler                  0x08000353   Thumb Code     0  startup_stm32h750xx.o(.text)
    DMA2_Stream2_IRQHandler                  0x08000353   Thumb Code     0  startup_stm32h750xx.o(.text)
    DMA2_Stream3_IRQHandler                  0x08000353   Thumb Code     0  startup_stm32h750xx.o(.text)
    DMA2_Stream4_IRQHandler                  0x08000353   Thumb Code     0  startup_stm32h750xx.o(.text)
    DMA2_Stream5_IRQHandler                  0x08000353   Thumb Code     0  startup_stm32h750xx.o(.text)
    DMA2_Stream6_IRQHandler                  0x08000353   Thumb Code     0  startup_stm32h750xx.o(.text)
    DMA2_Stream7_IRQHandler                  0x08000353   Thumb Code     0  startup_stm32h750xx.o(.text)
    DMAMUX1_OVR_IRQHandler                   0x08000353   Thumb Code     0  startup_stm32h750xx.o(.text)
    DMAMUX2_OVR_IRQHandler                   0x08000353   Thumb Code     0  startup_stm32h750xx.o(.text)
    ECC_IRQHandler                           0x08000353   Thumb Code     0  startup_stm32h750xx.o(.text)
    ETH_IRQHandler                           0x08000353   Thumb Code     0  startup_stm32h750xx.o(.text)
    ETH_WKUP_IRQHandler                      0x08000353   Thumb Code     0  startup_stm32h750xx.o(.text)
    EXTI0_IRQHandler                         0x08000353   Thumb Code     0  startup_stm32h750xx.o(.text)
    EXTI15_10_IRQHandler                     0x08000353   Thumb Code     0  startup_stm32h750xx.o(.text)
    EXTI1_IRQHandler                         0x08000353   Thumb Code     0  startup_stm32h750xx.o(.text)
    EXTI2_IRQHandler                         0x08000353   Thumb Code     0  startup_stm32h750xx.o(.text)
    EXTI3_IRQHandler                         0x08000353   Thumb Code     0  startup_stm32h750xx.o(.text)
    EXTI4_IRQHandler                         0x08000353   Thumb Code     0  startup_stm32h750xx.o(.text)
    EXTI9_5_IRQHandler                       0x08000353   Thumb Code     0  startup_stm32h750xx.o(.text)
    FDCAN1_IT0_IRQHandler                    0x08000353   Thumb Code     0  startup_stm32h750xx.o(.text)
    FDCAN1_IT1_IRQHandler                    0x08000353   Thumb Code     0  startup_stm32h750xx.o(.text)
    FDCAN2_IT0_IRQHandler                    0x08000353   Thumb Code     0  startup_stm32h750xx.o(.text)
    FDCAN2_IT1_IRQHandler                    0x08000353   Thumb Code     0  startup_stm32h750xx.o(.text)
    FDCAN_CAL_IRQHandler                     0x08000353   Thumb Code     0  startup_stm32h750xx.o(.text)
    FLASH_IRQHandler                         0x08000353   Thumb Code     0  startup_stm32h750xx.o(.text)
    FMC_IRQHandler                           0x08000353   Thumb Code     0  startup_stm32h750xx.o(.text)
    FPU_IRQHandler                           0x08000353   Thumb Code     0  startup_stm32h750xx.o(.text)
    HASH_RNG_IRQHandler                      0x08000353   Thumb Code     0  startup_stm32h750xx.o(.text)
    HRTIM1_FLT_IRQHandler                    0x08000353   Thumb Code     0  startup_stm32h750xx.o(.text)
    HRTIM1_Master_IRQHandler                 0x08000353   Thumb Code     0  startup_stm32h750xx.o(.text)
    HRTIM1_TIMA_IRQHandler                   0x08000353   Thumb Code     0  startup_stm32h750xx.o(.text)
    HRTIM1_TIMB_IRQHandler                   0x08000353   Thumb Code     0  startup_stm32h750xx.o(.text)
    HRTIM1_TIMC_IRQHandler                   0x08000353   Thumb Code     0  startup_stm32h750xx.o(.text)
    HRTIM1_TIMD_IRQHandler                   0x08000353   Thumb Code     0  startup_stm32h750xx.o(.text)
    HRTIM1_TIME_IRQHandler                   0x08000353   Thumb Code     0  startup_stm32h750xx.o(.text)
    HSEM1_IRQHandler                         0x08000353   Thumb Code     0  startup_stm32h750xx.o(.text)
    I2C1_ER_IRQHandler                       0x08000353   Thumb Code     0  startup_stm32h750xx.o(.text)
    I2C1_EV_IRQHandler                       0x08000353   Thumb Code     0  startup_stm32h750xx.o(.text)
    I2C2_ER_IRQHandler                       0x08000353   Thumb Code     0  startup_stm32h750xx.o(.text)
    I2C2_EV_IRQHandler                       0x08000353   Thumb Code     0  startup_stm32h750xx.o(.text)
    I2C3_ER_IRQHandler                       0x08000353   Thumb Code     0  startup_stm32h750xx.o(.text)
    I2C3_EV_IRQHandler                       0x08000353   Thumb Code     0  startup_stm32h750xx.o(.text)
    I2C4_ER_IRQHandler                       0x08000353   Thumb Code     0  startup_stm32h750xx.o(.text)
    I2C4_EV_IRQHandler                       0x08000353   Thumb Code     0  startup_stm32h750xx.o(.text)
    JPEG_IRQHandler                          0x08000353   Thumb Code     0  startup_stm32h750xx.o(.text)
    LPTIM1_IRQHandler                        0x08000353   Thumb Code     0  startup_stm32h750xx.o(.text)
    LPTIM2_IRQHandler                        0x08000353   Thumb Code     0  startup_stm32h750xx.o(.text)
    LPTIM3_IRQHandler                        0x08000353   Thumb Code     0  startup_stm32h750xx.o(.text)
    LPTIM4_IRQHandler                        0x08000353   Thumb Code     0  startup_stm32h750xx.o(.text)
    LPTIM5_IRQHandler                        0x08000353   Thumb Code     0  startup_stm32h750xx.o(.text)
    LPUART1_IRQHandler                       0x08000353   Thumb Code     0  startup_stm32h750xx.o(.text)
    LTDC_ER_IRQHandler                       0x08000353   Thumb Code     0  startup_stm32h750xx.o(.text)
    LTDC_IRQHandler                          0x08000353   Thumb Code     0  startup_stm32h750xx.o(.text)
    MDIOS_IRQHandler                         0x08000353   Thumb Code     0  startup_stm32h750xx.o(.text)
    MDIOS_WKUP_IRQHandler                    0x08000353   Thumb Code     0  startup_stm32h750xx.o(.text)
    MDMA_IRQHandler                          0x08000353   Thumb Code     0  startup_stm32h750xx.o(.text)
    OTG_FS_EP1_IN_IRQHandler                 0x08000353   Thumb Code     0  startup_stm32h750xx.o(.text)
    OTG_FS_EP1_OUT_IRQHandler                0x08000353   Thumb Code     0  startup_stm32h750xx.o(.text)
    OTG_FS_IRQHandler                        0x08000353   Thumb Code     0  startup_stm32h750xx.o(.text)
    OTG_FS_WKUP_IRQHandler                   0x08000353   Thumb Code     0  startup_stm32h750xx.o(.text)
    OTG_HS_EP1_IN_IRQHandler                 0x08000353   Thumb Code     0  startup_stm32h750xx.o(.text)
    OTG_HS_EP1_OUT_IRQHandler                0x08000353   Thumb Code     0  startup_stm32h750xx.o(.text)
    OTG_HS_IRQHandler                        0x08000353   Thumb Code     0  startup_stm32h750xx.o(.text)
    OTG_HS_WKUP_IRQHandler                   0x08000353   Thumb Code     0  startup_stm32h750xx.o(.text)
    PVD_AVD_IRQHandler                       0x08000353   Thumb Code     0  startup_stm32h750xx.o(.text)
    QUADSPI_IRQHandler                       0x08000353   Thumb Code     0  startup_stm32h750xx.o(.text)
    RCC_IRQHandler                           0x08000353   Thumb Code     0  startup_stm32h750xx.o(.text)
    RTC_Alarm_IRQHandler                     0x08000353   Thumb Code     0  startup_stm32h750xx.o(.text)
    RTC_WKUP_IRQHandler                      0x08000353   Thumb Code     0  startup_stm32h750xx.o(.text)
    SAI1_IRQHandler                          0x08000353   Thumb Code     0  startup_stm32h750xx.o(.text)
    SAI2_IRQHandler                          0x08000353   Thumb Code     0  startup_stm32h750xx.o(.text)
    SAI3_IRQHandler                          0x08000353   Thumb Code     0  startup_stm32h750xx.o(.text)
    SAI4_IRQHandler                          0x08000353   Thumb Code     0  startup_stm32h750xx.o(.text)
    SDMMC1_IRQHandler                        0x08000353   Thumb Code     0  startup_stm32h750xx.o(.text)
    SDMMC2_IRQHandler                        0x08000353   Thumb Code     0  startup_stm32h750xx.o(.text)
    SPDIF_RX_IRQHandler                      0x08000353   Thumb Code     0  startup_stm32h750xx.o(.text)
    SPI1_IRQHandler                          0x08000353   Thumb Code     0  startup_stm32h750xx.o(.text)
    SPI2_IRQHandler                          0x08000353   Thumb Code     0  startup_stm32h750xx.o(.text)
    SPI3_IRQHandler                          0x08000353   Thumb Code     0  startup_stm32h750xx.o(.text)
    SPI5_IRQHandler                          0x08000353   Thumb Code     0  startup_stm32h750xx.o(.text)
    SPI6_IRQHandler                          0x08000353   Thumb Code     0  startup_stm32h750xx.o(.text)
    SWPMI1_IRQHandler                        0x08000353   Thumb Code     0  startup_stm32h750xx.o(.text)
    TAMP_STAMP_IRQHandler                    0x08000353   Thumb Code     0  startup_stm32h750xx.o(.text)
    TIM15_IRQHandler                         0x08000353   Thumb Code     0  startup_stm32h750xx.o(.text)
    TIM16_IRQHandler                         0x08000353   Thumb Code     0  startup_stm32h750xx.o(.text)
    TIM17_IRQHandler                         0x08000353   Thumb Code     0  startup_stm32h750xx.o(.text)
    TIM1_BRK_IRQHandler                      0x08000353   Thumb Code     0  startup_stm32h750xx.o(.text)
    TIM1_CC_IRQHandler                       0x08000353   Thumb Code     0  startup_stm32h750xx.o(.text)
    TIM1_TRG_COM_IRQHandler                  0x08000353   Thumb Code     0  startup_stm32h750xx.o(.text)
    TIM1_UP_IRQHandler                       0x08000353   Thumb Code     0  startup_stm32h750xx.o(.text)
    TIM2_IRQHandler                          0x08000353   Thumb Code     0  startup_stm32h750xx.o(.text)
    TIM3_IRQHandler                          0x08000353   Thumb Code     0  startup_stm32h750xx.o(.text)
    TIM4_IRQHandler                          0x08000353   Thumb Code     0  startup_stm32h750xx.o(.text)
    TIM5_IRQHandler                          0x08000353   Thumb Code     0  startup_stm32h750xx.o(.text)
    TIM6_DAC_IRQHandler                      0x08000353   Thumb Code     0  startup_stm32h750xx.o(.text)
    TIM7_IRQHandler                          0x08000353   Thumb Code     0  startup_stm32h750xx.o(.text)
    TIM8_BRK_TIM12_IRQHandler                0x08000353   Thumb Code     0  startup_stm32h750xx.o(.text)
    TIM8_CC_IRQHandler                       0x08000353   Thumb Code     0  startup_stm32h750xx.o(.text)
    TIM8_TRG_COM_TIM14_IRQHandler            0x08000353   Thumb Code     0  startup_stm32h750xx.o(.text)
    TIM8_UP_TIM13_IRQHandler                 0x08000353   Thumb Code     0  startup_stm32h750xx.o(.text)
    UART5_IRQHandler                         0x08000353   Thumb Code     0  startup_stm32h750xx.o(.text)
    UART7_IRQHandler                         0x08000353   Thumb Code     0  startup_stm32h750xx.o(.text)
    UART8_IRQHandler                         0x08000353   Thumb Code     0  startup_stm32h750xx.o(.text)
    USART2_IRQHandler                        0x08000353   Thumb Code     0  startup_stm32h750xx.o(.text)
    USART3_IRQHandler                        0x08000353   Thumb Code     0  startup_stm32h750xx.o(.text)
    USART6_IRQHandler                        0x08000353   Thumb Code     0  startup_stm32h750xx.o(.text)
    WAKEUP_PIN_IRQHandler                    0x08000353   Thumb Code     0  startup_stm32h750xx.o(.text)
    WWDG_IRQHandler                          0x08000353   Thumb Code     0  startup_stm32h750xx.o(.text)
    __user_initial_stackheap                 0x08000355   Thumb Code     0  startup_stm32h750xx.o(.text)
    rt_hw_interrupt_disable                  0x08000379   Thumb Code     8  context_rvds.o(.text)
    rt_hw_interrupt_enable                   0x08000381   Thumb Code     6  context_rvds.o(.text)
    rt_hw_context_switch                     0x08000387   Thumb Code    32  context_rvds.o(.text)
    rt_hw_context_switch_interrupt           0x08000387   Thumb Code     0  context_rvds.o(.text)
    PendSV_Handler                           0x080003a7   Thumb Code   108  context_rvds.o(.text)
    rt_hw_context_switch_to                  0x08000413   Thumb Code    70  context_rvds.o(.text)
    rt_hw_interrupt_thread_switch            0x08000459   Thumb Code     2  context_rvds.o(.text)
    HardFault_Handler                        0x0800045b   Thumb Code    56  context_rvds.o(.text)
    MemManage_Handler                        0x0800045b   Thumb Code     0  context_rvds.o(.text)
    strlen                                   0x080004ad   Thumb Code    62  strlen.o(.text)
    strncmp                                  0x080004eb   Thumb Code   150  strncmp.o(.text)
    strcat                                   0x08000581   Thumb Code    24  strcat.o(.text)
    __aeabi_memcpy4                          0x08000599   Thumb Code     0  rt_memcpy_w.o(.text)
    __aeabi_memcpy8                          0x08000599   Thumb Code     0  rt_memcpy_w.o(.text)
    __rt_memcpy_w                            0x08000599   Thumb Code   100  rt_memcpy_w.o(.text)
    _memcpy_lastbytes_aligned                0x080005e1   Thumb Code     0  rt_memcpy_w.o(.text)
    __aeabi_memclr                           0x080005fd   Thumb Code     0  rt_memclr.o(.text)
    __rt_memclr                              0x080005fd   Thumb Code    68  rt_memclr.o(.text)
    _memset                                  0x08000601   Thumb Code     0  rt_memclr.o(.text)
    __aeabi_memclr4                          0x08000641   Thumb Code     0  rt_memclr_w.o(.text)
    __aeabi_memclr8                          0x08000641   Thumb Code     0  rt_memclr_w.o(.text)
    __rt_memclr_w                            0x08000641   Thumb Code    78  rt_memclr_w.o(.text)
    _memset_w                                0x08000645   Thumb Code     0  rt_memclr_w.o(.text)
    strncpy                                  0x0800068f   Thumb Code    86  strncpy.o(.text)
    __use_two_region_memory                  0x080006e5   Thumb Code     2  heapauxi.o(.text)
    __rt_heap_escrow$2region                 0x080006e7   Thumb Code     2  heapauxi.o(.text)
    __rt_heap_expand$2region                 0x080006e9   Thumb Code     2  heapauxi.o(.text)
    __user_setup_stackheap                   0x080006eb   Thumb Code    74  sys_stackheap_outer.o(.text)
    exit                                     0x08000735   Thumb Code    18  exit.o(.text)
    __user_libspace                          0x08000749   Thumb Code     8  libspace.o(.text)
    __user_perproc_libspace                  0x08000749   Thumb Code     0  libspace.o(.text)
    __user_perthread_libspace                0x08000749   Thumb Code     0  libspace.o(.text)
    _sys_exit                                0x08000751   Thumb Code     8  sys_exit.o(.text)
    __I$use$semihosting                      0x0800075d   Thumb Code     0  use_no_semi.o(.text)
    __use_no_semihosting_swi                 0x0800075d   Thumb Code     2  use_no_semi.o(.text)
    __semihosting_library_function           0x0800075f   Thumb Code     0  indicate_semi.o(.text)
    main                                     0x0800075f   Thumb Code    10  components.o(i.$Sub$$main)
    BSP_FMC_NAND_EraseChip                   0x08000769   Thumb Code    44  nandflash.o(i.BSP_FMC_NAND_EraseChip)
    BusFault_Handler                         0x08000795   Thumb Code     2  stm32h7xx_it.o(i.BusFault_Handler)
    DMA1_Stream0_IRQHandler                  0x08000799   Thumb Code    60  stm32h7xx_it.o(i.DMA1_Stream0_IRQHandler)
    DMA1_Stream1_IRQHandler                  0x080007d9   Thumb Code    38  stm32h7xx_it.o(i.DMA1_Stream1_IRQHandler)
    DMA1_Stream2_IRQHandler                  0x08000805   Thumb Code    60  stm32h7xx_it.o(i.DMA1_Stream2_IRQHandler)
    DMA1_Stream3_IRQHandler                  0x08000845   Thumb Code    38  stm32h7xx_it.o(i.DMA1_Stream3_IRQHandler)
    DebugMon_Handler                         0x08000871   Thumb Code     2  stm32h7xx_it.o(i.DebugMon_Handler)
    Error_Handler                            0x08000873   Thumb Code     4  main.o(i.Error_Handler)
    FMC_NAND_AttributeSpace_Timing_Init      0x08000877   Thumb Code    28  stm32h7xx_ll_fmc.o(i.FMC_NAND_AttributeSpace_Timing_Init)
    FMC_NAND_CommonSpace_Timing_Init         0x08000893   Thumb Code    28  stm32h7xx_ll_fmc.o(i.FMC_NAND_CommonSpace_Timing_Init)
    FMC_NAND_Init                            0x080008b1   Thumb Code    48  stm32h7xx_ll_fmc.o(i.FMC_NAND_Init)
    FMC_SDRAM_Init                           0x080008e5   Thumb Code   116  stm32h7xx_ll_fmc.o(i.FMC_SDRAM_Init)
    FMC_SDRAM_ProgramRefreshRate             0x08000959   Thumb Code    16  stm32h7xx_ll_fmc.o(i.FMC_SDRAM_ProgramRefreshRate)
    FMC_SDRAM_SendCommand                    0x08000969   Thumb Code    34  stm32h7xx_ll_fmc.o(i.FMC_SDRAM_SendCommand)
    FMC_SDRAM_Timing_Init                    0x0800098b   Thumb Code   150  stm32h7xx_ll_fmc.o(i.FMC_SDRAM_Timing_Init)
    HAL_GPIO_Init                            0x08000ae5   Thumb Code   492  stm32h7xx_hal_gpio.o(i.HAL_GPIO_Init)
    HAL_Init                                 0x08000cd9   Thumb Code    74  stm32h7xx_hal.o(i.HAL_Init)
    HAL_InitTick                             0x08000d35   Thumb Code    66  stm32h7xx_hal.o(i.HAL_InitTick)
    HAL_MspInit                              0x08000d81   Thumb Code    22  stm32h7xx_hal_msp.o(i.HAL_MspInit)
    HAL_NAND_Erase_Block                     0x08000d9d   Thumb Code   170  stm32h7xx_hal_nand.o(i.HAL_NAND_Erase_Block)
    HAL_NAND_Init                            0x08000e51   Thumb Code    94  stm32h7xx_hal_nand.o(i.HAL_NAND_Init)
    HAL_NAND_MspInit                         0x08000eb5   Thumb Code     4  fmc.o(i.HAL_NAND_MspInit)
    HAL_NAND_Reset                           0x08000eb9   Thumb Code    68  stm32h7xx_hal_nand.o(i.HAL_NAND_Reset)
    HAL_NVIC_SetPriority                     0x08000f01   Thumb Code   104  stm32h7xx_hal_cortex.o(i.HAL_NVIC_SetPriority)
    HAL_NVIC_SetPriorityGrouping             0x08000f6d   Thumb Code    30  stm32h7xx_hal_cortex.o(i.HAL_NVIC_SetPriorityGrouping)
    HAL_RCC_GetSysClockFreq                  0x08000f91   Thumb Code   428  stm32h7xx_hal_rcc.o(i.HAL_RCC_GetSysClockFreq)
    HAL_SDRAM_Init                           0x0800116d   Thumb Code    78  stm32h7xx_hal_sdram.o(i.HAL_SDRAM_Init)
    HAL_SDRAM_MspInit                        0x080011c1   Thumb Code     4  fmc.o(i.HAL_SDRAM_MspInit)
    HAL_SDRAM_ProgramRefreshRate             0x080011c5   Thumb Code    50  stm32h7xx_hal_sdram.o(i.HAL_SDRAM_ProgramRefreshRate)
    HAL_SDRAM_SendCommand                    0x080011f7   Thumb Code    68  stm32h7xx_hal_sdram.o(i.HAL_SDRAM_SendCommand)
    HAL_SYSTICK_Config                       0x0800123d   Thumb Code    36  stm32h7xx_hal_cortex.o(i.HAL_SYSTICK_Config)
    LL_GPIO_Init                             0x0800142d   Thumb Code   232  stm32h7xx_ll_gpio.o(i.LL_GPIO_Init)
    LL_RCC_CalcPLLClockFreq                  0x08001525   Thumb Code    70  stm32h7xx_ll_rcc.o(i.LL_RCC_CalcPLLClockFreq)
    LL_RCC_GetCLKPClockFreq                  0x08001571   Thumb Code    82  stm32h7xx_ll_rcc.o(i.LL_RCC_GetCLKPClockFreq)
    LL_RCC_GetFMCClockFreq                   0x080015d9   Thumb Code   128  stm32h7xx_ll_rcc.o(i.LL_RCC_GetFMCClockFreq)
    LL_RCC_GetPLL1ClockFreq                  0x08001669   Thumb Code   242  stm32h7xx_ll_rcc.o(i.LL_RCC_GetPLL1ClockFreq)
    LL_RCC_GetPLL2ClockFreq                  0x08001775   Thumb Code   242  stm32h7xx_ll_rcc.o(i.LL_RCC_GetPLL2ClockFreq)
    LL_RCC_GetPLL3ClockFreq                  0x08001885   Thumb Code   246  stm32h7xx_ll_rcc.o(i.LL_RCC_GetPLL3ClockFreq)
    LL_RCC_GetUSARTClockFreq                 0x08001999   Thumb Code   320  stm32h7xx_ll_rcc.o(i.LL_RCC_GetUSARTClockFreq)
    LL_SPI_Init                              0x08001b5d   Thumb Code   174  stm32h7xx_ll_spi.o(i.LL_SPI_Init)
    LL_SetSystemCoreClock                    0x08001c11   Thumb Code     6  stm32h7xx_ll_utils.o(i.LL_SetSystemCoreClock)
    LL_USART_Init                            0x08001c1d   Thumb Code   340  stm32h7xx_ll_usart.o(i.LL_USART_Init)
    LL_mDelay                                0x08001db3   Thumb Code    40  stm32h7xx_ll_utils.o(i.LL_mDelay)
    MX_DMA_Init                              0x08001ddd   Thumb Code   128  dma.o(i.MX_DMA_Init)
    MX_FMC_Init                              0x08001e61   Thumb Code   194  fmc.o(i.MX_FMC_Init)
    MX_GPIO_Init                             0x08001f2d   Thumb Code    94  gpio.o(i.MX_GPIO_Init)
    MX_SPI4_Init                             0x08001f91   Thumb Code   186  spi.o(i.MX_SPI4_Init)
    MX_SPI5_Init                             0x08002061   Thumb Code   128  spi.o(i.MX_SPI5_Init)
    MX_UART4_Init                            0x080020ed   Thumb Code   544  usart.o(i.MX_UART4_Init)
    MX_USART1_UART_Init                      0x08002329   Thumb Code   452  usart.o(i.MX_USART1_UART_Init)
    NAND_ModeSet                             0x08002509   Thumb Code    32  nandflash.o(i.NAND_ModeSet)
    NMI_Handler                              0x08002531   Thumb Code     2  stm32h7xx_it.o(i.NMI_Handler)
    SPI4_IRQHandler                          0x08002721   Thumb Code     2  stm32h7xx_it.o(i.SPI4_IRQHandler)
    SysTick_Handler                          0x08002723   Thumb Code    18  board.o(i.SysTick_Handler)
    SystemClock_Config                       0x08002735   Thumb Code   344  main.o(i.SystemClock_Config)
    SystemCoreClockUpdate                    0x0800289d   Thumb Code   408  system_stm32h7xx_1.o(i.SystemCoreClockUpdate)
    SystemInit                               0x08002a71   Thumb Code   176  system_stm32h7xx_1.o(i.SystemInit)
    UART4_IRQHandler                         0x08002b59   Thumb Code   166  stm32h7xx_it.o(i.UART4_IRQHandler)
    USART1_IRQHandler                        0x08002c21   Thumb Code    74  board.o(i.USART1_IRQHandler)
    UsageFault_Handler                       0x08002c79   Thumb Code     2  stm32h7xx_it.o(i.UsageFault_Handler)
    __rt_ffs                                 0x08002d05   Thumb Code    66  kservice.o(i.__rt_ffs)
    at24cxx_delay                            0x08002e93   Thumb Code    18  dev_i2c_s.o(i.at24cxx_delay)
    at24cxx_read_byte                        0x08002ea5   Thumb Code   112  dev_i2c_s.o(i.at24cxx_read_byte)
    at24cxx_write_byte                       0x08002f15   Thumb Code    42  dev_i2c_s.o(i.at24cxx_write_byte)
    at24cxx_write_one_byte                   0x08002f3f   Thumb Code    92  dev_i2c_s.o(i.at24cxx_write_one_byte)
    bsp_analog_i2c_ack                       0x08002f9d   Thumb Code    40  dev_i2c_s.o(i.bsp_analog_i2c_ack)
    bsp_analog_i2c_init                      0x08002fc9   Thumb Code    78  dev_i2c_s.o(i.bsp_analog_i2c_init)
    bsp_analog_i2c_nack                      0x08003021   Thumb Code    38  dev_i2c_s.o(i.bsp_analog_i2c_nack)
    bsp_analog_i2c_read_byte                 0x0800304d   Thumb Code    68  dev_i2c_s.o(i.bsp_analog_i2c_read_byte)
    bsp_analog_i2c_send_byte                 0x08003095   Thumb Code    78  dev_i2c_s.o(i.bsp_analog_i2c_send_byte)
    bsp_analog_i2c_start                     0x080030e9   Thumb Code    40  dev_i2c_s.o(i.bsp_analog_i2c_start)
    bsp_analog_i2c_stop                      0x08003115   Thumb Code    32  dev_i2c_s.o(i.bsp_analog_i2c_stop)
    bsp_analog_i2c_wait_ack                  0x08003139   Thumb Code    70  dev_i2c_s.o(i.bsp_analog_i2c_wait_ack)
    cmd_free                                 0x08003279   Thumb Code    10  msh.o(i.cmd_free)
    cmd_ps                                   0x08003283   Thumb Code    10  msh.o(i.cmd_ps)
    finsh_get_prompt                         0x0800328d   Thumb Code    86  shell.o(i.finsh_get_prompt)
    finsh_set_prompt_mode                    0x08003305   Thumb Code    18  shell.o(i.finsh_set_prompt_mode)
    finsh_system_function_init               0x0800331d   Thumb Code     8  shell.o(i.finsh_system_function_init)
    finsh_system_init                        0x08003329   Thumb Code    96  shell.o(i.finsh_system_init)
    finsh_thread_entry                       0x080033c1   Thumb Code   640  shell.o(i.finsh_thread_entry)
    hello                                    0x080036e5   Thumb Code    12  cmd.o(i.hello)
    list                                     0x08003705   Thumb Code    54  cmd.o(i.list)
    list_mailbox                             0x08003809   Thumb Code   254  cmd.o(i.list_mailbox)
    list_mem                                 0x08003985   Thumb Code    32  mem.o(i.list_mem)
    list_sem                                 0x080039f1   Thumb Code   246  cmd.o(i.list_sem)
    list_thread                              0x08003b4d   Thumb Code   290  cmd.o(i.list_thread)
    list_timer                               0x08003d31   Thumb Code   184  cmd.o(i.list_timer)
    $Super$$main                             0x08003e8d   Thumb Code   164  main.o(i.main)
    main_thread_entry                        0x08003f95   Thumb Code    14  components.o(i.main_thread_entry)
    msh_auto_complete                        0x08004089   Thumb Code   148  msh.o(i.msh_auto_complete)
    msh_exec                                 0x08004131   Thumb Code    76  msh.o(i.msh_exec)
    msh_help                                 0x080041f1   Thumb Code    62  msh.o(i.msh_help)
    msh_is_used                              0x0800426d   Thumb Code     4  msh.o(i.msh_is_used)
    rt_application_init                      0x08004525   Thumb Code    38  components.o(i.rt_application_init)
    rt_calloc                                0x08004559   Thumb Code    30  mem.o(i.rt_calloc)
    rt_components_board_init                 0x08004579   Thumb Code    22  components.o(i.rt_components_board_init)
    rt_components_init                       0x08004599   Thumb Code    22  components.o(i.rt_components_init)
    rt_enter_critical                        0x080045b9   Thumb Code    22  scheduler.o(i.rt_enter_critical)
    rt_exit_critical                         0x080045d5   Thumb Code    52  scheduler.o(i.rt_exit_critical)
    rt_free                                  0x0800460d   Thumb Code   114  mem.o(i.rt_free)
    rt_heap_begin_get                        0x080046d5   Thumb Code     4  board.o(i.rt_heap_begin_get)
    rt_heap_end_get                          0x080046dd   Thumb Code     4  board.o(i.rt_heap_end_get)
    rt_hw_board_init                         0x080046e5   Thumb Code   262  board.o(i.rt_hw_board_init)
    rt_hw_console_getchar                    0x08004815   Thumb Code    46  board.o(i.rt_hw_console_getchar)
    rt_hw_console_output                     0x0800484d   Thumb Code    62  board.o(i.rt_hw_console_output)
    rt_hw_hard_fault_exception               0x08004891   Thumb Code   206  cpuport.o(i.rt_hw_hard_fault_exception)
    rt_hw_stack_init                         0x08004ab1   Thumb Code    62  cpuport.o(i.rt_hw_stack_init)
    rt_interrupt_enter                       0x08004af5   Thumb Code    22  irq.o(i.rt_interrupt_enter)
    rt_interrupt_leave                       0x08004b11   Thumb Code    22  irq.o(i.rt_interrupt_leave)
    rt_kprintf                               0x08004b9d   Thumb Code    30  kservice.o(i.rt_kprintf)
    rt_malloc                                0x08004bc1   Thumb Code   264  mem.o(i.rt_malloc)
    rt_memmove                               0x08004cd1   Thumb Code    54  kservice.o(i.rt_memmove)
    rt_memset                                0x08004d07   Thumb Code    86  kservice.o(i.rt_memset)
    rt_object_allocate                       0x08004d5d   Thumb Code    90  object.o(i.rt_object_allocate)
    rt_object_delete                         0x08004db7   Thumb Code    46  object.o(i.rt_object_delete)
    rt_object_detach                         0x08004de5   Thumb Code    44  object.o(i.rt_object_detach)
    rt_object_get_information                0x08004e11   Thumb Code    30  object.o(i.rt_object_get_information)
    rt_object_init                           0x08004e35   Thumb Code    90  object.o(i.rt_object_init)
    rt_object_is_systemobject                0x08004e8f   Thumb Code    16  object.o(i.rt_object_is_systemobject)
    rt_ringbuffer_data_len                   0x08004e9f   Thumb Code    58  ringbuffer.o(i.rt_ringbuffer_data_len)
    rt_ringbuffer_getchar                    0x08004ed9   Thumb Code    70  ringbuffer.o(i.rt_ringbuffer_getchar)
    rt_ringbuffer_init                       0x08004f1f   Thumb Code    38  ringbuffer.o(i.rt_ringbuffer_init)
    rt_ringbuffer_putchar                    0x08004f45   Thumb Code    74  ringbuffer.o(i.rt_ringbuffer_putchar)
    rt_schedule                              0x08004f91   Thumb Code    88  scheduler.o(i.rt_schedule)
    rt_schedule_insert_thread                0x08004ff5   Thumb Code    72  scheduler.o(i.rt_schedule_insert_thread)
    rt_schedule_remove_thread                0x08005045   Thumb Code    76  scheduler.o(i.rt_schedule_remove_thread)
    rt_sem_init                              0x08005099   Thumb Code    34  ipc.o(i.rt_sem_init)
    rt_sem_release                           0x080050bb   Thumb Code    88  ipc.o(i.rt_sem_release)
    rt_sem_take                              0x08005113   Thumb Code   114  ipc.o(i.rt_sem_take)
    rt_show_version                          0x08005185   Thumb Code    40  kservice.o(i.rt_show_version)
    rt_strlen                                0x08005235   Thumb Code    16  kservice.o(i.rt_strlen)
    rt_strncpy                               0x08005245   Thumb Code    42  kservice.o(i.rt_strncpy)
    rt_system_heap_init                      0x08005271   Thumb Code   100  mem.o(i.rt_system_heap_init)
    rt_system_scheduler_init                 0x08005321   Thumb Code    48  scheduler.o(i.rt_system_scheduler_init)
    rt_system_scheduler_start                0x0800535d   Thumb Code    32  scheduler.o(i.rt_system_scheduler_start)
    rt_system_timer_init                     0x08005385   Thumb Code    20  timer.o(i.rt_system_timer_init)
    rt_system_timer_thread_init              0x0800539d   Thumb Code     2  timer.o(i.rt_system_timer_thread_init)
    rt_thread_create                         0x0800539f   Thumb Code    90  thread.o(i.rt_thread_create)
    rt_thread_exit                           0x080053f9   Thumb Code    88  thread.o(i.rt_thread_exit)
    rt_thread_idle_excute                    0x08005461   Thumb Code    80  idle.o(i.rt_thread_idle_excute)
    rt_thread_idle_init                      0x080054b5   Thumb Code    46  idle.o(i.rt_thread_idle_init)
    rt_thread_init                           0x080054f9   Thumb Code    50  thread.o(i.rt_thread_init)
    rt_thread_resume                         0x0800552b   Thumb Code    72  thread.o(i.rt_thread_resume)
    rt_thread_self                           0x08005575   Thumb Code     6  thread.o(i.rt_thread_self)
    rt_thread_startup                        0x08005581   Thumb Code    42  thread.o(i.rt_thread_startup)
    rt_thread_suspend                        0x080055ab   Thumb Code    68  thread.o(i.rt_thread_suspend)
    rt_thread_timeout                        0x080055ef   Thumb Code    40  thread.o(i.rt_thread_timeout)
    rt_thread_yield                          0x08005619   Thumb Code    98  thread.o(i.rt_thread_yield)
    rt_tick_get                              0x08005685   Thumb Code     6  clock.o(i.rt_tick_get)
    rt_tick_increase                         0x08005691   Thumb Code    38  clock.o(i.rt_tick_increase)
    rt_timer_check                           0x080056bd   Thumb Code   240  timer.o(i.rt_timer_check)
    rt_timer_control                         0x080057b1   Thumb Code    84  timer.o(i.rt_timer_control)
    rt_timer_detach                          0x08005805   Thumb Code    70  timer.o(i.rt_timer_detach)
    rt_timer_init                            0x0800584b   Thumb Code    42  timer.o(i.rt_timer_init)
    rt_timer_start                           0x08005875   Thumb Code   198  timer.o(i.rt_timer_start)
    rt_timer_stop                            0x08005945   Thumb Code    82  timer.o(i.rt_timer_stop)
    rt_vsnprintf                             0x08005999   Thumb Code   802  kservice.o(i.rt_vsnprintf)
    rtthread_startup                         0x08005cd5   Thumb Code    42  components.o(i.rtthread_startup)
    version                                  0x08005e65   Thumb Code    10  cmd.o(i.version)
    _fp_init                                 0x08005e6f   Thumb Code    10  fpinit.o(x$fpl$fpinit)
    __fplib_config_fpu_vfp                   0x08005e77   Thumb Code     0  fpinit.o(x$fpl$fpinit)
    __fplib_config_pureend_doubles           0x08005e77   Thumb Code     0  fpinit.o(x$fpl$fpinit)
    LL_RCC_PrescTable                        0x08005e88   Data          16  stm32h7xx_ll_rcc.o(.constdata)
    D1CorePrescTable                         0x08005ec8   Data          16  system_stm32h7xx_1.o(.constdata)
    __lowest_bit_bitmap                      0x08005ed8   Data         256  kservice.o(.constdata)
    __fsym_list_mem_name                     0x08006040   Data           9  mem.o(.rodata.name)
    __fsym_list_mem_desc                     0x08006049   Data          30  mem.o(.rodata.name)
    __fsym_hello_name                        0x08006067   Data           6  cmd.o(.rodata.name)
    __fsym_hello_desc                        0x0800606d   Data          16  cmd.o(.rodata.name)
    __fsym_version_name                      0x0800607d   Data           8  cmd.o(.rodata.name)
    __fsym_version_desc                      0x08006085   Data          35  cmd.o(.rodata.name)
    __fsym___cmd_version_name                0x080060a8   Data          14  cmd.o(.rodata.name)
    __fsym___cmd_version_desc                0x080060b6   Data          35  cmd.o(.rodata.name)
    __fsym_list_thread_name                  0x080060d9   Data          12  cmd.o(.rodata.name)
    __fsym_list_thread_desc                  0x080060e5   Data          12  cmd.o(.rodata.name)
    __fsym___cmd_list_thread_name            0x080060f1   Data          18  cmd.o(.rodata.name)
    __fsym___cmd_list_thread_desc            0x08006103   Data          12  cmd.o(.rodata.name)
    __fsym_list_sem_name                     0x0800610f   Data           9  cmd.o(.rodata.name)
    __fsym_list_sem_desc                     0x08006118   Data          25  cmd.o(.rodata.name)
    __fsym___cmd_list_sem_name               0x08006131   Data          15  cmd.o(.rodata.name)
    __fsym___cmd_list_sem_desc               0x08006140   Data          25  cmd.o(.rodata.name)
    __fsym_list_mailbox_name                 0x08006159   Data          13  cmd.o(.rodata.name)
    __fsym_list_mailbox_desc                 0x08006166   Data          24  cmd.o(.rodata.name)
    __fsym___cmd_list_mailbox_name           0x0800617e   Data          19  cmd.o(.rodata.name)
    __fsym___cmd_list_mailbox_desc           0x08006191   Data          24  cmd.o(.rodata.name)
    __fsym_list_timer_name                   0x080061a9   Data          11  cmd.o(.rodata.name)
    __fsym_list_timer_desc                   0x080061b4   Data          21  cmd.o(.rodata.name)
    __fsym___cmd_list_timer_name             0x080061c9   Data          17  cmd.o(.rodata.name)
    __fsym___cmd_list_timer_desc             0x080061da   Data          21  cmd.o(.rodata.name)
    __fsym_list_name                         0x080061ef   Data           5  cmd.o(.rodata.name)
    __fsym_list_desc                         0x080061f4   Data          26  cmd.o(.rodata.name)
    __fsym___cmd_help_name                   0x0800620e   Data          11  msh.o(.rodata.name)
    __fsym___cmd_help_desc                   0x08006219   Data          22  msh.o(.rodata.name)
    __fsym___cmd_ps_name                     0x0800622f   Data           9  msh.o(.rodata.name)
    __fsym___cmd_ps_desc                     0x08006238   Data          28  msh.o(.rodata.name)
    __fsym___cmd_free_name                   0x08006254   Data          11  msh.o(.rodata.name)
    __fsym___cmd_free_desc                   0x0800625f   Data          37  msh.o(.rodata.name)
    __rt_init_rti_start                      0x08006284   Data           4  components.o(.rti_fn.0)
    __rt_init_rti_board_start                0x08006288   Data           4  components.o(.rti_fn.0.end)
    __rt_init_uart_init                      0x0800628c   Data           4  board.o(.rti_fn.1)
    __rt_init_rti_board_end                  0x08006290   Data           4  components.o(.rti_fn.1.end)
    __rt_init_finsh_system_init              0x08006294   Data           4  shell.o(.rti_fn.6)
    __rt_init_rti_end                        0x08006298   Data           4  components.o(.rti_fn.6.end)
    FSymTab$$Base                            0x0800629c   Number         0  mem.o(FSymTab)
    __fsym_list_mem                          0x0800629c   Data          12  mem.o(FSymTab)
    __fsym_hello                             0x080062a8   Data          12  cmd.o(FSymTab)
    __fsym_version                           0x080062b4   Data          12  cmd.o(FSymTab)
    __fsym___cmd_version                     0x080062c0   Data          12  cmd.o(FSymTab)
    __fsym_list_thread                       0x080062cc   Data          12  cmd.o(FSymTab)
    __fsym___cmd_list_thread                 0x080062d8   Data          12  cmd.o(FSymTab)
    __fsym_list_sem                          0x080062e4   Data          12  cmd.o(FSymTab)
    __fsym___cmd_list_sem                    0x080062f0   Data          12  cmd.o(FSymTab)
    __fsym_list_mailbox                      0x080062fc   Data          12  cmd.o(FSymTab)
    __fsym___cmd_list_mailbox                0x08006308   Data          12  cmd.o(FSymTab)
    __fsym_list_timer                        0x08006314   Data          12  cmd.o(FSymTab)
    __fsym___cmd_list_timer                  0x08006320   Data          12  cmd.o(FSymTab)
    __fsym_list                              0x0800632c   Data          12  cmd.o(FSymTab)
    __fsym___cmd_help                        0x08006338   Data          12  msh.o(FSymTab)
    __fsym___cmd_ps                          0x08006344   Data          12  msh.o(FSymTab)
    __fsym___cmd_free                        0x08006350   Data          12  msh.o(FSymTab)
    FSymTab$$Limit                           0x0800635c   Number         0  msh.o(FSymTab)
    Region$$Table$$Base                      0x0800635c   Number         0  anon$$obj.o(Region$$Table)
    Region$$Table$$Limit                     0x0800637c   Number         0  anon$$obj.o(Region$$Table)
    flag                                     0x24000014   Data           1  main.o(.data)
    uwTickFreq                               0x24000020   Data           1  stm32h7xx_hal.o(.data)
    uwTickPrio                               0x24000024   Data           4  stm32h7xx_hal.o(.data)
    uwTick                                   0x24000028   Data           4  stm32h7xx_hal.o(.data)
    SystemCoreClock                          0x2400002c   Data           4  system_stm32h7xx_1.o(.data)
    SystemD2Clock                            0x24000030   Data           4  system_stm32h7xx_1.o(.data)
    rt_interrupt_nest                        0x24000038   Data           1  irq.o(.data)
    rt_current_priority                      0x24000094   Data           1  scheduler.o(.data)
    rt_current_thread                        0x24000098   Data           4  scheduler.o(.data)
    rt_thread_ready_priority_group           0x2400009c   Data           4  scheduler.o(.data)
    rt_thread_defunct                        0x240000a0   Data           8  scheduler.o(.data)
    rt_interrupt_from_thread                 0x240000b8   Data           4  cpuport.o(.data)
    rt_interrupt_to_thread                   0x240000bc   Data           4  cpuport.o(.data)
    rt_thread_switch_interrupt_flag          0x240000c0   Data           4  cpuport.o(.data)
    _syscall_table_begin                     0x240000c4   Data           4  shell.o(.data)
    _syscall_table_end                       0x240000c8   Data           4  shell.o(.data)
    _sysvar_table_begin                      0x240000cc   Data           4  shell.o(.data)
    _sysvar_table_end                        0x240000d0   Data           4  shell.o(.data)
    shell                                    0x240000d8   Data           4  shell.o(.data)
    usart4                                   0x240000dc   Data        4100  main.o(.bss)
    hnand1                                   0x240010f0   Data          64  fmc.o(.bss)
    hsdram1                                  0x24001130   Data          52  fmc.o(.bss)
    rt_thread_priority_table                 0x240013fc   Data         256  scheduler.o(.bss)
    uart_rx_buf                              0x240014fc   Data          16  board.o(.bss)
    uart_rxcb                                0x2400150c   Data          12  board.o(.bss)
    __libspace_start                         0x2400523c   Data          96  libspace.o(.bss)
    __temporary_stack_top$libspace           0x2400529c   Data           0  libspace.o(.bss)



==============================================================================

Memory Map of the image

  Image Entry point : 0x08000299

  Load Region LR_IROM1 (Base: 0x08000000, Size: 0x00006458, Max: 0x00020000, ABSOLUTE)

    Execution Region ER_IROM1 (Exec base: 0x08000000, Load base: 0x08000000, Size: 0x0000637c, Max: 0x00020000, ABSOLUTE)

    Exec Addr    Load Addr    Size         Type   Attr      Idx    E Section Name        Object

    0x08000000   0x08000000   0x00000298   Data   RO            3    RESET               startup_stm32h750xx.o
    0x08000298   0x08000298   0x00000008   Code   RO         6522  * !!!main             c_w.l(__main.o)
    0x080002a0   0x080002a0   0x00000034   Code   RO         6681    !!!scatter          c_w.l(__scatter.o)
    0x080002d4   0x080002d4   0x0000001a   Code   RO         6683    !!handler_copy      c_w.l(__scatter_copy.o)
    0x080002ee   0x080002ee   0x00000002   PAD
    0x080002f0   0x080002f0   0x0000001c   Code   RO         6685    !!handler_zi        c_w.l(__scatter_zi.o)
    0x0800030c   0x0800030c   0x00000002   Code   RO         6549    .ARM.Collect$$libinit$$00000000  c_w.l(libinit.o)
    0x0800030e   0x0800030e   0x00000004   Code   RO         6555    .ARM.Collect$$libinit$$00000001  c_w.l(libinit2.o)
    0x08000312   0x08000312   0x00000000   Code   RO         6558    .ARM.Collect$$libinit$$00000004  c_w.l(libinit2.o)
    0x08000312   0x08000312   0x00000000   Code   RO         6561    .ARM.Collect$$libinit$$0000000A  c_w.l(libinit2.o)
    0x08000312   0x08000312   0x00000000   Code   RO         6563    .ARM.Collect$$libinit$$0000000C  c_w.l(libinit2.o)
    0x08000312   0x08000312   0x00000000   Code   RO         6565    .ARM.Collect$$libinit$$0000000E  c_w.l(libinit2.o)
    0x08000312   0x08000312   0x00000000   Code   RO         6568    .ARM.Collect$$libinit$$00000011  c_w.l(libinit2.o)
    0x08000312   0x08000312   0x00000000   Code   RO         6570    .ARM.Collect$$libinit$$00000013  c_w.l(libinit2.o)
    0x08000312   0x08000312   0x00000000   Code   RO         6572    .ARM.Collect$$libinit$$00000015  c_w.l(libinit2.o)
    0x08000312   0x08000312   0x00000000   Code   RO         6574    .ARM.Collect$$libinit$$00000017  c_w.l(libinit2.o)
    0x08000312   0x08000312   0x00000000   Code   RO         6576    .ARM.Collect$$libinit$$00000019  c_w.l(libinit2.o)
    0x08000312   0x08000312   0x00000000   Code   RO         6578    .ARM.Collect$$libinit$$0000001B  c_w.l(libinit2.o)
    0x08000312   0x08000312   0x00000000   Code   RO         6580    .ARM.Collect$$libinit$$0000001D  c_w.l(libinit2.o)
    0x08000312   0x08000312   0x00000000   Code   RO         6582    .ARM.Collect$$libinit$$0000001F  c_w.l(libinit2.o)
    0x08000312   0x08000312   0x00000000   Code   RO         6584    .ARM.Collect$$libinit$$00000021  c_w.l(libinit2.o)
    0x08000312   0x08000312   0x00000000   Code   RO         6586    .ARM.Collect$$libinit$$00000023  c_w.l(libinit2.o)
    0x08000312   0x08000312   0x00000000   Code   RO         6588    .ARM.Collect$$libinit$$00000025  c_w.l(libinit2.o)
    0x08000312   0x08000312   0x00000000   Code   RO         6592    .ARM.Collect$$libinit$$0000002C  c_w.l(libinit2.o)
    0x08000312   0x08000312   0x00000000   Code   RO         6594    .ARM.Collect$$libinit$$0000002E  c_w.l(libinit2.o)
    0x08000312   0x08000312   0x00000000   Code   RO         6596    .ARM.Collect$$libinit$$00000030  c_w.l(libinit2.o)
    0x08000312   0x08000312   0x00000000   Code   RO         6598    .ARM.Collect$$libinit$$00000032  c_w.l(libinit2.o)
    0x08000312   0x08000312   0x00000002   Code   RO         6599    .ARM.Collect$$libinit$$00000033  c_w.l(libinit2.o)
    0x08000314   0x08000314   0x00000002   Code   RO         6619    .ARM.Collect$$libshutdown$$00000000  c_w.l(libshutdown.o)
    0x08000316   0x08000316   0x00000000   Code   RO         6632    .ARM.Collect$$libshutdown$$00000002  c_w.l(libshutdown2.o)
    0x08000316   0x08000316   0x00000000   Code   RO         6634    .ARM.Collect$$libshutdown$$00000004  c_w.l(libshutdown2.o)
    0x08000316   0x08000316   0x00000000   Code   RO         6636    .ARM.Collect$$libshutdown$$00000006  c_w.l(libshutdown2.o)
    0x08000316   0x08000316   0x00000000   Code   RO         6639    .ARM.Collect$$libshutdown$$00000009  c_w.l(libshutdown2.o)
    0x08000316   0x08000316   0x00000000   Code   RO         6642    .ARM.Collect$$libshutdown$$0000000C  c_w.l(libshutdown2.o)
    0x08000316   0x08000316   0x00000000   Code   RO         6644    .ARM.Collect$$libshutdown$$0000000E  c_w.l(libshutdown2.o)
    0x08000316   0x08000316   0x00000000   Code   RO         6647    .ARM.Collect$$libshutdown$$00000011  c_w.l(libshutdown2.o)
    0x08000316   0x08000316   0x00000002   Code   RO         6648    .ARM.Collect$$libshutdown$$00000012  c_w.l(libshutdown2.o)
    0x08000318   0x08000318   0x00000000   Code   RO         6524    .ARM.Collect$$rtentry$$00000000  c_w.l(__rtentry.o)
    0x08000318   0x08000318   0x00000000   Code   RO         6526    .ARM.Collect$$rtentry$$00000002  c_w.l(__rtentry2.o)
    0x08000318   0x08000318   0x00000006   Code   RO         6538    .ARM.Collect$$rtentry$$00000004  c_w.l(__rtentry4.o)
    0x0800031e   0x0800031e   0x00000000   Code   RO         6528    .ARM.Collect$$rtentry$$00000009  c_w.l(__rtentry2.o)
    0x0800031e   0x0800031e   0x00000004   Code   RO         6529    .ARM.Collect$$rtentry$$0000000A  c_w.l(__rtentry2.o)
    0x08000322   0x08000322   0x00000000   Code   RO         6531    .ARM.Collect$$rtentry$$0000000C  c_w.l(__rtentry2.o)
    0x08000322   0x08000322   0x00000008   Code   RO         6532    .ARM.Collect$$rtentry$$0000000D  c_w.l(__rtentry2.o)
    0x0800032a   0x0800032a   0x00000002   Code   RO         6553    .ARM.Collect$$rtexit$$00000000  c_w.l(rtexit.o)
    0x0800032c   0x0800032c   0x00000000   Code   RO         6601    .ARM.Collect$$rtexit$$00000002  c_w.l(rtexit2.o)
    0x0800032c   0x0800032c   0x00000004   Code   RO         6602    .ARM.Collect$$rtexit$$00000003  c_w.l(rtexit2.o)
    0x08000330   0x08000330   0x00000006   Code   RO         6603    .ARM.Collect$$rtexit$$00000004  c_w.l(rtexit2.o)
    0x08000336   0x08000336   0x00000002   PAD
    0x08000338   0x08000338   0x00000040   Code   RO            4    .text               startup_stm32h750xx.o
    0x08000378   0x08000378   0x00000134   Code   RO         5101    .text               context_rvds.o
    0x080004ac   0x080004ac   0x0000003e   Code   RO         6506    .text               c_w.l(strlen.o)
    0x080004ea   0x080004ea   0x00000096   Code   RO         6508    .text               c_w.l(strncmp.o)
    0x08000580   0x08000580   0x00000018   Code   RO         6510    .text               c_w.l(strcat.o)
    0x08000598   0x08000598   0x00000064   Code   RO         6512    .text               c_w.l(rt_memcpy_w.o)
    0x080005fc   0x080005fc   0x00000044   Code   RO         6514    .text               c_w.l(rt_memclr.o)
    0x08000640   0x08000640   0x0000004e   Code   RO         6516    .text               c_w.l(rt_memclr_w.o)
    0x0800068e   0x0800068e   0x00000056   Code   RO         6518    .text               c_w.l(strncpy.o)
    0x080006e4   0x080006e4   0x00000006   Code   RO         6520    .text               c_w.l(heapauxi.o)
    0x080006ea   0x080006ea   0x0000004a   Code   RO         6540    .text               c_w.l(sys_stackheap_outer.o)
    0x08000734   0x08000734   0x00000012   Code   RO         6542    .text               c_w.l(exit.o)
    0x08000746   0x08000746   0x00000002   PAD
    0x08000748   0x08000748   0x00000008   Code   RO         6550    .text               c_w.l(libspace.o)
    0x08000750   0x08000750   0x0000000c   Code   RO         6611    .text               c_w.l(sys_exit.o)
    0x0800075c   0x0800075c   0x00000002   Code   RO         6622    .text               c_w.l(use_no_semi.o)
    0x0800075e   0x0800075e   0x00000000   Code   RO         6624    .text               c_w.l(indicate_semi.o)
    0x0800075e   0x0800075e   0x0000000a   Code   RO         5143    i.$Sub$$main        components.o
    0x08000768   0x08000768   0x0000002c   Code   RO          575    i.BSP_FMC_NAND_EraseChip  nandflash.o
    0x08000794   0x08000794   0x00000002   Code   RO         1183    i.BusFault_Handler  stm32h7xx_it.o
    0x08000796   0x08000796   0x00000002   PAD
    0x08000798   0x08000798   0x00000040   Code   RO         1184    i.DMA1_Stream0_IRQHandler  stm32h7xx_it.o
    0x080007d8   0x080007d8   0x0000002c   Code   RO         1185    i.DMA1_Stream1_IRQHandler  stm32h7xx_it.o
    0x08000804   0x08000804   0x00000040   Code   RO         1186    i.DMA1_Stream2_IRQHandler  stm32h7xx_it.o
    0x08000844   0x08000844   0x0000002c   Code   RO         1187    i.DMA1_Stream3_IRQHandler  stm32h7xx_it.o
    0x08000870   0x08000870   0x00000002   Code   RO         1188    i.DebugMon_Handler  stm32h7xx_it.o
    0x08000872   0x08000872   0x00000004   Code   RO          674    i.Error_Handler     main.o
    0x08000876   0x08000876   0x0000001c   Code   RO         4384    i.FMC_NAND_AttributeSpace_Timing_Init  stm32h7xx_ll_fmc.o
    0x08000892   0x08000892   0x0000001c   Code   RO         4385    i.FMC_NAND_CommonSpace_Timing_Init  stm32h7xx_ll_fmc.o
    0x080008ae   0x080008ae   0x00000002   PAD
    0x080008b0   0x080008b0   0x00000034   Code   RO         4390    i.FMC_NAND_Init     stm32h7xx_ll_fmc.o
    0x080008e4   0x080008e4   0x00000074   Code   RO         4399    i.FMC_SDRAM_Init    stm32h7xx_ll_fmc.o
    0x08000958   0x08000958   0x00000010   Code   RO         4400    i.FMC_SDRAM_ProgramRefreshRate  stm32h7xx_ll_fmc.o
    0x08000968   0x08000968   0x00000022   Code   RO         4401    i.FMC_SDRAM_SendCommand  stm32h7xx_ll_fmc.o
    0x0800098a   0x0800098a   0x00000096   Code   RO         4403    i.FMC_SDRAM_Timing_Init  stm32h7xx_ll_fmc.o
    0x08000a20   0x08000a20   0x000000c4   Code   RO          858    i.HAL_FMC_MspInit   fmc.o
    0x08000ae4   0x08000ae4   0x000001f4   Code   RO         2440    i.HAL_GPIO_Init     stm32h7xx_hal_gpio.o
    0x08000cd8   0x08000cd8   0x0000005c   Code   RO         3456    i.HAL_Init          stm32h7xx_hal.o
    0x08000d34   0x08000d34   0x0000004c   Code   RO         3457    i.HAL_InitTick      stm32h7xx_hal.o
    0x08000d80   0x08000d80   0x0000001c   Code   RO         1290    i.HAL_MspInit       stm32h7xx_hal_msp.o
    0x08000d9c   0x08000d9c   0x000000b4   Code   RO         4539    i.HAL_NAND_Erase_Block  stm32h7xx_hal_nand.o
    0x08000e50   0x08000e50   0x00000064   Code   RO         4544    i.HAL_NAND_Init     stm32h7xx_hal_nand.o
    0x08000eb4   0x08000eb4   0x00000004   Code   RO          860    i.HAL_NAND_MspInit  fmc.o
    0x08000eb8   0x08000eb8   0x00000048   Code   RO         4553    i.HAL_NAND_Reset    stm32h7xx_hal_nand.o
    0x08000f00   0x08000f00   0x0000006c   Code   RO         3306    i.HAL_NVIC_SetPriority  stm32h7xx_hal_cortex.o
    0x08000f6c   0x08000f6c   0x00000024   Code   RO         3307    i.HAL_NVIC_SetPriorityGrouping  stm32h7xx_hal_cortex.o
    0x08000f90   0x08000f90   0x000001dc   Code   RO         1897    i.HAL_RCC_GetSysClockFreq  stm32h7xx_hal_rcc.o
    0x0800116c   0x0800116c   0x00000054   Code   RO         4702    i.HAL_SDRAM_Init    stm32h7xx_hal_sdram.o
    0x080011c0   0x080011c0   0x00000004   Code   RO          862    i.HAL_SDRAM_MspInit  fmc.o
    0x080011c4   0x080011c4   0x00000032   Code   RO         4705    i.HAL_SDRAM_ProgramRefreshRate  stm32h7xx_hal_sdram.o
    0x080011f6   0x080011f6   0x00000044   Code   RO         4711    i.HAL_SDRAM_SendCommand  stm32h7xx_hal_sdram.o
    0x0800123a   0x0800123a   0x00000002   PAD
    0x0800123c   0x0800123c   0x00000028   Code   RO         3311    i.HAL_SYSTICK_Config  stm32h7xx_hal_cortex.o
    0x08001264   0x08001264   0x00000018   Code   RO          773    i.LL_AHB4_GRP1_EnableClock  gpio.o
    0x0800127c   0x0800127c   0x00000018   Code   RO          981    i.LL_AHB4_GRP1_EnableClock  spi.o
    0x08001294   0x08001294   0x00000018   Code   RO         1037    i.LL_AHB4_GRP1_EnableClock  usart.o
    0x080012ac   0x080012ac   0x00000018   Code   RO          982    i.LL_APB2_GRP1_EnableClock  spi.o
    0x080012c4   0x080012c4   0x00000014   Code   RO         1038    i.LL_DMA_DisableFifoMode  usart.o
    0x080012d8   0x080012d8   0x00000014   Code   RO         1039    i.LL_DMA_EnableIT_TC  usart.o
    0x080012ec   0x080012ec   0x00000014   Code   RO         1040    i.LL_DMA_EnableStream  usart.o
    0x08001300   0x08001300   0x00000010   Code   RO         1189    i.LL_DMA_IsEnabledIT_HT  stm32h7xx_it.o
    0x08001310   0x08001310   0x00000010   Code   RO         1190    i.LL_DMA_IsEnabledIT_TC  stm32h7xx_it.o
    0x08001320   0x08001320   0x00000014   Code   RO         1041    i.LL_DMA_SetDataTransferDirection  usart.o
    0x08001334   0x08001334   0x00000018   Code   RO         1042    i.LL_DMA_SetFIFOThreshold  usart.o
    0x0800134c   0x0800134c   0x00000014   Code   RO         1043    i.LL_DMA_SetMemoryBurstxfer  usart.o
    0x08001360   0x08001360   0x00000014   Code   RO         1044    i.LL_DMA_SetMemoryIncMode  usart.o
    0x08001374   0x08001374   0x00000014   Code   RO         1045    i.LL_DMA_SetMemorySize  usart.o
    0x08001388   0x08001388   0x00000014   Code   RO         1046    i.LL_DMA_SetMode    usart.o
    0x0800139c   0x0800139c   0x00000014   Code   RO         1047    i.LL_DMA_SetPeriphBurstxfer  usart.o
    0x080013b0   0x080013b0   0x00000014   Code   RO         1048    i.LL_DMA_SetPeriphIncMode  usart.o
    0x080013c4   0x080013c4   0x00000040   Code   RO         1049    i.LL_DMA_SetPeriphRequest  usart.o
    0x08001404   0x08001404   0x00000014   Code   RO         1050    i.LL_DMA_SetPeriphSize  usart.o
    0x08001418   0x08001418   0x00000014   Code   RO         1051    i.LL_DMA_SetStreamPriorityLevel  usart.o
    0x0800142c   0x0800142c   0x000000e8   Code   RO         1569    i.LL_GPIO_Init      stm32h7xx_ll_gpio.o
    0x08001514   0x08001514   0x0000000e   Code   RO         1316    i.LL_GPIO_IsInputPinSet  dev_i2c_s.o
    0x08001522   0x08001522   0x00000002   PAD
    0x08001524   0x08001524   0x0000004c   Code   RO         1610    i.LL_RCC_CalcPLLClockFreq  stm32h7xx_ll_rcc.o
    0x08001570   0x08001570   0x00000068   Code   RO         1614    i.LL_RCC_GetCLKPClockFreq  stm32h7xx_ll_rcc.o
    0x080015d8   0x080015d8   0x00000090   Code   RO         1617    i.LL_RCC_GetFMCClockFreq  stm32h7xx_ll_rcc.o
    0x08001668   0x08001668   0x0000010c   Code   RO         1621    i.LL_RCC_GetPLL1ClockFreq  stm32h7xx_ll_rcc.o
    0x08001774   0x08001774   0x00000110   Code   RO         1622    i.LL_RCC_GetPLL2ClockFreq  stm32h7xx_ll_rcc.o
    0x08001884   0x08001884   0x00000114   Code   RO         1623    i.LL_RCC_GetPLL3ClockFreq  stm32h7xx_ll_rcc.o
    0x08001998   0x08001998   0x00000168   Code   RO         1632    i.LL_RCC_GetUSARTClockFreq  stm32h7xx_ll_rcc.o
    0x08001b00   0x08001b00   0x00000014   Code   RO          675    i.LL_RCC_SetAHBPrescaler  main.o
    0x08001b14   0x08001b14   0x00000024   Code   RO          983    i.LL_RCC_SetSPIClockSource  spi.o
    0x08001b38   0x08001b38   0x00000024   Code   RO         1052    i.LL_RCC_SetUSARTClockSource  usart.o
    0x08001b5c   0x08001b5c   0x000000b4   Code   RO         4914    i.LL_SPI_Init       stm32h7xx_ll_spi.o
    0x08001c10   0x08001c10   0x0000000c   Code   RO         1812    i.LL_SetSystemCoreClock  stm32h7xx_ll_utils.o
    0x08001c1c   0x08001c1c   0x00000164   Code   RO         5014    i.LL_USART_Init     stm32h7xx_ll_usart.o
    0x08001d80   0x08001d80   0x0000001a   Code   RO         1053    i.LL_USART_SetRXFIFOThreshold  usart.o
    0x08001d9a   0x08001d9a   0x00000002   PAD
    0x08001d9c   0x08001d9c   0x00000016   Code   RO         1054    i.LL_USART_SetTXFIFOThreshold  usart.o
    0x08001db2   0x08001db2   0x00000028   Code   RO         1813    i.LL_mDelay         stm32h7xx_ll_utils.o
    0x08001dda   0x08001dda   0x00000002   PAD
    0x08001ddc   0x08001ddc   0x00000084   Code   RO          808    i.MX_DMA_Init       dma.o
    0x08001e60   0x08001e60   0x000000cc   Code   RO          863    i.MX_FMC_Init       fmc.o
    0x08001f2c   0x08001f2c   0x00000064   Code   RO          774    i.MX_GPIO_Init      gpio.o
    0x08001f90   0x08001f90   0x000000d0   Code   RO          984    i.MX_SPI4_Init      spi.o
    0x08002060   0x08002060   0x0000008c   Code   RO          985    i.MX_SPI5_Init      spi.o
    0x080020ec   0x080020ec   0x0000023c   Code   RO         1055    i.MX_UART4_Init     usart.o
    0x08002328   0x08002328   0x000001e0   Code   RO         1056    i.MX_USART1_UART_Init  usart.o
    0x08002508   0x08002508   0x00000028   Code   RO          585    i.NAND_ModeSet      nandflash.o
    0x08002530   0x08002530   0x00000002   Code   RO         1191    i.NMI_Handler       stm32h7xx_it.o
    0x08002532   0x08002532   0x00000032   Code   RO          809    i.NVIC_EncodePriority  dma.o
    0x08002564   0x08002564   0x00000032   Code   RO         1057    i.NVIC_EncodePriority  usart.o
    0x08002596   0x08002596   0x00000002   PAD
    0x08002598   0x08002598   0x0000003c   Code   RO          676    i.PA9_thread_on_entry  main.o
    0x080025d4   0x080025d4   0x0000001c   Code   RO         1634    i.RCC_GetHCLKClockFreq  stm32h7xx_ll_rcc.o
    0x080025f0   0x080025f0   0x00000020   Code   RO         1635    i.RCC_GetPCLK1ClockFreq  stm32h7xx_ll_rcc.o
    0x08002610   0x08002610   0x00000020   Code   RO         1636    i.RCC_GetPCLK2ClockFreq  stm32h7xx_ll_rcc.o
    0x08002630   0x08002630   0x00000068   Code   RO         1639    i.RCC_GetSystemClockFreq  stm32h7xx_ll_rcc.o
    0x08002698   0x08002698   0x00000002   Code   RO          677    i.Rtthread_test_dma  main.o
    0x0800269a   0x0800269a   0x00000002   PAD
    0x0800269c   0x0800269c   0x00000084   Code   RO          864    i.SDRAM_InitSequence  fmc.o
    0x08002720   0x08002720   0x00000002   Code   RO         1192    i.SPI4_IRQHandler   stm32h7xx_it.o
    0x08002722   0x08002722   0x00000012   Code   RO         6147    i.SysTick_Handler   board.o
    0x08002734   0x08002734   0x00000168   Code   RO          678    i.SystemClock_Config  main.o
    0x0800289c   0x0800289c   0x000001d4   Code   RO         5067    i.SystemCoreClockUpdate  system_stm32h7xx_1.o
    0x08002a70   0x08002a70   0x000000e8   Code   RO         5068    i.SystemInit        system_stm32h7xx_1.o
    0x08002b58   0x08002b58   0x000000c8   Code   RO         1193    i.UART4_IRQHandler  stm32h7xx_it.o
    0x08002c20   0x08002c20   0x00000058   Code   RO         6148    i.USART1_IRQHandler  board.o
    0x08002c78   0x08002c78   0x00000002   Code   RO         1194    i.UsageFault_Handler  stm32h7xx_it.o
    0x08002c7a   0x08002c7a   0x0000001a   Code   RO          810    i.__NVIC_EnableIRQ  dma.o
    0x08002c94   0x08002c94   0x0000001a   Code   RO         1058    i.__NVIC_EnableIRQ  usart.o
    0x08002cae   0x08002cae   0x00000002   PAD
    0x08002cb0   0x08002cb0   0x00000010   Code   RO          811    i.__NVIC_GetPriorityGrouping  dma.o
    0x08002cc0   0x08002cc0   0x00000022   Code   RO          812    i.__NVIC_SetPriority  dma.o
    0x08002ce2   0x08002ce2   0x00000022   Code   RO         1059    i.__NVIC_SetPriority  usart.o
    0x08002d04   0x08002d04   0x00000048   Code   RO         5394    i.__rt_ffs          kservice.o
    0x08002d4c   0x08002d4c   0x0000006c   Code   RO         6327    i._msh_exec_cmd     msh.o
    0x08002db8   0x08002db8   0x0000007c   Code   RO         5800    i._rt_thread_init   thread.o
    0x08002e34   0x08002e34   0x00000028   Code   RO         5922    i._rt_timer_init    timer.o
    0x08002e5c   0x08002e5c   0x0000001c   Code   RO         5801    i._thread_cleanup_execute  thread.o
    0x08002e78   0x08002e78   0x0000001a   Code   RO         1317    i.analog_i2c_delay  dev_i2c_s.o
    0x08002e92   0x08002e92   0x00000012   Code   RO         1318    i.at24cxx_delay     dev_i2c_s.o
    0x08002ea4   0x08002ea4   0x00000070   Code   RO         1320    i.at24cxx_read_byte  dev_i2c_s.o
    0x08002f14   0x08002f14   0x0000002a   Code   RO         1321    i.at24cxx_write_byte  dev_i2c_s.o
    0x08002f3e   0x08002f3e   0x0000005c   Code   RO         1322    i.at24cxx_write_one_byte  dev_i2c_s.o
    0x08002f9a   0x08002f9a   0x00000002   PAD
    0x08002f9c   0x08002f9c   0x0000002c   Code   RO         1323    i.bsp_analog_i2c_ack  dev_i2c_s.o
    0x08002fc8   0x08002fc8   0x00000058   Code   RO         1324    i.bsp_analog_i2c_init  dev_i2c_s.o
    0x08003020   0x08003020   0x0000002c   Code   RO         1325    i.bsp_analog_i2c_nack  dev_i2c_s.o
    0x0800304c   0x0800304c   0x00000048   Code   RO         1326    i.bsp_analog_i2c_read_byte  dev_i2c_s.o
    0x08003094   0x08003094   0x00000054   Code   RO         1327    i.bsp_analog_i2c_send_byte  dev_i2c_s.o
    0x080030e8   0x080030e8   0x0000002c   Code   RO         1328    i.bsp_analog_i2c_start  dev_i2c_s.o
    0x08003114   0x08003114   0x00000024   Code   RO         1329    i.bsp_analog_i2c_stop  dev_i2c_s.o
    0x08003138   0x08003138   0x0000004c   Code   RO         1330    i.bsp_analog_i2c_wait_ack  dev_i2c_s.o
    0x08003184   0x08003184   0x000000f4   Code   RO         6009    i.bus_fault_track   cpuport.o
    0x08003278   0x08003278   0x0000000a   Code   RO         6328    i.cmd_free          msh.o
    0x08003282   0x08003282   0x0000000a   Code   RO         6329    i.cmd_ps            msh.o
    0x0800328c   0x0800328c   0x00000074   Code   RO         6405    i.finsh_get_prompt  shell.o
    0x08003300   0x08003300   0x00000004   Code   RO         6407    i.finsh_getchar     shell.o
    0x08003304   0x08003304   0x00000018   Code   RO         6410    i.finsh_set_prompt_mode  shell.o
    0x0800331c   0x0800331c   0x0000000c   Code   RO         6411    i.finsh_system_function_init  shell.o
    0x08003328   0x08003328   0x00000098   Code   RO         6412    i.finsh_system_init  shell.o
    0x080033c0   0x080033c0   0x000002a0   Code   RO         6414    i.finsh_thread_entry  shell.o
    0x08003660   0x08003660   0x00000084   Code   RO         6010    i.hard_fault_track  cpuport.o
    0x080036e4   0x080036e4   0x00000020   Code   RO         6223    i.hello             cmd.o
    0x08003704   0x08003704   0x00000068   Code   RO         6224    i.list              cmd.o
    0x0800376c   0x0800376c   0x00000024   Code   RO         6225    i.list_find_init    cmd.o
    0x08003790   0x08003790   0x00000076   Code   RO         6226    i.list_get_next     cmd.o
    0x08003806   0x08003806   0x00000002   PAD
    0x08003808   0x08003808   0x0000017c   Code   RO         6227    i.list_mailbox      cmd.o
    0x08003984   0x08003984   0x0000006c   Code   RO         5566    i.list_mem          mem.o
    0x080039f0   0x080039f0   0x0000015c   Code   RO         6228    i.list_sem          cmd.o
    0x08003b4c   0x08003b4c   0x000001e4   Code   RO         6229    i.list_thread       cmd.o
    0x08003d30   0x08003d30   0x0000015c   Code   RO         6230    i.list_timer        cmd.o
    0x08003e8c   0x08003e8c   0x00000108   Code   RO          679    i.main              main.o
    0x08003f94   0x08003f94   0x0000000e   Code   RO         5144    i.main_thread_entry  components.o
    0x08003fa2   0x08003fa2   0x00000002   PAD
    0x08003fa4   0x08003fa4   0x000000e4   Code   RO         6011    i.mem_manage_fault_track  cpuport.o
    0x08004088   0x08004088   0x000000a8   Code   RO         6330    i.msh_auto_complete  msh.o
    0x08004130   0x08004130   0x00000064   Code   RO         6331    i.msh_exec          msh.o
    0x08004194   0x08004194   0x0000005c   Code   RO         6332    i.msh_get_cmd       msh.o
    0x080041f0   0x080041f0   0x0000007c   Code   RO         6333    i.msh_help          msh.o
    0x0800426c   0x0800426c   0x00000004   Code   RO         6334    i.msh_is_used       msh.o
    0x08004270   0x08004270   0x000000d8   Code   RO         6335    i.msh_split         msh.o
    0x08004348   0x08004348   0x0000006c   Code   RO         5567    i.plug_holes        mem.o
    0x080043b4   0x080043b4   0x00000170   Code   RO         5396    i.print_number      kservice.o
    0x08004524   0x08004524   0x00000034   Code   RO         5145    i.rt_application_init  components.o
    0x08004558   0x08004558   0x0000001e   Code   RO         5568    i.rt_calloc         mem.o
    0x08004576   0x08004576   0x00000002   PAD
    0x08004578   0x08004578   0x00000020   Code   RO         5146    i.rt_components_board_init  components.o
    0x08004598   0x08004598   0x00000020   Code   RO         5147    i.rt_components_init  components.o
    0x080045b8   0x080045b8   0x0000001c   Code   RO         5733    i.rt_enter_critical  scheduler.o
    0x080045d4   0x080045d4   0x00000038   Code   RO         5734    i.rt_exit_critical  scheduler.o
    0x0800460c   0x0800460c   0x000000c8   Code   RO         5569    i.rt_free           mem.o
    0x080046d4   0x080046d4   0x00000008   Code   RO         6149    i.rt_heap_begin_get  board.o
    0x080046dc   0x080046dc   0x00000008   Code   RO         6150    i.rt_heap_end_get   board.o
    0x080046e4   0x080046e4   0x00000130   Code   RO         6151    i.rt_hw_board_init  board.o
    0x08004814   0x08004814   0x00000038   Code   RO         6152    i.rt_hw_console_getchar  board.o
    0x0800484c   0x0800484c   0x00000044   Code   RO         6153    i.rt_hw_console_output  board.o
    0x08004890   0x08004890   0x00000220   Code   RO         6015    i.rt_hw_hard_fault_exception  cpuport.o
    0x08004ab0   0x08004ab0   0x00000044   Code   RO         6016    i.rt_hw_stack_init  cpuport.o
    0x08004af4   0x08004af4   0x0000001c   Code   RO         5367    i.rt_interrupt_enter  irq.o
    0x08004b10   0x08004b10   0x0000001c   Code   RO         5369    i.rt_interrupt_leave  irq.o
    0x08004b2c   0x08004b2c   0x00000070   Code   RO         5253    i.rt_ipc_list_suspend  ipc.o
    0x08004b9c   0x08004b9c   0x00000024   Code   RO         5400    i.rt_kprintf        kservice.o
    0x08004bc0   0x08004bc0   0x00000110   Code   RO         5570    i.rt_malloc         mem.o
    0x08004cd0   0x08004cd0   0x00000036   Code   RO         5405    i.rt_memmove        kservice.o
    0x08004d06   0x08004d06   0x00000056   Code   RO         5406    i.rt_memset         kservice.o
    0x08004d5c   0x08004d5c   0x0000005a   Code   RO         5655    i.rt_object_allocate  object.o
    0x08004db6   0x08004db6   0x0000002e   Code   RO         5656    i.rt_object_delete  object.o
    0x08004de4   0x08004de4   0x0000002c   Code   RO         5657    i.rt_object_detach  object.o
    0x08004e10   0x08004e10   0x00000024   Code   RO         5659    i.rt_object_get_information  object.o
    0x08004e34   0x08004e34   0x0000005a   Code   RO         5663    i.rt_object_init    object.o
    0x08004e8e   0x08004e8e   0x00000010   Code   RO         5664    i.rt_object_is_systemobject  object.o
    0x08004e9e   0x08004e9e   0x0000003a   Code   RO           13    i.rt_ringbuffer_data_len  ringbuffer.o
    0x08004ed8   0x08004ed8   0x00000046   Code   RO           14    i.rt_ringbuffer_getchar  ringbuffer.o
    0x08004f1e   0x08004f1e   0x00000026   Code   RO           15    i.rt_ringbuffer_init  ringbuffer.o
    0x08004f44   0x08004f44   0x0000004a   Code   RO           16    i.rt_ringbuffer_putchar  ringbuffer.o
    0x08004f8e   0x08004f8e   0x00000002   PAD
    0x08004f90   0x08004f90   0x00000064   Code   RO         5735    i.rt_schedule       scheduler.o
    0x08004ff4   0x08004ff4   0x00000050   Code   RO         5736    i.rt_schedule_insert_thread  scheduler.o
    0x08005044   0x08005044   0x00000054   Code   RO         5737    i.rt_schedule_remove_thread  scheduler.o
    0x08005098   0x08005098   0x00000022   Code   RO         5266    i.rt_sem_init       ipc.o
    0x080050ba   0x080050ba   0x00000058   Code   RO         5267    i.rt_sem_release    ipc.o
    0x08005112   0x08005112   0x00000072   Code   RO         5268    i.rt_sem_take       ipc.o
    0x08005184   0x08005184   0x000000b0   Code   RO         5408    i.rt_show_version   kservice.o
    0x08005234   0x08005234   0x00000010   Code   RO         5414    i.rt_strlen         kservice.o
    0x08005244   0x08005244   0x0000002a   Code   RO         5416    i.rt_strncpy        kservice.o
    0x0800526e   0x0800526e   0x00000002   PAD
    0x08005270   0x08005270   0x000000b0   Code   RO         5573    i.rt_system_heap_init  mem.o
    0x08005320   0x08005320   0x0000003c   Code   RO         5738    i.rt_system_scheduler_init  scheduler.o
    0x0800535c   0x0800535c   0x00000028   Code   RO         5739    i.rt_system_scheduler_start  scheduler.o
    0x08005384   0x08005384   0x00000018   Code   RO         5923    i.rt_system_timer_init  timer.o
    0x0800539c   0x0800539c   0x00000002   Code   RO         5924    i.rt_system_timer_thread_init  timer.o
    0x0800539e   0x0800539e   0x0000005a   Code   RO         5803    i.rt_thread_create  thread.o
    0x080053f8   0x080053f8   0x00000060   Code   RO         5808    i.rt_thread_exit    thread.o
    0x08005458   0x08005458   0x00000006   Code   RO         5217    i.rt_thread_idle_entry  idle.o
    0x0800545e   0x0800545e   0x00000002   PAD
    0x08005460   0x08005460   0x00000054   Code   RO         5218    i.rt_thread_idle_excute  idle.o
    0x080054b4   0x080054b4   0x00000044   Code   RO         5220    i.rt_thread_idle_init  idle.o
    0x080054f8   0x080054f8   0x00000032   Code   RO         5810    i.rt_thread_init    thread.o
    0x0800552a   0x0800552a   0x00000048   Code   RO         5812    i.rt_thread_resume  thread.o
    0x08005572   0x08005572   0x00000002   PAD
    0x08005574   0x08005574   0x0000000c   Code   RO         5813    i.rt_thread_self    thread.o
    0x08005580   0x08005580   0x0000002a   Code   RO         5815    i.rt_thread_startup  thread.o
    0x080055aa   0x080055aa   0x00000044   Code   RO         5816    i.rt_thread_suspend  thread.o
    0x080055ee   0x080055ee   0x00000028   Code   RO         5817    i.rt_thread_timeout  thread.o
    0x08005616   0x08005616   0x00000002   PAD
    0x08005618   0x08005618   0x0000006c   Code   RO         5818    i.rt_thread_yield   thread.o
    0x08005684   0x08005684   0x0000000c   Code   RO         5107    i.rt_tick_get       clock.o
    0x08005690   0x08005690   0x0000002c   Code   RO         5108    i.rt_tick_increase  clock.o
    0x080056bc   0x080056bc   0x000000f4   Code   RO         5925    i.rt_timer_check    timer.o
    0x080057b0   0x080057b0   0x00000054   Code   RO         5926    i.rt_timer_control  timer.o
    0x08005804   0x08005804   0x00000046   Code   RO         5929    i.rt_timer_detach   timer.o
    0x0800584a   0x0800584a   0x0000002a   Code   RO         5930    i.rt_timer_init     timer.o
    0x08005874   0x08005874   0x000000d0   Code   RO         5933    i.rt_timer_start    timer.o
    0x08005944   0x08005944   0x00000052   Code   RO         5934    i.rt_timer_stop     timer.o
    0x08005996   0x08005996   0x00000002   PAD
    0x08005998   0x08005998   0x0000032c   Code   RO         5419    i.rt_vsnprintf      kservice.o
    0x08005cc4   0x08005cc4   0x00000004   Code   RO         5148    i.rti_board_end     components.o
    0x08005cc8   0x08005cc8   0x00000004   Code   RO         5149    i.rti_board_start   components.o
    0x08005ccc   0x08005ccc   0x00000004   Code   RO         5150    i.rti_end           components.o
    0x08005cd0   0x08005cd0   0x00000004   Code   RO         5151    i.rti_start         components.o
    0x08005cd4   0x08005cd4   0x0000002a   Code   RO         5152    i.rtthread_startup  components.o
    0x08005cfe   0x08005cfe   0x00000002   PAD
    0x08005d00   0x08005d00   0x00000038   Code   RO         6415    i.shell_auto_complete  shell.o
    0x08005d38   0x08005d38   0x00000030   Code   RO         6231    i.show_wait_queue   cmd.o
    0x08005d68   0x08005d68   0x0000001e   Code   RO         6336    i.str_common        msh.o
    0x08005d86   0x08005d86   0x00000002   Code   RO         6154    i.uart_init         board.o
    0x08005d88   0x08005d88   0x000000dc   Code   RO         6017    i.usage_fault_track  cpuport.o
    0x08005e64   0x08005e64   0x0000000a   Code   RO         6232    i.version           cmd.o
    0x08005e6e   0x08005e6e   0x0000000a   Code   RO         6609    x$fpl$fpinit        fz_wv.l(fpinit.o)
    0x08005e78   0x08005e78   0x00000008   Data   RO         1060    .constdata          usart.o
    0x08005e80   0x08005e80   0x00000008   Data   RO         1197    .constdata          stm32h7xx_it.o
    0x08005e88   0x08005e88   0x00000010   Data   RO         1640    .constdata          stm32h7xx_ll_rcc.o
    0x08005e98   0x08005e98   0x00000030   Data   RO         5016    .constdata          stm32h7xx_ll_usart.o
    0x08005ec8   0x08005ec8   0x00000010   Data   RO         5069    .constdata          system_stm32h7xx_1.o
    0x08005ed8   0x08005ed8   0x00000122   Data   RO         5422    .constdata          kservice.o
    0x08005ffa   0x08005ffa   0x00000002   PAD
    0x08005ffc   0x08005ffc   0x00000044   Data   RO         6233    .conststring        cmd.o
    0x08006040   0x08006040   0x00000009   Data   RO         5576    .rodata.name        mem.o
    0x08006049   0x08006049   0x0000001e   Data   RO         5577    .rodata.name        mem.o
    0x08006067   0x08006067   0x00000006   Data   RO         6234    .rodata.name        cmd.o
    0x0800606d   0x0800606d   0x00000010   Data   RO         6235    .rodata.name        cmd.o
    0x0800607d   0x0800607d   0x00000008   Data   RO         6236    .rodata.name        cmd.o
    0x08006085   0x08006085   0x00000023   Data   RO         6237    .rodata.name        cmd.o
    0x080060a8   0x080060a8   0x0000000e   Data   RO         6238    .rodata.name        cmd.o
    0x080060b6   0x080060b6   0x00000023   Data   RO         6239    .rodata.name        cmd.o
    0x080060d9   0x080060d9   0x0000000c   Data   RO         6240    .rodata.name        cmd.o
    0x080060e5   0x080060e5   0x0000000c   Data   RO         6241    .rodata.name        cmd.o
    0x080060f1   0x080060f1   0x00000012   Data   RO         6242    .rodata.name        cmd.o
    0x08006103   0x08006103   0x0000000c   Data   RO         6243    .rodata.name        cmd.o
    0x0800610f   0x0800610f   0x00000009   Data   RO         6244    .rodata.name        cmd.o
    0x08006118   0x08006118   0x00000019   Data   RO         6245    .rodata.name        cmd.o
    0x08006131   0x08006131   0x0000000f   Data   RO         6246    .rodata.name        cmd.o
    0x08006140   0x08006140   0x00000019   Data   RO         6247    .rodata.name        cmd.o
    0x08006159   0x08006159   0x0000000d   Data   RO         6248    .rodata.name        cmd.o
    0x08006166   0x08006166   0x00000018   Data   RO         6249    .rodata.name        cmd.o
    0x0800617e   0x0800617e   0x00000013   Data   RO         6250    .rodata.name        cmd.o
    0x08006191   0x08006191   0x00000018   Data   RO         6251    .rodata.name        cmd.o
    0x080061a9   0x080061a9   0x0000000b   Data   RO         6252    .rodata.name        cmd.o
    0x080061b4   0x080061b4   0x00000015   Data   RO         6253    .rodata.name        cmd.o
    0x080061c9   0x080061c9   0x00000011   Data   RO         6254    .rodata.name        cmd.o
    0x080061da   0x080061da   0x00000015   Data   RO         6255    .rodata.name        cmd.o
    0x080061ef   0x080061ef   0x00000005   Data   RO         6256    .rodata.name        cmd.o
    0x080061f4   0x080061f4   0x0000001a   Data   RO         6257    .rodata.name        cmd.o
    0x0800620e   0x0800620e   0x0000000b   Data   RO         6337    .rodata.name        msh.o
    0x08006219   0x08006219   0x00000016   Data   RO         6338    .rodata.name        msh.o
    0x0800622f   0x0800622f   0x00000009   Data   RO         6339    .rodata.name        msh.o
    0x08006238   0x08006238   0x0000001c   Data   RO         6340    .rodata.name        msh.o
    0x08006254   0x08006254   0x0000000b   Data   RO         6341    .rodata.name        msh.o
    0x0800625f   0x0800625f   0x00000025   Data   RO         6342    .rodata.name        msh.o
    0x08006284   0x08006284   0x00000004   Data   RO         5153    .rti_fn.0           components.o
    0x08006288   0x08006288   0x00000004   Data   RO         5154    .rti_fn.0.end       components.o
    0x0800628c   0x0800628c   0x00000004   Data   RO         6156    .rti_fn.1           board.o
    0x08006290   0x08006290   0x00000004   Data   RO         5155    .rti_fn.1.end       components.o
    0x08006294   0x08006294   0x00000004   Data   RO         6418    .rti_fn.6           shell.o
    0x08006298   0x08006298   0x00000004   Data   RO         5156    .rti_fn.6.end       components.o
    0x0800629c   0x0800629c   0x0000000c   Data   RO         5578    FSymTab             mem.o
    0x080062a8   0x080062a8   0x00000090   Data   RO         6258    FSymTab             cmd.o
    0x08006338   0x08006338   0x00000024   Data   RO         6343    FSymTab             msh.o
    0x0800635c   0x0800635c   0x00000020   Data   RO         6679    Region$$Table       anon$$obj.o


    Execution Region RW_IRAM1 (Exec base: 0x20000000, Load base: 0x0800637c, Size: 0x00000000, Max: 0x00020000, ABSOLUTE)

    **** No section assigned to this execution region ****


    Execution Region RW_IRAM2 (Exec base: 0x24000000, Load base: 0x0800637c, Size: 0x000058a0, Max: 0x00080000, ABSOLUTE)

    Exec Addr    Load Addr    Size         Type   Attr      Idx    E Section Name        Object

    0x24000000   0x0800637c   0x00000014   Data   RW          682    .data               main.o
    0x24000014   0x08006390   0x00000001   Data   RW          683    .data               main.o
    0x24000015   0x08006391   0x00000003   PAD
    0x24000018   0x08006394   0x00000008   Data   RW          867    .data               fmc.o
    0x24000020   0x0800639c   0x0000000c   Data   RW         3478    .data               stm32h7xx_hal.o
    0x2400002c   0x080063a8   0x00000008   Data   RW         5070    .data               system_stm32h7xx_1.o
    0x24000034   0x080063b0   0x00000004   Data   RW         5110    .data               clock.o
    0x24000038   0x080063b4   0x00000001   Data   RW         5370    .data               irq.o
    0x24000039   0x080063b5   0x00000003   PAD
    0x2400003c   0x080063b8   0x00000018   Data   RW         5575    .data               mem.o
    0x24000054   0x080063d0   0x00000040   Data   RW         5666    .data               object.o
    0x24000094   0x08006410   0x00000014   Data   RW         5741    .data               scheduler.o
    0x240000a8   0x08006424   0x0000000c   Data   RW         5935    .data               timer.o
    0x240000b4   0x08006430   0x00000004   Data   RW         6018    .data               cpuport.o
    0x240000b8   0x08006434   0x00000004   Data   RW         6019    .data               cpuport.o
    0x240000bc   0x08006438   0x00000004   Data   RW         6020    .data               cpuport.o
    0x240000c0   0x0800643c   0x00000004   Data   RW         6021    .data               cpuport.o
    0x240000c4   0x08006440   0x00000018   Data   RW         6417    .data               shell.o
    0x240000dc        -       0x00001004   Zero   RW          681    .bss                main.o
    0x240010e0        -       0x00000084   Zero   RW          866    .bss                fmc.o
    0x24001164        -       0x00000178   Zero   RW         5221    .bss                idle.o
    0x240012dc        -       0x00000100   Zero   RW         5421    .bss                kservice.o
    0x240013dc        -       0x00000020   Zero   RW         5574    .bss                mem.o
    0x240013fc        -       0x00000100   Zero   RW         5740    .bss                scheduler.o
    0x240014fc        -       0x00003c3c   Zero   RW         6155    .bss                board.o
    0x24005138        -       0x00000101   Zero   RW         6416    .bss                shell.o
    0x24005239   0x08006458   0x00000003   PAD
    0x2400523c        -       0x00000060   Zero   RW         6551    .bss                c_w.l(libspace.o)
    0x2400529c   0x08006458   0x00000004   PAD
    0x240052a0        -       0x00000200   Zero   RW            2    HEAP                startup_stm32h750xx.o
    0x240054a0        -       0x00000400   Zero   RW            1    STACK               startup_stm32h750xx.o


==============================================================================

Image component sizes


      Code (inc. data)   RO Data    RW Data    ZI Data      Debug   Object Name

       552         80          4          0      15420      67077   board.o
         0          0          0          0          0      89407   bsp_uart.o
        56         12          0          4          0       1393   clock.o
      1908        664        635          0          0      16261   cmd.o
       198         34         16          0          0       6924   components.o
       308         26          0          0          0        900   context_rvds.o
      1436        754          0         16          0       7210   cpuport.o
       792         44          0          0          0      15408   dev_i2c_s.o
       258         10          0          0          0      12766   dma.o
       540         44          0          8        132      47718   fmc.o
       124         12          0          0          0      15379   gpio.o
       158         26          0          0        376       5594   idle.o
       348          0          0          0          0       7369   ipc.o
        56         12          0          1          0       1930   irq.o
      1662        172        290          0        256      11093   kservice.o
       710        146          0         21       4100      93573   main.o
       894        250         51         24         32       6115   mem.o
       862        160        154          0          0       9956   msh.o
        84          8          0          0          0       3100   nandflash.o
       322          6          0         64          0       8712   object.o
       240          0          0          0          0    1060275   ringbuffer.o
       448         58          0         20        256       9178   scheduler.o
      1036        142          4         24        257      12160   shell.o
       432         50          0          0          0     108741   spi.o
        64         26        664          0       1536        852   startup_stm32h750xx.o
       168         28          0         12          0      21289   stm32h7xx_hal.o
       184         14          0          0          0      38602   stm32h7xx_hal_cortex.o
       500          8          0          0          0       1808   stm32h7xx_hal_gpio.o
        28          6          0          0          0        954   stm32h7xx_hal_msp.o
       352         20          0          0          0       3136   stm32h7xx_hal_nand.o
       476         48          0          0          0       1498   stm32h7xx_hal_rcc.o
       202          6          0          0          0       3032   stm32h7xx_hal_sdram.o
       458         62          8          0          0      83937   stm32h7xx_it.o
       424          4          0          0          0       6437   stm32h7xx_ll_fmc.o
       232          0          0          0          0       7603   stm32h7xx_ll_gpio.o
      1696        218         16          0          0      57990   stm32h7xx_ll_rcc.o
       180          6          0          0          0      36834   stm32h7xx_ll_spi.o
       356         16         48          0          0      27544   stm32h7xx_ll_usart.o
        52          6          0          0          0       8276   stm32h7xx_ll_utils.o
       700        116         16          8          0       2694   system_stm32h7xx_1.o
       730         34          0          0          0      12091   thread.o
       796         24          0         12          0      11960   timer.o
      1598        128          8          0          0      64174   usart.o

    ----------------------------------------------------------------------
     22660       3480       1948        220      22368    2008950   Object Totals
         0          0         32          0          0          0   (incl. Generated)
        40          0          2          6          3          0   (incl. Padding)

    ----------------------------------------------------------------------

      Code (inc. data)   RO Data    RW Data    ZI Data      Debug   Library Member Name

         8          0          0          0          0         68   __main.o
         0          0          0          0          0          0   __rtentry.o
        12          0          0          0          0          0   __rtentry2.o
         6          0          0          0          0          0   __rtentry4.o
        52          8          0          0          0          0   __scatter.o
        26          0          0          0          0          0   __scatter_copy.o
        28          0          0          0          0          0   __scatter_zi.o
        18          0          0          0          0         80   exit.o
         6          0          0          0          0        152   heapauxi.o
         0          0          0          0          0          0   indicate_semi.o
         2          0          0          0          0          0   libinit.o
         6          0          0          0          0          0   libinit2.o
         2          0          0          0          0          0   libshutdown.o
         2          0          0          0          0          0   libshutdown2.o
         8          4          0          0         96         68   libspace.o
        68          0          0          0          0         68   rt_memclr.o
        78          0          0          0          0         80   rt_memclr_w.o
       100          0          0          0          0         80   rt_memcpy_w.o
         2          0          0          0          0          0   rtexit.o
        10          0          0          0          0          0   rtexit2.o
        24          0          0          0          0         68   strcat.o
        62          0          0          0          0         76   strlen.o
       150          0          0          0          0         80   strncmp.o
        86          0          0          0          0         76   strncpy.o
        12          4          0          0          0         68   sys_exit.o
        74          0          0          0          0         80   sys_stackheap_outer.o
         2          0          0          0          0         68   use_no_semi.o
        10          0          0          0          0        116   fpinit.o

    ----------------------------------------------------------------------
       860         16          0          0        100       1228   Library Totals
         6          0          0          0          4          0   (incl. Padding)

    ----------------------------------------------------------------------

      Code (inc. data)   RO Data    RW Data    ZI Data      Debug   Library Name

       844         16          0          0         96       1112   c_w.l
        10          0          0          0          0        116   fz_wv.l

    ----------------------------------------------------------------------
       860         16          0          0        100       1228   Library Totals

    ----------------------------------------------------------------------

==============================================================================


      Code (inc. data)   RO Data    RW Data    ZI Data      Debug   

     23520       3496       1948        220      22468    1987958   Grand Totals
     23520       3496       1948        220      22468    1987958   ELF Image Totals
     23520       3496       1948        220          0          0   ROM Totals

==============================================================================

    Total RO  Size (Code + RO Data)                25468 (  24.87kB)
    Total RW  Size (RW Data + ZI Data)             22688 (  22.16kB)
    Total ROM Size (Code + RO Data + RW Data)      25688 (  25.09kB)

==============================================================================

