Component: ARM Compiler 5.06 update 7 (build 960) Tool: armlink [4d3601]

==============================================================================

Section Cross References

    startup_stm32h750xx.o(STACK) refers (Special) to heapauxi.o(.text) for __use_two_region_memory
    startup_stm32h750xx.o(HEAP) refers (Special) to heapauxi.o(.text) for __use_two_region_memory
    startup_stm32h750xx.o(RESET) refers (Special) to heapauxi.o(.text) for __use_two_region_memory
    startup_stm32h750xx.o(RESET) refers to startup_stm32h750xx.o(STACK) for __initial_sp
    startup_stm32h750xx.o(RESET) refers to startup_stm32h750xx.o(.text) for Reset_Handler
    startup_stm32h750xx.o(RESET) refers to stm32h7xx_it.o(i.NMI_Handler) for NMI_Handler
    startup_stm32h750xx.o(RESET) refers to context_rvds.o(.text) for HardFault_Handler
    startup_stm32h750xx.o(RESET) refers to stm32h7xx_it.o(i.BusFault_Handler) for BusFault_Handler
    startup_stm32h750xx.o(RESET) refers to stm32h7xx_it.o(i.UsageFault_Handler) for UsageFault_Handler
    startup_stm32h750xx.o(RESET) refers to stm32h7xx_it.o(i.DebugMon_Handler) for DebugMon_Handler
    startup_stm32h750xx.o(RESET) refers to board.o(i.SysTick_Handler) for SysTick_Handler
    startup_stm32h750xx.o(RESET) refers to stm32h7xx_it.o(i.DMA1_Stream0_IRQHandler) for DMA1_Stream0_IRQHandler
    startup_stm32h750xx.o(RESET) refers to stm32h7xx_it.o(i.DMA1_Stream1_IRQHandler) for DMA1_Stream1_IRQHandler
    startup_stm32h750xx.o(RESET) refers to stm32h7xx_it.o(i.DMA1_Stream2_IRQHandler) for DMA1_Stream2_IRQHandler
    startup_stm32h750xx.o(RESET) refers to stm32h7xx_it.o(i.DMA1_Stream3_IRQHandler) for DMA1_Stream3_IRQHandler
    startup_stm32h750xx.o(RESET) refers to board.o(i.USART1_IRQHandler) for USART1_IRQHandler
    startup_stm32h750xx.o(RESET) refers to stm32h7xx_it.o(i.UART4_IRQHandler) for UART4_IRQHandler
    startup_stm32h750xx.o(RESET) refers to stm32h7xx_it.o(i.SPI4_IRQHandler) for SPI4_IRQHandler
    startup_stm32h750xx.o(.text) refers (Special) to heapauxi.o(.text) for __use_two_region_memory
    startup_stm32h750xx.o(.text) refers to system_stm32h7xx.o(i.SystemInit) for SystemInit
    startup_stm32h750xx.o(.text) refers to __main.o(!!!main) for __main
    startup_stm32h750xx.o(.text) refers to startup_stm32h750xx.o(HEAP) for Heap_Mem
    startup_stm32h750xx.o(.text) refers to startup_stm32h750xx.o(STACK) for Stack_Mem
    ringbuffer.o(i.rt_ringbuffer_getchar) refers to ringbuffer.o(i.rt_ringbuffer_data_len) for rt_ringbuffer_data_len
    ringbuffer.o(i.rt_ringbuffer_putchar) refers to ringbuffer.o(i.rt_ringbuffer_data_len) for rt_ringbuffer_data_len
    bsp_uart.o(i.LL_DMA_DisableFifoMode) refers to bsp_uart.o(.constdata) for .constdata
    bsp_uart.o(i.LL_DMA_EnableIT_TC) refers to bsp_uart.o(.constdata) for .constdata
    bsp_uart.o(i.LL_DMA_EnableStream) refers to bsp_uart.o(.constdata) for .constdata
    bsp_uart.o(i.LL_DMA_SetDataLength) refers to bsp_uart.o(.constdata) for .constdata
    bsp_uart.o(i.LL_DMA_SetDataTransferDirection) refers to bsp_uart.o(.constdata) for .constdata
    bsp_uart.o(i.LL_DMA_SetMemoryIncMode) refers to bsp_uart.o(.constdata) for .constdata
    bsp_uart.o(i.LL_DMA_SetMemorySize) refers to bsp_uart.o(.constdata) for .constdata
    bsp_uart.o(i.LL_DMA_SetMode) refers to bsp_uart.o(.constdata) for .constdata
    bsp_uart.o(i.LL_DMA_SetPeriphIncMode) refers to bsp_uart.o(.constdata) for .constdata
    bsp_uart.o(i.LL_DMA_SetPeriphSize) refers to bsp_uart.o(.constdata) for .constdata
    bsp_uart.o(i.LL_DMA_SetStreamPriorityLevel) refers to bsp_uart.o(.constdata) for .constdata
    bsp_uart.o(i.bsp_usart1_dmarx_config) refers to stm32h7xx_ll_dma.o(i.LL_DMA_DeInit) for LL_DMA_DeInit
    bsp_uart.o(i.bsp_usart1_dmarx_config) refers to bsp_uart.o(i.LL_DMA_SetPeriphRequest) for LL_DMA_SetPeriphRequest
    bsp_uart.o(i.bsp_usart1_dmarx_config) refers to bsp_uart.o(i.LL_DMA_SetDataTransferDirection) for LL_DMA_SetDataTransferDirection
    bsp_uart.o(i.bsp_usart1_dmarx_config) refers to bsp_uart.o(i.LL_DMA_SetStreamPriorityLevel) for LL_DMA_SetStreamPriorityLevel
    bsp_uart.o(i.bsp_usart1_dmarx_config) refers to bsp_uart.o(i.LL_DMA_SetMode) for LL_DMA_SetMode
    bsp_uart.o(i.bsp_usart1_dmarx_config) refers to bsp_uart.o(i.LL_DMA_SetPeriphIncMode) for LL_DMA_SetPeriphIncMode
    bsp_uart.o(i.bsp_usart1_dmarx_config) refers to bsp_uart.o(i.LL_DMA_SetMemoryIncMode) for LL_DMA_SetMemoryIncMode
    bsp_uart.o(i.bsp_usart1_dmarx_config) refers to bsp_uart.o(i.LL_DMA_SetPeriphSize) for LL_DMA_SetPeriphSize
    bsp_uart.o(i.bsp_usart1_dmarx_config) refers to bsp_uart.o(i.LL_DMA_SetMemorySize) for LL_DMA_SetMemorySize
    bsp_uart.o(i.bsp_usart1_dmarx_config) refers to bsp_uart.o(i.LL_DMA_DisableFifoMode) for LL_DMA_DisableFifoMode
    bsp_uart.o(i.bsp_usart1_dmarx_config) refers to bsp_uart.o(i.LL_USART_DMA_GetRegAddr) for LL_USART_DMA_GetRegAddr
[...]
    DFSDM1_FLT1_IRQHandler                   0x08000353   Thumb Code     0  startup_stm32h750xx.o(.text)
    DFSDM1_FLT2_IRQHandler                   0x08000353   Thumb Code     0  startup_stm32h750xx.o(.text)
    DFSDM1_FLT3_IRQHandler                   0x08000353   Thumb Code     0  startup_stm32h750xx.o(.text)
    DMA1_Stream4_IRQHandler                  0x08000353   Thumb Code     0  startup_stm32h750xx.o(.text)
    DMA1_Stream5_IRQHandler                  0x08000353   Thumb Code     0  startup_stm32h750xx.o(.text)
    DMA1_Stream6_IRQHandler                  0x08000353   Thumb Code     0  startup_stm32h750xx.o(.text)
    DMA1_Stream7_IRQHandler                  0x08000353   Thumb Code     0  startup_stm32h750xx.o(.text)
    DMA2D_IRQHandler                         0x08000353   Thumb Code     0  startup_stm32h750xx.o(.text)
    DMA2_Stream0_IRQHandler                  0x08000353   Thumb Code     0  startup_stm32h750xx.o(.text)
    DMA2_Stream1_IRQHandler                  0x08000353   Thumb Code     0  startup_stm32h750xx.o(.text)
    DMA2_Stream2_IRQHandler                  0x08000353   Thumb Code     0  startup_stm32h750xx.o(.text)
    DMA2_Stream3_IRQHandler                  0x08000353   Thumb Code     0  startup_stm32h750xx.o(.text)
    DMA2_Stream4_IRQHandler                  0x08000353   Thumb Code     0  startup_stm32h750xx.o(.text)
    DMA2_Stream5_IRQHandler                  0x08000353   Thumb Code     0  startup_stm32h750xx.o(.text)
    DMA2_Stream6_IRQHandler                  0x08000353   Thumb Code     0  startup_stm32h750xx.o(.text)
    DMA2_Stream7_IRQHandler                  0x08000353   Thumb Code     0  startup_stm32h750xx.o(.text)
    DMAMUX1_OVR_IRQHandler                   0x08000353   Thumb Code     0  startup_stm32h750xx.o(.text)
    DMAMUX2_OVR_IRQHandler                   0x08000353   Thumb Code     0  startup_stm32h750xx.o(.text)
    ECC_IRQHandler                           0x08000353   Thumb Code     0  startup_stm32h750xx.o(.text)
    ETH_IRQHandler                           0x08000353   Thumb Code     0  startup_stm32h750xx.o(.text)
    ETH_WKUP_IRQHandler                      0x08000353   Thumb Code     0  startup_stm32h750xx.o(.text)
    EXTI0_IRQHandler                         0x08000353   Thumb Code     0  startup_stm32h750xx.o(.text)
    EXTI15_10_IRQHandler                     0x08000353   Thumb Code     0  startup_stm32h750xx.o(.text)
    EXTI1_IRQHandler                         0x08000353   Thumb Code     0  startup_stm32h750xx.o(.text)
    EXTI2_IRQHandler                         0x08000353   Thumb Code     0  startup_stm32h750xx.o(.text)
    EXTI3_IRQHandler                         0x08000353   Thumb Code     0  startup_stm32h750xx.o(.text)
    EXTI4_IRQHandler                         0x08000353   Thumb Code     0  startup_stm32h750xx.o(.text)
    EXTI9_5_IRQHandler                       0x08000353   Thumb Code     0  startup_stm32h750xx.o(.text)
    FDCAN1_IT0_IRQHandler                    0x08000353   Thumb Code     0  startup_stm32h750xx.o(.text)
    FDCAN1_IT1_IRQHandler                    0x08000353   Thumb Code     0  startup_stm32h750xx.o(.text)
    FDCAN2_IT0_IRQHandler                    0x08000353   Thumb Code     0  startup_stm32h750xx.o(.text)
    FDCAN2_IT1_IRQHandler                    0x08000353   Thumb Code     0  startup_stm32h750xx.o(.text)
    FDCAN_CAL_IRQHandler                     0x08000353   Thumb Code     0  startup_stm32h750xx.o(.text)
    FLASH_IRQHandler                         0x08000353   Thumb Code     0  startup_stm32h750xx.o(.text)
    FMC_IRQHandler                           0x08000353   Thumb Code     0  startup_stm32h750xx.o(.text)
    FPU_IRQHandler                           0x08000353   Thumb Code     0  startup_stm32h750xx.o(.text)
    HASH_RNG_IRQHandler                      0x08000353   Thumb Code     0  startup_stm32h750xx.o(.text)
    HRTIM1_FLT_IRQHandler                    0x08000353   Thumb Code     0  startup_stm32h750xx.o(.text)
    HRTIM1_Master_IRQHandler                 0x08000353   Thumb Code     0  startup_stm32h750xx.o(.text)
    HRTIM1_TIMA_IRQHandler                   0x08000353   Thumb Code     0  startup_stm32h750xx.o(.text)
    HRTIM1_TIMB_IRQHandler                   0x08000353   Thumb Code     0  startup_stm32h750xx.o(.text)
    HRTIM1_TIMC_IRQHandler                   0x08000353   Thumb Code     0  startup_stm32h750xx.o(.text)
    HRTIM1_TIMD_IRQHandler                   0x08000353   Thumb Code     0  startup_stm32h750xx.o(.text)
    HRTIM1_TIME_IRQHandler                   0x08000353   Thumb Code     0  startup_stm32h750xx.o(.text)
    HSEM1_IRQHandler                         0x08000353   Thumb Code     0  startup_stm32h750xx.o(.text)
    I2C1_ER_IRQHandler                       0x08000353   Thumb Code     0  startup_stm32h750xx.o(.text)
    I2C1_EV_IRQHandler                       0x08000353   Thumb Code     0  startup_stm32h750xx.o(.text)
    I2C2_ER_IRQHandler                       0x08000353   Thumb Code     0  startup_stm32h750xx.o(.text)
    I2C2_EV_IRQHandler                       0x08000353   Thumb Code     0  startup_stm32h750xx.o(.text)
    I2C3_ER_IRQHandler                       0x08000353   Thumb Code     0  startup_stm32h750xx.o(.text)
    I2C3_EV_IRQHandler                       0x08000353   Thumb Code     0  startup_stm32h750xx.o(.text)
    I2C4_ER_IRQHandler                       0x08000353   Thumb Code     0  startup_stm32h750xx.o(.text)
    I2C4_EV_IRQHandler                       0x08000353   Thumb Code     0  startup_stm32h750xx.o(.text)
    JPEG_IRQHandler                          0x08000353   Thumb Code     0  startup_stm32h750xx.o(.text)
    LPTIM1_IRQHandler                        0x08000353   Thumb Code     0  startup_stm32h750xx.o(.text)
    LPTIM2_IRQHandler                        0x08000353   Thumb Code     0  startup_stm32h750xx.o(.text)
    LPTIM3_IRQHandler                        0x08000353   Thumb Code     0  startup_stm32h750xx.o(.text)
    LPTIM4_IRQHandler                        0x08000353   Thumb Code     0  startup_stm32h750xx.o(.text)
    LPTIM5_IRQHandler                        0x08000353   Thumb Code     0  startup_stm32h750xx.o(.text)
    LPUART1_IRQHandler                       0x08000353   Thumb Code     0  startup_stm32h750xx.o(.text)
    LTDC_ER_IRQHandler                       0x08000353   Thumb Code     0  startup_stm32h750xx.o(.text)
    LTDC_IRQHandler                          0x08000353   Thumb Code     0  startup_stm32h750xx.o(.text)
    MDIOS_IRQHandler                         0x08000353   Thumb Code     0  startup_stm32h750xx.o(.text)
    MDIOS_WKUP_IRQHandler                    0x08000353   Thumb Code     0  startup_stm32h750xx.o(.text)
    MDMA_IRQHandler                          0x08000353   Thumb Code     0  startup_stm32h750xx.o(.text)
    OTG_FS_EP1_IN_IRQHandler                 0x08000353   Thumb Code     0  startup_stm32h750xx.o(.text)
    OTG_FS_EP1_OUT_IRQHandler                0x08000353   Thumb Code     0  startup_stm32h750xx.o(.text)
    OTG_FS_IRQHandler                        0x08000353   Thumb Code     0  startup_stm32h750xx.o(.text)
    OTG_FS_WKUP_IRQHandler                   0x08000353   Thumb Code     0  startup_stm32h750xx.o(.text)
    OTG_HS_EP1_IN_IRQHandler                 0x08000353   Thumb Code     0  startup_stm32h750xx.o(.text)
    OTG_HS_EP1_OUT_IRQHandler                0x08000353   Thumb Code     0  startup_stm32h750xx.o(.text)
    OTG_HS_IRQHandler                        0x08000353   Thumb Code     0  startup_stm32h750xx.o(.text)
    OTG_HS_WKUP_IRQHandler                   0x08000353   Thumb Code     0  startup_stm32h750xx.o(.text)
    PVD_AVD_IRQHandler                       0x08000353   Thumb Code     0  startup_stm32h750xx.o(.text)
    QUADSPI_IRQHandler                       0x08000353   Thumb Code     0  startup_stm32h750xx.o(.text)
    RCC_IRQHandler                           0x08000353   Thumb Code     0  startup_stm32h750xx.o(.text)
    RTC_Alarm_IRQHandler                     0x08000353   Thumb Code     0  startup_stm32h750xx.o(.text)
    RTC_WKUP_IRQHandler                      0x08000353   Thumb Code     0  startup_stm32h750xx.o(.text)
    SAI1_IRQHandler                          0x08000353   Thumb Code     0  startup_stm32h750xx.o(.text)
    SAI2_IRQHandler                          0x08000353   Thumb Code     0  startup_stm32h750xx.o(.text)
    SAI3_IRQHandler                          0x08000353   Thumb Code     0  startup_stm32h750xx.o(.text)
    SAI4_IRQHandler                          0x08000353   Thumb Code     0  startup_stm32h750xx.o(.text)
    SDMMC1_IRQHandler                        0x08000353   Thumb Code     0  startup_stm32h750xx.o(.text)
    SDMMC2_IRQHandler                        0x08000353   Thumb Code     0  startup_stm32h750xx.o(.text)
    SPDIF_RX_IRQHandler                      0x08000353   Thumb Code     0  startup_stm32h750xx.o(.text)
    SPI1_IRQHandler                          0x08000353   Thumb Code     0  startup_stm32h750xx.o(.text)
    SPI2_IRQHandler                          0x08000353   Thumb Code     0  startup_stm32h750xx.o(.text)
    SPI3_IRQHandler                          0x08000353   Thumb Code     0  startup_stm32h750xx.o(.text)
    SPI5_IRQHandler                          0x08000353   Thumb Code     0  startup_stm32h750xx.o(.text)
    SPI6_IRQHandler                          0x08000353   Thumb Code     0  startup_stm32h750xx.o(.text)
    SWPMI1_IRQHandler                        0x08000353   Thumb Code     0  startup_stm32h750xx.o(.text)
    TAMP_STAMP_IRQHandler                    0x08000353   Thumb Code     0  startup_stm32h750xx.o(.text)
    TIM15_IRQHandler                         0x08000353   Thumb Code     0  startup_stm32h750xx.o(.text)
    TIM16_IRQHandler                         0x08000353   Thumb Code     0  startup_stm32h750xx.o(.text)
    TIM17_IRQHandler                         0x08000353   Thumb Code     0  startup_stm32h750xx.o(.text)
    TIM1_BRK_IRQHandler                      0x08000353   Thumb Code     0  startup_stm32h750xx.o(.text)
    TIM1_CC_IRQHandler                       0x08000353   Thumb Code     0  startup_stm32h750xx.o(.text)
    TIM1_TRG_COM_IRQHandler                  0x08000353   Thumb Code     0  startup_stm32h750xx.o(.text)
    TIM1_UP_IRQHandler                       0x08000353   Thumb Code     0  startup_stm32h750xx.o(.text)
    TIM2_IRQHandler                          0x08000353   Thumb Code     0  startup_stm32h750xx.o(.text)
    TIM3_IRQHandler                          0x08000353   Thumb Code     0  startup_stm32h750xx.o(.text)
    TIM4_IRQHandler                          0x08000353   Thumb Code     0  startup_stm32h750xx.o(.text)
    TIM5_IRQHandler                          0x08000353   Thumb Code     0  startup_stm32h750xx.o(.text)
    TIM6_DAC_IRQHandler                      0x08000353   Thumb Code     0  startup_stm32h750xx.o(.text)
    TIM7_IRQHandler                          0x08000353   Thumb Code     0  startup_stm32h750xx.o(.text)
    TIM8_BRK_TIM12_IRQHandler                0x08000353   Thumb Code     0  startup_stm32h750xx.o(.text)
    TIM8_CC_IRQHandler                       0x08000353   Thumb Code     0  startup_stm32h750xx.o(.text)
    TIM8_TRG_COM_TIM14_IRQHandler            0x08000353   Thumb Code     0  startup_stm32h750xx.o(.text)
    TIM8_UP_TIM13_IRQHandler                 0x08000353   Thumb Code     0  startup_stm32h750xx.o(.text)
    UART5_IRQHandler                         0x08000353   Thumb Code     0  startup_stm32h750xx.o(.text)
    UART7_IRQHandler                         0x08000353   Thumb Code     0  startup_stm32h750xx.o(.text)
    UART8_IRQHandler                         0x08000353   Thumb Code     0  startup_stm32h750xx.o(.text)
    USART2_IRQHandler                        0x08000353   Thumb Code     0  startup_stm32h750xx.o(.text)
    USART3_IRQHandler                        0x08000353   Thumb Code     0  startup_stm32h750xx.o(.text)
    USART6_IRQHandler                        0x08000353   Thumb Code     0  startup_stm32h750xx.o(.text)
    WAKEUP_PIN_IRQHandler                    0x08000353   Thumb Code     0  startup_stm32h750xx.o(.text)
    WWDG_IRQHandler                          0x08000353   Thumb Code     0  startup_stm32h750xx.o(.text)
    __user_initial_stackheap                 0x08000355   Thumb Code     0  startup_stm32h750xx.o(.text)
    rt_hw_interrupt_disable                  0x08000379   Thumb Code     8  context_rvds.o(.text)
    rt_hw_interrupt_enable                   0x08000381   Thumb Code     6  context_rvds.o(.text)
    rt_hw_context_switch                     0x08000387   Thumb Code    32  context_rvds.o(.text)
    rt_hw_context_switch_interrupt           0x08000387   Thumb Code     0  context_rvds.o(.text)
    PendSV_Handler                           0x080003a7   Thumb Code   108  context_rvds.o(.text)
    rt_hw_context_switch_to                  0x08000413   Thumb Code    70  context_rvds.o(.text)
    rt_hw_interrupt_thread_switch            0x08000459   Thumb Code     2  context_rvds.o(.text)
    HardFault_Handler                        0x0800045b   Thumb Code    56  context_rvds.o(.text)
    MemManage_Handler                        0x0800045b   Thumb Code     0  context_rvds.o(.text)
    strlen                                   0x080004ad   Thumb Code    62  strlen.o(.text)
    strncmp                                  0x080004eb   Thumb Code   150  strncmp.o(.text)
    strcat                                   0x08000581   Thumb Code    24  strcat.o(.text)
    __aeabi_memcpy4                          0x08000599   Thumb Code     0  rt_memcpy_w.o(.text)
    __aeabi_memcpy8                          0x08000599   Thumb Code     0  rt_memcpy_w.o(.text)
    __rt_memcpy_w                            0x08000599   Thumb Code   100  rt_memcpy_w.o(.text)
    _memcpy_lastbytes_aligned                0x080005e1   Thumb Code     0  rt_memcpy_w.o(.text)
    __aeabi_memclr                           0x080005fd   Thumb Code     0  rt_memclr.o(.text)
    __rt_memclr                              0x080005fd   Thumb Code    68  rt_memclr.o(.text)
    _memset                                  0x08000601   Thumb Code     0  rt_memclr.o(.text)
    __aeabi_memclr4                          0x08000641   Thumb Code     0  rt_memclr_w.o(.text)
    __aeabi_memclr8                          0x08000641   Thumb Code     0  rt_memclr_w.o(.text)
    __rt_memclr_w                            0x08000641   Thumb Code    78  rt_memclr_w.o(.text)
    _memset_w                                0x08000645   Thumb Code     0  rt_memclr_w.o(.text)
    strncpy                                  0x0800068f   Thumb Code    86  strncpy.o(.text)
    __use_two_region_memory                  0x080006e5   Thumb Code     2  heapauxi.o(.text)
    __rt_heap_escrow$2region                 0x080006e7   Thumb Code     2  heapauxi.o(.text)
    __rt_heap_expand$2region                 0x080006e9   Thumb Code     2  heapauxi.o(.text)
    __user_setup_stackheap                   0x080006eb   Thumb Code    74  sys_stackheap_outer.o(.text)
    exit                                     0x08000735   Thumb Code    18  exit.o(.text)
    __user_libspace                          0x08000749   Thumb Code     8  libspace.o(.text)
    __user_perproc_libspace                  0x08000749   Thumb Code     0  libspace.o(.text)
    __user_perthread_libspace                0x08000749   Thumb Code     0  libspace.o(.text)
    _sys_exit                                0x08000751   Thumb Code     8  sys_exit.o(.text)
    __I$use$semihosting                      0x0800075d   Thumb Code     0  use_no_semi.o(.text)
    __use_no_semihosting_swi                 0x0800075d   Thumb Code     2  use_no_semi.o(.text)
    __semihosting_library_function           0x0800075f   Thumb Code     0  indicate_semi.o(.text)
    main                                     0x0800075f   Thumb Code    10  components.o(i.$Sub$$main)
    BSP_FMC_NAND_EraseChip                   0x08000769   Thumb Code    44  nandflash.o(i.BSP_FMC_NAND_EraseChip)
    BusFault_Handler                         0x08000795   Thumb Code     2  stm32h7xx_it.o(i.BusFault_Handler)
    DMA1_Stream0_IRQHandler                  0x08000799   Thumb Code    72  stm32h7xx_it.o(i.DMA1_Stream0_IRQHandler)
    DMA1_Stream1_IRQHandler                  0x080007e5   Thumb Code    44  stm32h7xx_it.o(i.DMA1_Stream1_IRQHandler)
    DMA1_Stream2_IRQHandler                  0x08000815   Thumb Code    72  stm32h7xx_it.o(i.DMA1_Stream2_IRQHandler)
    DMA1_Stream3_IRQHandler                  0x08000861   Thumb Code    44  stm32h7xx_it.o(i.DMA1_Stream3_IRQHandler)
    DebugMon_Handler                         0x08000891   Thumb Code     2  stm32h7xx_it.o(i.DebugMon_Handler)
    Error_Handler                            0x08000893   Thumb Code     4  main.o(i.Error_Handler)
    FMC_NAND_AttributeSpace_Timing_Init      0x08000897   Thumb Code    28  stm32h7xx_ll_fmc.o(i.FMC_NAND_AttributeSpace_Timing_Init)
    FMC_NAND_CommonSpace_Timing_Init         0x080008b3   Thumb Code    28  stm32h7xx_ll_fmc.o(i.FMC_NAND_CommonSpace_Timing_Init)
    FMC_NAND_Init                            0x080008d1   Thumb Code    48  stm32h7xx_ll_fmc.o(i.FMC_NAND_Init)
    FMC_SDRAM_Init                           0x08000905   Thumb Code   116  stm32h7xx_ll_fmc.o(i.FMC_SDRAM_Init)
    FMC_SDRAM_ProgramRefreshRate             0x08000979   Thumb Code    16  stm32h7xx_ll_fmc.o(i.FMC_SDRAM_ProgramRefreshRate)
    FMC_SDRAM_SendCommand                    0x08000989   Thumb Code    34  stm32h7xx_ll_fmc.o(i.FMC_SDRAM_SendCommand)
    FMC_SDRAM_Timing_Init                    0x080009ab   Thumb Code   150  stm32h7xx_ll_fmc.o(i.FMC_SDRAM_Timing_Init)
    HAL_GPIO_Init                            0x08000b05   Thumb Code   492  stm32h7xx_hal_gpio.o(i.HAL_GPIO_Init)
    HAL_Init                                 0x08000cf9   Thumb Code    74  stm32h7xx_hal.o(i.HAL_Init)
    HAL_InitTick                             0x08000d55   Thumb Code    66  stm32h7xx_hal.o(i.HAL_InitTick)
    HAL_MspInit                              0x08000da1   Thumb Code    22  stm32h7xx_hal_msp.o(i.HAL_MspInit)
    HAL_NAND_Erase_Block                     0x08000dbd   Thumb Code   170  stm32h7xx_hal_nand.o(i.HAL_NAND_Erase_Block)
    HAL_NAND_Init                            0x08000e71   Thumb Code    94  stm32h7xx_hal_nand.o(i.HAL_NAND_Init)
    HAL_NAND_MspInit                         0x08000ed5   Thumb Code     4  fmc.o(i.HAL_NAND_MspInit)
    HAL_NAND_Reset                           0x08000ed9   Thumb Code    68  stm32h7xx_hal_nand.o(i.HAL_NAND_Reset)
    HAL_NVIC_SetPriority                     0x08000f21   Thumb Code   104  stm32h7xx_hal_cortex.o(i.HAL_NVIC_SetPriority)
    HAL_NVIC_SetPriorityGrouping             0x08000f8d   Thumb Code    30  stm32h7xx_hal_cortex.o(i.HAL_NVIC_SetPriorityGrouping)
    HAL_RCC_GetSysClockFreq                  0x08000fb1   Thumb Code   428  stm32h7xx_hal_rcc.o(i.HAL_RCC_GetSysClockFreq)
    HAL_SDRAM_Init                           0x0800118d   Thumb Code    78  stm32h7xx_hal_sdram.o(i.HAL_SDRAM_Init)
    HAL_SDRAM_MspInit                        0x080011e1   Thumb Code     4  fmc.o(i.HAL_SDRAM_MspInit)
    HAL_SDRAM_ProgramRefreshRate             0x080011e5   Thumb Code    50  stm32h7xx_hal_sdram.o(i.HAL_SDRAM_ProgramRefreshRate)
    HAL_SDRAM_SendCommand                    0x08001217   Thumb Code    68  stm32h7xx_hal_sdram.o(i.HAL_SDRAM_SendCommand)
    HAL_SYSTICK_Config                       0x0800125d   Thumb Code    36  stm32h7xx_hal_cortex.o(i.HAL_SYSTICK_Config)
    LL_DMA_DeInit                            0x080012e5   Thumb Code   442  stm32h7xx_ll_dma.o(i.LL_DMA_DeInit)
    LL_GPIO_Init                             0x08001765   Thumb Code   232  stm32h7xx_ll_gpio.o(i.LL_GPIO_Init)
    LL_RCC_CalcPLLClockFreq                  0x0800185d   Thumb Code    70  stm32h7xx_ll_rcc.o(i.LL_RCC_CalcPLLClockFreq)
    LL_RCC_GetCLKPClockFreq                  0x080018a9   Thumb Code    82  stm32h7xx_ll_rcc.o(i.LL_RCC_GetCLKPClockFreq)
    LL_RCC_GetFMCClockFreq                   0x08001911   Thumb Code   128  stm32h7xx_ll_rcc.o(i.LL_RCC_GetFMCClockFreq)
    LL_RCC_GetPLL1ClockFreq                  0x080019a1   Thumb Code   242  stm32h7xx_ll_rcc.o(i.LL_RCC_GetPLL1ClockFreq)
    LL_RCC_GetPLL2ClockFreq                  0x08001aad   Thumb Code   242  stm32h7xx_ll_rcc.o(i.LL_RCC_GetPLL2ClockFreq)
    LL_RCC_GetPLL3ClockFreq                  0x08001bbd   Thumb Code   246  stm32h7xx_ll_rcc.o(i.LL_RCC_GetPLL3ClockFreq)
    LL_RCC_GetUSARTClockFreq                 0x08001cd1   Thumb Code   320  stm32h7xx_ll_rcc.o(i.LL_RCC_GetUSARTClockFreq)
    LL_SPI_Init                              0x08001e95   Thumb Code   174  stm32h7xx_ll_spi.o(i.LL_SPI_Init)
    LL_SetSystemCoreClock                    0x08001f49   Thumb Code     6  stm32h7xx_ll_utils.o(i.LL_SetSystemCoreClock)
    LL_USART_Init                            0x08001f61   Thumb Code   340  stm32h7xx_ll_usart.o(i.LL_USART_Init)
    LL_mDelay                                0x080020f7   Thumb Code    40  stm32h7xx_ll_utils.o(i.LL_mDelay)
    MX_DMA_Init                              0x08002121   Thumb Code   128  dma.o(i.MX_DMA_Init)
    MX_FMC_Init                              0x080021a5   Thumb Code   194  fmc.o(i.MX_FMC_Init)
    MX_GPIO_Init                             0x08002271   Thumb Code    94  gpio.o(i.MX_GPIO_Init)
    MX_SPI4_Init                             0x080022d5   Thumb Code   186  spi.o(i.MX_SPI4_Init)
    MX_SPI5_Init                             0x080023a5   Thumb Code   128  spi.o(i.MX_SPI5_Init)
    MX_UART4_Init                            0x08002431   Thumb Code   424  usart.o(i.MX_UART4_Init)
    NAND_ModeSet                             0x080025f1   Thumb Code    32  nandflash.o(i.NAND_ModeSet)
    NMI_Handler                              0x08002619   Thumb Code     2  stm32h7xx_it.o(i.NMI_Handler)
    SPI4_IRQHandler                          0x08002839   Thumb Code     2  stm32h7xx_it.o(i.SPI4_IRQHandler)
    SysTick_Handler                          0x0800283b   Thumb Code    18  board.o(i.SysTick_Handler)
    SystemClock_Config                       0x0800284d   Thumb Code   344  main.o(i.SystemClock_Config)
    SystemCoreClockUpdate                    0x080029b5   Thumb Code   408  system_stm32h7xx.o(i.SystemCoreClockUpdate)
    SystemInit                               0x08002b89   Thumb Code   176  system_stm32h7xx.o(i.SystemInit)
    UART4_IRQHandler                         0x08002c71   Thumb Code     2  stm32h7xx_it.o(i.UART4_IRQHandler)
    USART1_IRQHandler                        0x08002c75   Thumb Code   100  board.o(i.USART1_IRQHandler)
    UsageFault_Handler                       0x08002ce5   Thumb Code     2  stm32h7xx_it.o(i.UsageFault_Handler)
    __rt_ffs                                 0x08002dad   Thumb Code    66  kservice.o(i.__rt_ffs)
    at24cxx_delay                            0x08002f3b   Thumb Code    18  dev_i2c_s.o(i.at24cxx_delay)
    at24cxx_read_byte                        0x08002f4d   Thumb Code   112  dev_i2c_s.o(i.at24cxx_read_byte)
    at24cxx_write_byte                       0x08002fbd   Thumb Code    42  dev_i2c_s.o(i.at24cxx_write_byte)
    at24cxx_write_one_byte                   0x08002fe7   Thumb Code    92  dev_i2c_s.o(i.at24cxx_write_one_byte)
    bsp_analog_i2c_ack                       0x08003045   Thumb Code    40  dev_i2c_s.o(i.bsp_analog_i2c_ack)
    bsp_analog_i2c_init                      0x08003071   Thumb Code    78  dev_i2c_s.o(i.bsp_analog_i2c_init)
    bsp_analog_i2c_nack                      0x080030c9   Thumb Code    38  dev_i2c_s.o(i.bsp_analog_i2c_nack)
    bsp_analog_i2c_read_byte                 0x080030f5   Thumb Code    68  dev_i2c_s.o(i.bsp_analog_i2c_read_byte)
    bsp_analog_i2c_send_byte                 0x0800313d   Thumb Code    78  dev_i2c_s.o(i.bsp_analog_i2c_send_byte)
    bsp_analog_i2c_start                     0x08003191   Thumb Code    40  dev_i2c_s.o(i.bsp_analog_i2c_start)
    bsp_analog_i2c_stop                      0x080031bd   Thumb Code    32  dev_i2c_s.o(i.bsp_analog_i2c_stop)
    bsp_analog_i2c_wait_ack                  0x080031e1   Thumb Code    70  dev_i2c_s.o(i.bsp_analog_i2c_wait_ack)
    bsp_usart1_dmarx_config                  0x0800322d   Thumb Code   172  bsp_uart.o(i.bsp_usart1_dmarx_config)
    bsp_usart1_get_dmarx_buf_remain_size     0x080032e5   Thumb Code    12  bsp_uart.o(i.bsp_usart1_get_dmarx_buf_remain_size)
    cmd_free                                 0x080033ed   Thumb Code    10  msh.o(i.cmd_free)
    cmd_ps                                   0x080033f7   Thumb Code    10  msh.o(i.cmd_ps)
    fifo_get_free_size                       0x08003401   Thumb Code    20  fifo.o(i.fifo_get_free_size)
    fifo_get_occupy_size                     0x08003415   Thumb Code     8  fifo.o(i.fifo_get_occupy_size)
    fifo_register                            0x08003421   Thumb Code    20  fifo.o(i.fifo_register)
    fifo_write                               0x08003439   Thumb Code    94  fifo.o(i.fifo_write)
    finsh_get_prompt                         0x08003499   Thumb Code    86  shell.o(i.finsh_get_prompt)
    finsh_set_prompt_mode                    0x08003511   Thumb Code    18  shell.o(i.finsh_set_prompt_mode)
    finsh_system_function_init               0x08003529   Thumb Code     8  shell.o(i.finsh_system_function_init)
    finsh_system_init                        0x08003535   Thumb Code    96  shell.o(i.finsh_system_init)
    finsh_thread_entry                       0x080035cd   Thumb Code   640  shell.o(i.finsh_thread_entry)
    hello                                    0x080038f1   Thumb Code    12  cmd.o(i.hello)
    list                                     0x08003911   Thumb Code    54  cmd.o(i.list)
    list_mailbox                             0x08003a15   Thumb Code   254  cmd.o(i.list_mailbox)
    list_mem                                 0x08003b91   Thumb Code    32  mem.o(i.list_mem)
    list_sem                                 0x08003bfd   Thumb Code   246  cmd.o(i.list_sem)
    list_thread                              0x08003d59   Thumb Code   290  cmd.o(i.list_thread)
    list_timer                               0x08003f3d   Thumb Code   184  cmd.o(i.list_timer)
    $Super$$main                             0x08004099   Thumb Code   168  main.o(i.main)
    main_thread_entry                        0x080041a5   Thumb Code    14  components.o(i.main_thread_entry)
    msh_auto_complete                        0x08004299   Thumb Code   148  msh.o(i.msh_auto_complete)
    msh_exec                                 0x08004341   Thumb Code    76  msh.o(i.msh_exec)
    msh_help                                 0x08004401   Thumb Code    62  msh.o(i.msh_help)
    msh_is_used                              0x0800447d   Thumb Code     4  msh.o(i.msh_is_used)
    rt_application_init                      0x08004735   Thumb Code    38  components.o(i.rt_application_init)
    rt_calloc                                0x08004769   Thumb Code    30  mem.o(i.rt_calloc)
    rt_components_board_init                 0x08004789   Thumb Code    22  components.o(i.rt_components_board_init)
    rt_components_init                       0x080047a9   Thumb Code    22  components.o(i.rt_components_init)
    rt_enter_critical                        0x080047c9   Thumb Code    22  scheduler.o(i.rt_enter_critical)
    rt_exit_critical                         0x080047e5   Thumb Code    52  scheduler.o(i.rt_exit_critical)
    rt_free                                  0x0800481d   Thumb Code   114  mem.o(i.rt_free)
    rt_heap_begin_get                        0x080048e5   Thumb Code     4  board.o(i.rt_heap_begin_get)
    rt_heap_end_get                          0x080048ed   Thumb Code     4  board.o(i.rt_heap_end_get)
    rt_hw_board_init                         0x080048f5   Thumb Code   264  board.o(i.rt_hw_board_init)
    rt_hw_console_getchar                    0x08004a25   Thumb Code    46  board.o(i.rt_hw_console_getchar)
    rt_hw_console_output                     0x08004a5d   Thumb Code    62  board.o(i.rt_hw_console_output)
    rt_hw_hard_fault_exception               0x08004aa1   Thumb Code   206  cpuport.o(i.rt_hw_hard_fault_exception)
    rt_hw_stack_init                         0x08004cc1   Thumb Code    62  cpuport.o(i.rt_hw_stack_init)
    rt_interrupt_enter                       0x08004d05   Thumb Code    22  irq.o(i.rt_interrupt_enter)
    rt_interrupt_leave                       0x08004d21   Thumb Code    22  irq.o(i.rt_interrupt_leave)
    rt_kprintf                               0x08004dad   Thumb Code    30  kservice.o(i.rt_kprintf)
    rt_malloc                                0x08004dd1   Thumb Code   264  mem.o(i.rt_malloc)
    rt_memmove                               0x08004ee1   Thumb Code    54  kservice.o(i.rt_memmove)
    rt_memset                                0x08004f17   Thumb Code    86  kservice.o(i.rt_memset)
    rt_object_allocate                       0x08004f6d   Thumb Code    90  object.o(i.rt_object_allocate)
    rt_object_delete                         0x08004fc7   Thumb Code    46  object.o(i.rt_object_delete)
    rt_object_detach                         0x08004ff5   Thumb Code    44  object.o(i.rt_object_detach)
    rt_object_get_information                0x08005021   Thumb Code    30  object.o(i.rt_object_get_information)
    rt_object_init                           0x08005045   Thumb Code    90  object.o(i.rt_object_init)
    rt_object_is_systemobject                0x0800509f   Thumb Code    16  object.o(i.rt_object_is_systemobject)
    rt_ringbuffer_data_len                   0x080050af   Thumb Code    58  ringbuffer.o(i.rt_ringbuffer_data_len)
    rt_ringbuffer_getchar                    0x080050e9   Thumb Code    70  ringbuffer.o(i.rt_ringbuffer_getchar)
    rt_ringbuffer_init                       0x0800512f   Thumb Code    38  ringbuffer.o(i.rt_ringbuffer_init)
    rt_ringbuffer_putchar                    0x08005155   Thumb Code    74  ringbuffer.o(i.rt_ringbuffer_putchar)
    rt_schedule                              0x080051a1   Thumb Code    88  scheduler.o(i.rt_schedule)
    rt_schedule_insert_thread                0x08005205   Thumb Code    72  scheduler.o(i.rt_schedule_insert_thread)
    rt_schedule_remove_thread                0x08005255   Thumb Code    76  scheduler.o(i.rt_schedule_remove_thread)
    rt_sem_init                              0x080052a9   Thumb Code    34  ipc.o(i.rt_sem_init)
    rt_sem_release                           0x080052cb   Thumb Code    88  ipc.o(i.rt_sem_release)
    rt_sem_take                              0x08005323   Thumb Code   114  ipc.o(i.rt_sem_take)
    rt_show_version                          0x08005395   Thumb Code    40  kservice.o(i.rt_show_version)
    rt_strlen                                0x08005445   Thumb Code    16  kservice.o(i.rt_strlen)
    rt_strncpy                               0x08005455   Thumb Code    42  kservice.o(i.rt_strncpy)
    rt_system_heap_init                      0x08005481   Thumb Code   100  mem.o(i.rt_system_heap_init)
    rt_system_scheduler_init                 0x08005531   Thumb Code    48  scheduler.o(i.rt_system_scheduler_init)
    rt_system_scheduler_start                0x0800556d   Thumb Code    32  scheduler.o(i.rt_system_scheduler_start)
    rt_system_timer_init                     0x08005595   Thumb Code    20  timer.o(i.rt_system_timer_init)
    rt_system_timer_thread_init              0x080055ad   Thumb Code     2  timer.o(i.rt_system_timer_thread_init)
    rt_thread_create                         0x080055af   Thumb Code    90  thread.o(i.rt_thread_create)
    rt_thread_exit                           0x08005609   Thumb Code    88  thread.o(i.rt_thread_exit)
    rt_thread_idle_excute                    0x08005671   Thumb Code    80  idle.o(i.rt_thread_idle_excute)
    rt_thread_idle_init                      0x080056c5   Thumb Code    46  idle.o(i.rt_thread_idle_init)
    rt_thread_init                           0x08005709   Thumb Code    50  thread.o(i.rt_thread_init)
    rt_thread_resume                         0x0800573b   Thumb Code    72  thread.o(i.rt_thread_resume)
    rt_thread_self                           0x08005785   Thumb Code     6  thread.o(i.rt_thread_self)
    rt_thread_startup                        0x08005791   Thumb Code    42  thread.o(i.rt_thread_startup)
    rt_thread_suspend                        0x080057bb   Thumb Code    68  thread.o(i.rt_thread_suspend)
    rt_thread_timeout                        0x080057ff   Thumb Code    40  thread.o(i.rt_thread_timeout)
    rt_thread_yield                          0x08005829   Thumb Code    98  thread.o(i.rt_thread_yield)
    rt_tick_get                              0x08005895   Thumb Code     6  clock.o(i.rt_tick_get)
    rt_tick_increase                         0x080058a1   Thumb Code    38  clock.o(i.rt_tick_increase)
    rt_timer_check                           0x080058cd   Thumb Code   240  timer.o(i.rt_timer_check)
    rt_timer_control                         0x080059c1   Thumb Code    84  timer.o(i.rt_timer_control)
    rt_timer_detach                          0x08005a15   Thumb Code    70  timer.o(i.rt_timer_detach)
    rt_timer_init                            0x08005a5b   Thumb Code    42  timer.o(i.rt_timer_init)
    rt_timer_start                           0x08005a85   Thumb Code   198  timer.o(i.rt_timer_start)
    rt_timer_stop                            0x08005b55   Thumb Code    82  timer.o(i.rt_timer_stop)
    rt_vsnprintf                             0x08005ba9   Thumb Code   802  kservice.o(i.rt_vsnprintf)
    rtthread_startup                         0x08005ee5   Thumb Code    42  components.o(i.rtthread_startup)
    uart_device_init                         0x08005f99   Thumb Code   154  dev_uart.o(i.uart_device_init)
    uart_dmarx_done_isr                      0x08006049   Thumb Code    74  dev_uart.o(i.uart_dmarx_done_isr)
    uart_dmarx_half_done_isr                 0x08006099   Thumb Code    82  dev_uart.o(i.uart_dmarx_half_done_isr)
    uart_dmarx_idle_isr                      0x080060f1   Thumb Code    88  dev_uart.o(i.uart_dmarx_idle_isr)
    uart_dmatx_done_isr                      0x08006155   Thumb Code    32  dev_uart.o(i.uart_dmatx_done_isr)
    usart1_dma_init                          0x08006259   Thumb Code   360  bsp_uart.o(i.usart1_dma_init)
    version                                  0x080063d5   Thumb Code    10  cmd.o(i.version)
    _fp_init                                 0x080063df   Thumb Code    10  fpinit.o(x$fpl$fpinit)
    __fplib_config_fpu_vfp                   0x080063e7   Thumb Code     0  fpinit.o(x$fpl$fpinit)
    __fplib_config_pureend_doubles           0x080063e7   Thumb Code     0  fpinit.o(x$fpl$fpinit)
    LL_RCC_PrescTable                        0x08006400   Data          16  stm32h7xx_ll_rcc.o(.constdata)
    D1CorePrescTable                         0x08006448   Data          16  system_stm32h7xx.o(.constdata)
    __lowest_bit_bitmap                      0x08006458   Data         256  kservice.o(.constdata)
    __fsym_list_mem_name                     0x080065c0   Data           9  mem.o(.rodata.name)
    __fsym_list_mem_desc                     0x080065c9   Data          30  mem.o(.rodata.name)
    __fsym_hello_name                        0x080065e7   Data           6  cmd.o(.rodata.name)
    __fsym_hello_desc                        0x080065ed   Data          16  cmd.o(.rodata.name)
    __fsym_version_name                      0x080065fd   Data           8  cmd.o(.rodata.name)
    __fsym_version_desc                      0x08006605   Data          35  cmd.o(.rodata.name)
    __fsym___cmd_version_name                0x08006628   Data          14  cmd.o(.rodata.name)
    __fsym___cmd_version_desc                0x08006636   Data          35  cmd.o(.rodata.name)
    __fsym_list_thread_name                  0x08006659   Data          12  cmd.o(.rodata.name)
    __fsym_list_thread_desc                  0x08006665   Data          12  cmd.o(.rodata.name)
    __fsym___cmd_list_thread_name            0x08006671   Data          18  cmd.o(.rodata.name)
    __fsym___cmd_list_thread_desc            0x08006683   Data          12  cmd.o(.rodata.name)
    __fsym_list_sem_name                     0x0800668f   Data           9  cmd.o(.rodata.name)
    __fsym_list_sem_desc                     0x08006698   Data          25  cmd.o(.rodata.name)
    __fsym___cmd_list_sem_name               0x080066b1   Data          15  cmd.o(.rodata.name)
    __fsym___cmd_list_sem_desc               0x080066c0   Data          25  cmd.o(.rodata.name)
    __fsym_list_mailbox_name                 0x080066d9   Data          13  cmd.o(.rodata.name)
    __fsym_list_mailbox_desc                 0x080066e6   Data          24  cmd.o(.rodata.name)
    __fsym___cmd_list_mailbox_name           0x080066fe   Data          19  cmd.o(.rodata.name)
    __fsym___cmd_list_mailbox_desc           0x08006711   Data          24  cmd.o(.rodata.name)
    __fsym_list_timer_name                   0x08006729   Data          11  cmd.o(.rodata.name)
    __fsym_list_timer_desc                   0x08006734   Data          21  cmd.o(.rodata.name)
    __fsym___cmd_list_timer_name             0x08006749   Data          17  cmd.o(.rodata.name)
    __fsym___cmd_list_timer_desc             0x0800675a   Data          21  cmd.o(.rodata.name)
    __fsym_list_name                         0x0800676f   Data           5  cmd.o(.rodata.name)
    __fsym_list_desc                         0x08006774   Data          26  cmd.o(.rodata.name)
    __fsym___cmd_help_name                   0x0800678e   Data          11  msh.o(.rodata.name)
    __fsym___cmd_help_desc                   0x08006799   Data          22  msh.o(.rodata.name)
    __fsym___cmd_ps_name                     0x080067af   Data           9  msh.o(.rodata.name)
    __fsym___cmd_ps_desc                     0x080067b8   Data          28  msh.o(.rodata.name)
    __fsym___cmd_free_name                   0x080067d4   Data          11  msh.o(.rodata.name)
    __fsym___cmd_free_desc                   0x080067df   Data          37  msh.o(.rodata.name)
    __rt_init_rti_start                      0x08006804   Data           4  components.o(.rti_fn.0)
    __rt_init_rti_board_start                0x08006808   Data           4  components.o(.rti_fn.0.end)
    __rt_init_uart_init                      0x0800680c   Data           4  board.o(.rti_fn.1)
    __rt_init_rti_board_end                  0x08006810   Data           4  components.o(.rti_fn.1.end)
    __rt_init_finsh_system_init              0x08006814   Data           4  shell.o(.rti_fn.6)
    __rt_init_rti_end                        0x08006818   Data           4  components.o(.rti_fn.6.end)
    FSymTab$$Base                            0x0800681c   Number         0  mem.o(FSymTab)
    __fsym_list_mem                          0x0800681c   Data          12  mem.o(FSymTab)
    __fsym_hello                             0x08006828   Data          12  cmd.o(FSymTab)
    __fsym_version                           0x08006834   Data          12  cmd.o(FSymTab)
    __fsym___cmd_version                     0x08006840   Data          12  cmd.o(FSymTab)
    __fsym_list_thread                       0x0800684c   Data          12  cmd.o(FSymTab)
    __fsym___cmd_list_thread                 0x08006858   Data          12  cmd.o(FSymTab)
    __fsym_list_sem                          0x08006864   Data          12  cmd.o(FSymTab)
    __fsym___cmd_list_sem                    0x08006870   Data          12  cmd.o(FSymTab)
    __fsym_list_mailbox                      0x0800687c   Data          12  cmd.o(FSymTab)
    __fsym___cmd_list_mailbox                0x08006888   Data          12  cmd.o(FSymTab)
    __fsym_list_timer                        0x08006894   Data          12  cmd.o(FSymTab)
    __fsym___cmd_list_timer                  0x080068a0   Data          12  cmd.o(FSymTab)
    __fsym_list                              0x080068ac   Data          12  cmd.o(FSymTab)
    __fsym___cmd_help                        0x080068b8   Data          12  msh.o(FSymTab)
    __fsym___cmd_ps                          0x080068c4   Data          12  msh.o(FSymTab)
    __fsym___cmd_free                        0x080068d0   Data          12  msh.o(FSymTab)
    FSymTab$$Limit                           0x080068dc   Number         0  msh.o(FSymTab)
    Region$$Table$$Base                      0x080068dc   Number         0  anon$$obj.o(Region$$Table)
    Region$$Table$$Limit                     0x080068fc   Number         0  anon$$obj.o(Region$$Table)
    uwTickFreq                               0x2400001c   Data           1  stm32h7xx_hal.o(.data)
    uwTickPrio                               0x24000020   Data           4  stm32h7xx_hal.o(.data)
    uwTick                                   0x24000024   Data           4  stm32h7xx_hal.o(.data)
    SystemCoreClock                          0x24000028   Data           4  system_stm32h7xx.o(.data)
    SystemD2Clock                            0x2400002c   Data           4  system_stm32h7xx.o(.data)
    rt_interrupt_nest                        0x24000034   Data           1  irq.o(.data)
    rt_current_priority                      0x24000090   Data           1  scheduler.o(.data)
    rt_current_thread                        0x24000094   Data           4  scheduler.o(.data)
    rt_thread_ready_priority_group           0x24000098   Data           4  scheduler.o(.data)
    rt_thread_defunct                        0x2400009c   Data           8  scheduler.o(.data)
    rt_interrupt_from_thread                 0x240000b4   Data           4  cpuport.o(.data)
    rt_interrupt_to_thread                   0x240000b8   Data           4  cpuport.o(.data)
    rt_thread_switch_interrupt_flag          0x240000bc   Data           4  cpuport.o(.data)
    _syscall_table_begin                     0x240000c0   Data           4  shell.o(.data)
    _syscall_table_end                       0x240000c4   Data           4  shell.o(.data)
    _sysvar_table_begin                      0x240000c8   Data           4  shell.o(.data)
    _sysvar_table_end                        0x240000cc   Data           4  shell.o(.data)
    shell                                    0x240000d4   Data           4  shell.o(.data)
    s_UartTxRxCount                          0x24000170   Data          16  dev_uart.o(.bss)
    hnand1                                   0x2400100c   Data          64  fmc.o(.bss)
    hsdram1                                  0x2400104c   Data          52  fmc.o(.bss)
    rt_thread_priority_table                 0x24001318   Data         256  scheduler.o(.bss)
    uart_rx_buf                              0x24001418   Data          16  board.o(.bss)
    uart_rxcb                                0x24001428   Data          12  board.o(.bss)
    __libspace_start                         0x24005158   Data          96  libspace.o(.bss)
    __temporary_stack_top$libspace           0x240051b8   Data           0  libspace.o(.bss)



==============================================================================

Memory Map of the image

  Image Entry point : 0x08000299

  Load Region LR_IROM1 (Base: 0x08000000, Size: 0x000069d4, Max: 0x00020000, ABSOLUTE)

    Execution Region ER_IROM1 (Exec base: 0x08000000, Load base: 0x08000000, Size: 0x000068fc, Max: 0x00020000, ABSOLUTE)

    Exec Addr    Load Addr    Size         Type   Attr      Idx    E Section Name        Object

    0x08000000   0x08000000   0x00000298   Data   RO            3    RESET               startup_stm32h750xx.o
    0x08000298   0x08000298   0x00000008   Code   RO         6459  * !!!main             c_w.l(__main.o)
    0x080002a0   0x080002a0   0x00000034   Code   RO         6618    !!!scatter          c_w.l(__scatter.o)
    0x080002d4   0x080002d4   0x0000001a   Code   RO         6620    !!handler_copy      c_w.l(__scatter_copy.o)
    0x080002ee   0x080002ee   0x00000002   PAD
    0x080002f0   0x080002f0   0x0000001c   Code   RO         6622    !!handler_zi        c_w.l(__scatter_zi.o)
    0x0800030c   0x0800030c   0x00000002   Code   RO         6486    .ARM.Collect$$libinit$$00000000  c_w.l(libinit.o)
    0x0800030e   0x0800030e   0x00000004   Code   RO         6492    .ARM.Collect$$libinit$$00000001  c_w.l(libinit2.o)
    0x08000312   0x08000312   0x00000000   Code   RO         6495    .ARM.Collect$$libinit$$00000004  c_w.l(libinit2.o)
    0x08000312   0x08000312   0x00000000   Code   RO         6498    .ARM.Collect$$libinit$$0000000A  c_w.l(libinit2.o)
    0x08000312   0x08000312   0x00000000   Code   RO         6500    .ARM.Collect$$libinit$$0000000C  c_w.l(libinit2.o)
    0x08000312   0x08000312   0x00000000   Code   RO         6502    .ARM.Collect$$libinit$$0000000E  c_w.l(libinit2.o)
    0x08000312   0x08000312   0x00000000   Code   RO         6505    .ARM.Collect$$libinit$$00000011  c_w.l(libinit2.o)
    0x08000312   0x08000312   0x00000000   Code   RO         6507    .ARM.Collect$$libinit$$00000013  c_w.l(libinit2.o)
    0x08000312   0x08000312   0x00000000   Code   RO         6509    .ARM.Collect$$libinit$$00000015  c_w.l(libinit2.o)
    0x08000312   0x08000312   0x00000000   Code   RO         6511    .ARM.Collect$$libinit$$00000017  c_w.l(libinit2.o)
    0x08000312   0x08000312   0x00000000   Code   RO         6513    .ARM.Collect$$libinit$$00000019  c_w.l(libinit2.o)
    0x08000312   0x08000312   0x00000000   Code   RO         6515    .ARM.Collect$$libinit$$0000001B  c_w.l(libinit2.o)
    0x08000312   0x08000312   0x00000000   Code   RO         6517    .ARM.Collect$$libinit$$0000001D  c_w.l(libinit2.o)
    0x08000312   0x08000312   0x00000000   Code   RO         6519    .ARM.Collect$$libinit$$0000001F  c_w.l(libinit2.o)
    0x08000312   0x08000312   0x00000000   Code   RO         6521    .ARM.Collect$$libinit$$00000021  c_w.l(libinit2.o)
    0x08000312   0x08000312   0x00000000   Code   RO         6523    .ARM.Collect$$libinit$$00000023  c_w.l(libinit2.o)
    0x08000312   0x08000312   0x00000000   Code   RO         6525    .ARM.Collect$$libinit$$00000025  c_w.l(libinit2.o)
    0x08000312   0x08000312   0x00000000   Code   RO         6529    .ARM.Collect$$libinit$$0000002C  c_w.l(libinit2.o)
    0x08000312   0x08000312   0x00000000   Code   RO         6531    .ARM.Collect$$libinit$$0000002E  c_w.l(libinit2.o)
    0x08000312   0x08000312   0x00000000   Code   RO         6533    .ARM.Collect$$libinit$$00000030  c_w.l(libinit2.o)
    0x08000312   0x08000312   0x00000000   Code   RO         6535    .ARM.Collect$$libinit$$00000032  c_w.l(libinit2.o)
    0x08000312   0x08000312   0x00000002   Code   RO         6536    .ARM.Collect$$libinit$$00000033  c_w.l(libinit2.o)
    0x08000314   0x08000314   0x00000002   Code   RO         6556    .ARM.Collect$$libshutdown$$00000000  c_w.l(libshutdown.o)
    0x08000316   0x08000316   0x00000000   Code   RO         6569    .ARM.Collect$$libshutdown$$00000002  c_w.l(libshutdown2.o)
    0x08000316   0x08000316   0x00000000   Code   RO         6571    .ARM.Collect$$libshutdown$$00000004  c_w.l(libshutdown2.o)
    0x08000316   0x08000316   0x00000000   Code   RO         6573    .ARM.Collect$$libshutdown$$00000006  c_w.l(libshutdown2.o)
    0x08000316   0x08000316   0x00000000   Code   RO         6576    .ARM.Collect$$libshutdown$$00000009  c_w.l(libshutdown2.o)
    0x08000316   0x08000316   0x00000000   Code   RO         6579    .ARM.Collect$$libshutdown$$0000000C  c_w.l(libshutdown2.o)
    0x08000316   0x08000316   0x00000000   Code   RO         6581    .ARM.Collect$$libshutdown$$0000000E  c_w.l(libshutdown2.o)
    0x08000316   0x08000316   0x00000000   Code   RO         6584    .ARM.Collect$$libshutdown$$00000011  c_w.l(libshutdown2.o)
    0x08000316   0x08000316   0x00000002   Code   RO         6585    .ARM.Collect$$libshutdown$$00000012  c_w.l(libshutdown2.o)
    0x08000318   0x08000318   0x00000000   Code   RO         6461    .ARM.Collect$$rtentry$$00000000  c_w.l(__rtentry.o)
    0x08000318   0x08000318   0x00000000   Code   RO         6463    .ARM.Collect$$rtentry$$00000002  c_w.l(__rtentry2.o)
    0x08000318   0x08000318   0x00000006   Code   RO         6475    .ARM.Collect$$rtentry$$00000004  c_w.l(__rtentry4.o)
    0x0800031e   0x0800031e   0x00000000   Code   RO         6465    .ARM.Collect$$rtentry$$00000009  c_w.l(__rtentry2.o)
    0x0800031e   0x0800031e   0x00000004   Code   RO         6466    .ARM.Collect$$rtentry$$0000000A  c_w.l(__rtentry2.o)
    0x08000322   0x08000322   0x00000000   Code   RO         6468    .ARM.Collect$$rtentry$$0000000C  c_w.l(__rtentry2.o)
    0x08000322   0x08000322   0x00000008   Code   RO         6469    .ARM.Collect$$rtentry$$0000000D  c_w.l(__rtentry2.o)
    0x0800032a   0x0800032a   0x00000002   Code   RO         6490    .ARM.Collect$$rtexit$$00000000  c_w.l(rtexit.o)
    0x0800032c   0x0800032c   0x00000000   Code   RO         6538    .ARM.Collect$$rtexit$$00000002  c_w.l(rtexit2.o)
    0x0800032c   0x0800032c   0x00000004   Code   RO         6539    .ARM.Collect$$rtexit$$00000003  c_w.l(rtexit2.o)
    0x08000330   0x08000330   0x00000006   Code   RO         6540    .ARM.Collect$$rtexit$$00000004  c_w.l(rtexit2.o)
    0x08000336   0x08000336   0x00000002   PAD
    0x08000338   0x08000338   0x00000040   Code   RO            4    .text               startup_stm32h750xx.o
    0x08000378   0x08000378   0x00000134   Code   RO         5038    .text               context_rvds.o
    0x080004ac   0x080004ac   0x0000003e   Code   RO         6443    .text               c_w.l(strlen.o)
    0x080004ea   0x080004ea   0x00000096   Code   RO         6445    .text               c_w.l(strncmp.o)
    0x08000580   0x08000580   0x00000018   Code   RO         6447    .text               c_w.l(strcat.o)
    0x08000598   0x08000598   0x00000064   Code   RO         6449    .text               c_w.l(rt_memcpy_w.o)
    0x080005fc   0x080005fc   0x00000044   Code   RO         6451    .text               c_w.l(rt_memclr.o)
    0x08000640   0x08000640   0x0000004e   Code   RO         6453    .text               c_w.l(rt_memclr_w.o)
    0x0800068e   0x0800068e   0x00000056   Code   RO         6455    .text               c_w.l(strncpy.o)
    0x080006e4   0x080006e4   0x00000006   Code   RO         6457    .text               c_w.l(heapauxi.o)
    0x080006ea   0x080006ea   0x0000004a   Code   RO         6477    .text               c_w.l(sys_stackheap_outer.o)
    0x08000734   0x08000734   0x00000012   Code   RO         6479    .text               c_w.l(exit.o)
    0x08000746   0x08000746   0x00000002   PAD
    0x08000748   0x08000748   0x00000008   Code   RO         6487    .text               c_w.l(libspace.o)
    0x08000750   0x08000750   0x0000000c   Code   RO         6548    .text               c_w.l(sys_exit.o)
    0x0800075c   0x0800075c   0x00000002   Code   RO         6559    .text               c_w.l(use_no_semi.o)
    0x0800075e   0x0800075e   0x00000000   Code   RO         6561    .text               c_w.l(indicate_semi.o)
    0x0800075e   0x0800075e   0x0000000a   Code   RO         5080    i.$Sub$$main        components.o
    0x08000768   0x08000768   0x0000002c   Code   RO          531    i.BSP_FMC_NAND_EraseChip  nandflash.o
    0x08000794   0x08000794   0x00000002   Code   RO         1127    i.BusFault_Handler  stm32h7xx_it.o
    0x08000796   0x08000796   0x00000002   PAD
    0x08000798   0x08000798   0x0000004c   Code   RO         1128    i.DMA1_Stream0_IRQHandler  stm32h7xx_it.o
    0x080007e4   0x080007e4   0x00000030   Code   RO         1129    i.DMA1_Stream1_IRQHandler  stm32h7xx_it.o
    0x08000814   0x08000814   0x0000004c   Code   RO         1130    i.DMA1_Stream2_IRQHandler  stm32h7xx_it.o
    0x08000860   0x08000860   0x00000030   Code   RO         1131    i.DMA1_Stream3_IRQHandler  stm32h7xx_it.o
    0x08000890   0x08000890   0x00000002   Code   RO         1132    i.DebugMon_Handler  stm32h7xx_it.o
    0x08000892   0x08000892   0x00000004   Code   RO          630    i.Error_Handler     main.o
    0x08000896   0x08000896   0x0000001c   Code   RO         4321    i.FMC_NAND_AttributeSpace_Timing_Init  stm32h7xx_ll_fmc.o
    0x080008b2   0x080008b2   0x0000001c   Code   RO         4322    i.FMC_NAND_CommonSpace_Timing_Init  stm32h7xx_ll_fmc.o
    0x080008ce   0x080008ce   0x00000002   PAD
    0x080008d0   0x080008d0   0x00000034   Code   RO         4327    i.FMC_NAND_Init     stm32h7xx_ll_fmc.o
    0x08000904   0x08000904   0x00000074   Code   RO         4336    i.FMC_SDRAM_Init    stm32h7xx_ll_fmc.o
    0x08000978   0x08000978   0x00000010   Code   RO         4337    i.FMC_SDRAM_ProgramRefreshRate  stm32h7xx_ll_fmc.o
    0x08000988   0x08000988   0x00000022   Code   RO         4338    i.FMC_SDRAM_SendCommand  stm32h7xx_ll_fmc.o
    0x080009aa   0x080009aa   0x00000096   Code   RO         4340    i.FMC_SDRAM_Timing_Init  stm32h7xx_ll_fmc.o
    0x08000a40   0x08000a40   0x000000c4   Code   RO          807    i.HAL_FMC_MspInit   fmc.o
    0x08000b04   0x08000b04   0x000001f4   Code   RO         2377    i.HAL_GPIO_Init     stm32h7xx_hal_gpio.o
    0x08000cf8   0x08000cf8   0x0000005c   Code   RO         3393    i.HAL_Init          stm32h7xx_hal.o
    0x08000d54   0x08000d54   0x0000004c   Code   RO         3394    i.HAL_InitTick      stm32h7xx_hal.o
    0x08000da0   0x08000da0   0x0000001c   Code   RO         1227    i.HAL_MspInit       stm32h7xx_hal_msp.o
    0x08000dbc   0x08000dbc   0x000000b4   Code   RO         4476    i.HAL_NAND_Erase_Block  stm32h7xx_hal_nand.o
    0x08000e70   0x08000e70   0x00000064   Code   RO         4481    i.HAL_NAND_Init     stm32h7xx_hal_nand.o
    0x08000ed4   0x08000ed4   0x00000004   Code   RO          809    i.HAL_NAND_MspInit  fmc.o
    0x08000ed8   0x08000ed8   0x00000048   Code   RO         4490    i.HAL_NAND_Reset    stm32h7xx_hal_nand.o
    0x08000f20   0x08000f20   0x0000006c   Code   RO         3243    i.HAL_NVIC_SetPriority  stm32h7xx_hal_cortex.o
    0x08000f8c   0x08000f8c   0x00000024   Code   RO         3244    i.HAL_NVIC_SetPriorityGrouping  stm32h7xx_hal_cortex.o
    0x08000fb0   0x08000fb0   0x000001dc   Code   RO         1834    i.HAL_RCC_GetSysClockFreq  stm32h7xx_hal_rcc.o
    0x0800118c   0x0800118c   0x00000054   Code   RO         4639    i.HAL_SDRAM_Init    stm32h7xx_hal_sdram.o
    0x080011e0   0x080011e0   0x00000004   Code   RO          811    i.HAL_SDRAM_MspInit  fmc.o
    0x080011e4   0x080011e4   0x00000032   Code   RO         4642    i.HAL_SDRAM_ProgramRefreshRate  stm32h7xx_hal_sdram.o
    0x08001216   0x08001216   0x00000044   Code   RO         4648    i.HAL_SDRAM_SendCommand  stm32h7xx_hal_sdram.o
    0x0800125a   0x0800125a   0x00000002   PAD
    0x0800125c   0x0800125c   0x00000028   Code   RO         3248    i.HAL_SYSTICK_Config  stm32h7xx_hal_cortex.o
    0x08001284   0x08001284   0x00000018   Code   RO          722    i.LL_AHB4_GRP1_EnableClock  gpio.o
    0x0800129c   0x0800129c   0x00000018   Code   RO          930    i.LL_AHB4_GRP1_EnableClock  spi.o
    0x080012b4   0x080012b4   0x00000018   Code   RO          986    i.LL_AHB4_GRP1_EnableClock  usart.o
    0x080012cc   0x080012cc   0x00000018   Code   RO          931    i.LL_APB2_GRP1_EnableClock  spi.o
    0x080012e4   0x080012e4   0x0000020c   Code   RO         4277    i.LL_DMA_DeInit     stm32h7xx_ll_dma.o
    0x080014f0   0x080014f0   0x00000014   Code   RO          246    i.LL_DMA_DisableFifoMode  bsp_uart.o
    0x08001504   0x08001504   0x00000014   Code   RO          987    i.LL_DMA_DisableFifoMode  usart.o
    0x08001518   0x08001518   0x00000014   Code   RO          988    i.LL_DMA_EnableFifoMode  usart.o
    0x0800152c   0x0800152c   0x00000014   Code   RO          247    i.LL_DMA_EnableIT_TC  bsp_uart.o
    0x08001540   0x08001540   0x00000014   Code   RO          248    i.LL_DMA_EnableStream  bsp_uart.o
    0x08001554   0x08001554   0x00000010   Code   RO         1133    i.LL_DMA_IsEnabledIT_HT  stm32h7xx_it.o
    0x08001564   0x08001564   0x00000010   Code   RO         1134    i.LL_DMA_IsEnabledIT_TC  stm32h7xx_it.o
    0x08001574   0x08001574   0x00000018   Code   RO          249    i.LL_DMA_SetDataLength  bsp_uart.o
    0x0800158c   0x0800158c   0x00000014   Code   RO          250    i.LL_DMA_SetDataTransferDirection  bsp_uart.o
    0x080015a0   0x080015a0   0x00000014   Code   RO          989    i.LL_DMA_SetDataTransferDirection  usart.o
    0x080015b4   0x080015b4   0x00000018   Code   RO          990    i.LL_DMA_SetFIFOThreshold  usart.o
    0x080015cc   0x080015cc   0x00000014   Code   RO          991    i.LL_DMA_SetMemoryBurstxfer  usart.o
    0x080015e0   0x080015e0   0x00000014   Code   RO          251    i.LL_DMA_SetMemoryIncMode  bsp_uart.o
    0x080015f4   0x080015f4   0x00000014   Code   RO          992    i.LL_DMA_SetMemoryIncMode  usart.o
    0x08001608   0x08001608   0x00000014   Code   RO          252    i.LL_DMA_SetMemorySize  bsp_uart.o
    0x0800161c   0x0800161c   0x00000014   Code   RO          993    i.LL_DMA_SetMemorySize  usart.o
    0x08001630   0x08001630   0x00000014   Code   RO          253    i.LL_DMA_SetMode    bsp_uart.o
    0x08001644   0x08001644   0x00000014   Code   RO          994    i.LL_DMA_SetMode    usart.o
    0x08001658   0x08001658   0x00000014   Code   RO          995    i.LL_DMA_SetPeriphBurstxfer  usart.o
    0x0800166c   0x0800166c   0x00000014   Code   RO          254    i.LL_DMA_SetPeriphIncMode  bsp_uart.o
    0x08001680   0x08001680   0x00000014   Code   RO          996    i.LL_DMA_SetPeriphIncMode  usart.o
    0x08001694   0x08001694   0x00000040   Code   RO          255    i.LL_DMA_SetPeriphRequest  bsp_uart.o
    0x080016d4   0x080016d4   0x00000040   Code   RO          997    i.LL_DMA_SetPeriphRequest  usart.o
    0x08001714   0x08001714   0x00000014   Code   RO          256    i.LL_DMA_SetPeriphSize  bsp_uart.o
    0x08001728   0x08001728   0x00000014   Code   RO          998    i.LL_DMA_SetPeriphSize  usart.o
    0x0800173c   0x0800173c   0x00000014   Code   RO          257    i.LL_DMA_SetStreamPriorityLevel  bsp_uart.o
    0x08001750   0x08001750   0x00000014   Code   RO          999    i.LL_DMA_SetStreamPriorityLevel  usart.o
    0x08001764   0x08001764   0x000000e8   Code   RO         1506    i.LL_GPIO_Init      stm32h7xx_ll_gpio.o
    0x0800184c   0x0800184c   0x0000000e   Code   RO         1253    i.LL_GPIO_IsInputPinSet  dev_i2c_s.o
    0x0800185a   0x0800185a   0x00000002   PAD
    0x0800185c   0x0800185c   0x0000004c   Code   RO         1547    i.LL_RCC_CalcPLLClockFreq  stm32h7xx_ll_rcc.o
    0x080018a8   0x080018a8   0x00000068   Code   RO         1551    i.LL_RCC_GetCLKPClockFreq  stm32h7xx_ll_rcc.o
    0x08001910   0x08001910   0x00000090   Code   RO         1554    i.LL_RCC_GetFMCClockFreq  stm32h7xx_ll_rcc.o
    0x080019a0   0x080019a0   0x0000010c   Code   RO         1558    i.LL_RCC_GetPLL1ClockFreq  stm32h7xx_ll_rcc.o
    0x08001aac   0x08001aac   0x00000110   Code   RO         1559    i.LL_RCC_GetPLL2ClockFreq  stm32h7xx_ll_rcc.o
    0x08001bbc   0x08001bbc   0x00000114   Code   RO         1560    i.LL_RCC_GetPLL3ClockFreq  stm32h7xx_ll_rcc.o
    0x08001cd0   0x08001cd0   0x00000168   Code   RO         1569    i.LL_RCC_GetUSARTClockFreq  stm32h7xx_ll_rcc.o
    0x08001e38   0x08001e38   0x00000014   Code   RO          631    i.LL_RCC_SetAHBPrescaler  main.o
    0x08001e4c   0x08001e4c   0x00000024   Code   RO          932    i.LL_RCC_SetSPIClockSource  spi.o
    0x08001e70   0x08001e70   0x00000024   Code   RO         1000    i.LL_RCC_SetUSARTClockSource  usart.o
    0x08001e94   0x08001e94   0x000000b4   Code   RO         4851    i.LL_SPI_Init       stm32h7xx_ll_spi.o
    0x08001f48   0x08001f48   0x0000000c   Code   RO         1749    i.LL_SetSystemCoreClock  stm32h7xx_ll_utils.o
    0x08001f54   0x08001f54   0x0000000a   Code   RO          258    i.LL_USART_DMA_GetRegAddr  bsp_uart.o
    0x08001f5e   0x08001f5e   0x00000002   PAD
    0x08001f60   0x08001f60   0x00000164   Code   RO         4951    i.LL_USART_Init     stm32h7xx_ll_usart.o
    0x080020c4   0x080020c4   0x0000001a   Code   RO         1001    i.LL_USART_SetRXFIFOThreshold  usart.o
    0x080020de   0x080020de   0x00000002   PAD
    0x080020e0   0x080020e0   0x00000016   Code   RO         1002    i.LL_USART_SetTXFIFOThreshold  usart.o
    0x080020f6   0x080020f6   0x00000028   Code   RO         1750    i.LL_mDelay         stm32h7xx_ll_utils.o
    0x0800211e   0x0800211e   0x00000002   PAD
    0x08002120   0x08002120   0x00000084   Code   RO          757    i.MX_DMA_Init       dma.o
    0x080021a4   0x080021a4   0x000000cc   Code   RO          812    i.MX_FMC_Init       fmc.o
    0x08002270   0x08002270   0x00000064   Code   RO          723    i.MX_GPIO_Init      gpio.o
    0x080022d4   0x080022d4   0x000000d0   Code   RO          933    i.MX_SPI4_Init      spi.o
    0x080023a4   0x080023a4   0x0000008c   Code   RO          934    i.MX_SPI5_Init      spi.o
    0x08002430   0x08002430   0x000001c0   Code   RO         1003    i.MX_UART4_Init     usart.o
    0x080025f0   0x080025f0   0x00000028   Code   RO          541    i.NAND_ModeSet      nandflash.o
    0x08002618   0x08002618   0x00000002   Code   RO         1135    i.NMI_Handler       stm32h7xx_it.o
    0x0800261a   0x0800261a   0x00000032   Code   RO          259    i.NVIC_EncodePriority  bsp_uart.o
    0x0800264c   0x0800264c   0x00000032   Code   RO          758    i.NVIC_EncodePriority  dma.o
    0x0800267e   0x0800267e   0x00000032   Code   RO         1005    i.NVIC_EncodePriority  usart.o
    0x080026b0   0x080026b0   0x0000003c   Code   RO          632    i.PA9_thread_on_entry  main.o
    0x080026ec   0x080026ec   0x0000001c   Code   RO         1571    i.RCC_GetHCLKClockFreq  stm32h7xx_ll_rcc.o
    0x08002708   0x08002708   0x00000020   Code   RO         1572    i.RCC_GetPCLK1ClockFreq  stm32h7xx_ll_rcc.o
    0x08002728   0x08002728   0x00000020   Code   RO         1573    i.RCC_GetPCLK2ClockFreq  stm32h7xx_ll_rcc.o
    0x08002748   0x08002748   0x00000068   Code   RO         1576    i.RCC_GetSystemClockFreq  stm32h7xx_ll_rcc.o
    0x080027b0   0x080027b0   0x00000002   Code   RO          633    i.Rtthread_test_dma  main.o
    0x080027b2   0x080027b2   0x00000002   PAD
    0x080027b4   0x080027b4   0x00000084   Code   RO          813    i.SDRAM_InitSequence  fmc.o
    0x08002838   0x08002838   0x00000002   Code   RO         1136    i.SPI4_IRQHandler   stm32h7xx_it.o
    0x0800283a   0x0800283a   0x00000012   Code   RO         6084    i.SysTick_Handler   board.o
    0x0800284c   0x0800284c   0x00000168   Code   RO          634    i.SystemClock_Config  main.o
    0x080029b4   0x080029b4   0x000001d4   Code   RO         5004    i.SystemCoreClockUpdate  system_stm32h7xx.o
    0x08002b88   0x08002b88   0x000000e8   Code   RO         5005    i.SystemInit        system_stm32h7xx.o
    0x08002c70   0x08002c70   0x00000002   Code   RO         1137    i.UART4_IRQHandler  stm32h7xx_it.o
    0x08002c72   0x08002c72   0x00000002   PAD
    0x08002c74   0x08002c74   0x00000070   Code   RO         6085    i.USART1_IRQHandler  board.o
    0x08002ce4   0x08002ce4   0x00000002   Code   RO         1138    i.UsageFault_Handler  stm32h7xx_it.o
    0x08002ce6   0x08002ce6   0x0000001a   Code   RO          260    i.__NVIC_EnableIRQ  bsp_uart.o
    0x08002d00   0x08002d00   0x0000001a   Code   RO          759    i.__NVIC_EnableIRQ  dma.o
    0x08002d1a   0x08002d1a   0x0000001a   Code   RO         1006    i.__NVIC_EnableIRQ  usart.o
    0x08002d34   0x08002d34   0x00000010   Code   RO          760    i.__NVIC_GetPriorityGrouping  dma.o
    0x08002d44   0x08002d44   0x00000022   Code   RO          261    i.__NVIC_SetPriority  bsp_uart.o
    0x08002d66   0x08002d66   0x00000022   Code   RO          761    i.__NVIC_SetPriority  dma.o
    0x08002d88   0x08002d88   0x00000022   Code   RO         1007    i.__NVIC_SetPriority  usart.o
    0x08002daa   0x08002daa   0x00000002   PAD
    0x08002dac   0x08002dac   0x00000048   Code   RO         5331    i.__rt_ffs          kservice.o
    0x08002df4   0x08002df4   0x0000006c   Code   RO         6264    i._msh_exec_cmd     msh.o
    0x08002e60   0x08002e60   0x0000007c   Code   RO         5737    i._rt_thread_init   thread.o
    0x08002edc   0x08002edc   0x00000028   Code   RO         5859    i._rt_timer_init    timer.o
    0x08002f04   0x08002f04   0x0000001c   Code   RO         5738    i._thread_cleanup_execute  thread.o
    0x08002f20   0x08002f20   0x0000001a   Code   RO         1254    i.analog_i2c_delay  dev_i2c_s.o
    0x08002f3a   0x08002f3a   0x00000012   Code   RO         1255    i.at24cxx_delay     dev_i2c_s.o
    0x08002f4c   0x08002f4c   0x00000070   Code   RO         1257    i.at24cxx_read_byte  dev_i2c_s.o
    0x08002fbc   0x08002fbc   0x0000002a   Code   RO         1258    i.at24cxx_write_byte  dev_i2c_s.o
    0x08002fe6   0x08002fe6   0x0000005c   Code   RO         1259    i.at24cxx_write_one_byte  dev_i2c_s.o
    0x08003042   0x08003042   0x00000002   PAD
    0x08003044   0x08003044   0x0000002c   Code   RO         1260    i.bsp_analog_i2c_ack  dev_i2c_s.o
    0x08003070   0x08003070   0x00000058   Code   RO         1261    i.bsp_analog_i2c_init  dev_i2c_s.o
    0x080030c8   0x080030c8   0x0000002c   Code   RO         1262    i.bsp_analog_i2c_nack  dev_i2c_s.o
    0x080030f4   0x080030f4   0x00000048   Code   RO         1263    i.bsp_analog_i2c_read_byte  dev_i2c_s.o
    0x0800313c   0x0800313c   0x00000054   Code   RO         1264    i.bsp_analog_i2c_send_byte  dev_i2c_s.o
    0x08003190   0x08003190   0x0000002c   Code   RO         1265    i.bsp_analog_i2c_start  dev_i2c_s.o
    0x080031bc   0x080031bc   0x00000024   Code   RO         1266    i.bsp_analog_i2c_stop  dev_i2c_s.o
    0x080031e0   0x080031e0   0x0000004c   Code   RO         1267    i.bsp_analog_i2c_wait_ack  dev_i2c_s.o
    0x0800322c   0x0800322c   0x000000b8   Code   RO          262    i.bsp_usart1_dmarx_config  bsp_uart.o
    0x080032e4   0x080032e4   0x00000014   Code   RO          264    i.bsp_usart1_get_dmarx_buf_remain_size  bsp_uart.o
    0x080032f8   0x080032f8   0x000000f4   Code   RO         5946    i.bus_fault_track   cpuport.o
    0x080033ec   0x080033ec   0x0000000a   Code   RO         6265    i.cmd_free          msh.o
    0x080033f6   0x080033f6   0x0000000a   Code   RO         6266    i.cmd_ps            msh.o
    0x08003400   0x08003400   0x00000014   Code   RO          475    i.fifo_get_free_size  fifo.o
    0x08003414   0x08003414   0x00000008   Code   RO          476    i.fifo_get_occupy_size  fifo.o
    0x0800341c   0x0800341c   0x00000004   Code   RO          393    i.fifo_lock         dev_uart.o
    0x08003420   0x08003420   0x00000014   Code   RO          479    i.fifo_register     fifo.o
    0x08003434   0x08003434   0x00000004   Code   RO          394    i.fifo_unlock       dev_uart.o
    0x08003438   0x08003438   0x0000005e   Code   RO          481    i.fifo_write        fifo.o
    0x08003496   0x08003496   0x00000002   PAD
    0x08003498   0x08003498   0x00000074   Code   RO         6342    i.finsh_get_prompt  shell.o
    0x0800350c   0x0800350c   0x00000004   Code   RO         6344    i.finsh_getchar     shell.o
    0x08003510   0x08003510   0x00000018   Code   RO         6347    i.finsh_set_prompt_mode  shell.o
    0x08003528   0x08003528   0x0000000c   Code   RO         6348    i.finsh_system_function_init  shell.o
    0x08003534   0x08003534   0x00000098   Code   RO         6349    i.finsh_system_init  shell.o
    0x080035cc   0x080035cc   0x000002a0   Code   RO         6351    i.finsh_thread_entry  shell.o
    0x0800386c   0x0800386c   0x00000084   Code   RO         5947    i.hard_fault_track  cpuport.o
    0x080038f0   0x080038f0   0x00000020   Code   RO         6160    i.hello             cmd.o
    0x08003910   0x08003910   0x00000068   Code   RO         6161    i.list              cmd.o
    0x08003978   0x08003978   0x00000024   Code   RO         6162    i.list_find_init    cmd.o
    0x0800399c   0x0800399c   0x00000076   Code   RO         6163    i.list_get_next     cmd.o
    0x08003a12   0x08003a12   0x00000002   PAD
    0x08003a14   0x08003a14   0x0000017c   Code   RO         6164    i.list_mailbox      cmd.o
    0x08003b90   0x08003b90   0x0000006c   Code   RO         5503    i.list_mem          mem.o
    0x08003bfc   0x08003bfc   0x0000015c   Code   RO         6165    i.list_sem          cmd.o
    0x08003d58   0x08003d58   0x000001e4   Code   RO         6166    i.list_thread       cmd.o
    0x08003f3c   0x08003f3c   0x0000015c   Code   RO         6167    i.list_timer        cmd.o
    0x08004098   0x08004098   0x0000010c   Code   RO          635    i.main              main.o
    0x080041a4   0x080041a4   0x0000000e   Code   RO         5081    i.main_thread_entry  components.o
    0x080041b2   0x080041b2   0x00000002   PAD
    0x080041b4   0x080041b4   0x000000e4   Code   RO         5948    i.mem_manage_fault_track  cpuport.o
    0x08004298   0x08004298   0x000000a8   Code   RO         6267    i.msh_auto_complete  msh.o
    0x08004340   0x08004340   0x00000064   Code   RO         6268    i.msh_exec          msh.o
    0x080043a4   0x080043a4   0x0000005c   Code   RO         6269    i.msh_get_cmd       msh.o
    0x08004400   0x08004400   0x0000007c   Code   RO         6270    i.msh_help          msh.o
    0x0800447c   0x0800447c   0x00000004   Code   RO         6271    i.msh_is_used       msh.o
    0x08004480   0x08004480   0x000000d8   Code   RO         6272    i.msh_split         msh.o
    0x08004558   0x08004558   0x0000006c   Code   RO         5504    i.plug_holes        mem.o
    0x080045c4   0x080045c4   0x00000170   Code   RO         5333    i.print_number      kservice.o
    0x08004734   0x08004734   0x00000034   Code   RO         5082    i.rt_application_init  components.o
    0x08004768   0x08004768   0x0000001e   Code   RO         5505    i.rt_calloc         mem.o
    0x08004786   0x08004786   0x00000002   PAD
    0x08004788   0x08004788   0x00000020   Code   RO         5083    i.rt_components_board_init  components.o
    0x080047a8   0x080047a8   0x00000020   Code   RO         5084    i.rt_components_init  components.o
    0x080047c8   0x080047c8   0x0000001c   Code   RO         5670    i.rt_enter_critical  scheduler.o
    0x080047e4   0x080047e4   0x00000038   Code   RO         5671    i.rt_exit_critical  scheduler.o
    0x0800481c   0x0800481c   0x000000c8   Code   RO         5506    i.rt_free           mem.o
    0x080048e4   0x080048e4   0x00000008   Code   RO         6086    i.rt_heap_begin_get  board.o
    0x080048ec   0x080048ec   0x00000008   Code   RO         6087    i.rt_heap_end_get   board.o
    0x080048f4   0x080048f4   0x00000130   Code   RO         6088    i.rt_hw_board_init  board.o
    0x08004a24   0x08004a24   0x00000038   Code   RO         6089    i.rt_hw_console_getchar  board.o
    0x08004a5c   0x08004a5c   0x00000044   Code   RO         6090    i.rt_hw_console_output  board.o
    0x08004aa0   0x08004aa0   0x00000220   Code   RO         5952    i.rt_hw_hard_fault_exception  cpuport.o
    0x08004cc0   0x08004cc0   0x00000044   Code   RO         5953    i.rt_hw_stack_init  cpuport.o
    0x08004d04   0x08004d04   0x0000001c   Code   RO         5304    i.rt_interrupt_enter  irq.o
    0x08004d20   0x08004d20   0x0000001c   Code   RO         5306    i.rt_interrupt_leave  irq.o
    0x08004d3c   0x08004d3c   0x00000070   Code   RO         5190    i.rt_ipc_list_suspend  ipc.o
    0x08004dac   0x08004dac   0x00000024   Code   RO         5337    i.rt_kprintf        kservice.o
    0x08004dd0   0x08004dd0   0x00000110   Code   RO         5507    i.rt_malloc         mem.o
    0x08004ee0   0x08004ee0   0x00000036   Code   RO         5342    i.rt_memmove        kservice.o
    0x08004f16   0x08004f16   0x00000056   Code   RO         5343    i.rt_memset         kservice.o
    0x08004f6c   0x08004f6c   0x0000005a   Code   RO         5592    i.rt_object_allocate  object.o
    0x08004fc6   0x08004fc6   0x0000002e   Code   RO         5593    i.rt_object_delete  object.o
    0x08004ff4   0x08004ff4   0x0000002c   Code   RO         5594    i.rt_object_detach  object.o
    0x08005020   0x08005020   0x00000024   Code   RO         5596    i.rt_object_get_information  object.o
    0x08005044   0x08005044   0x0000005a   Code   RO         5600    i.rt_object_init    object.o
    0x0800509e   0x0800509e   0x00000010   Code   RO         5601    i.rt_object_is_systemobject  object.o
    0x080050ae   0x080050ae   0x0000003a   Code   RO           13    i.rt_ringbuffer_data_len  ringbuffer.o
    0x080050e8   0x080050e8   0x00000046   Code   RO           14    i.rt_ringbuffer_getchar  ringbuffer.o
    0x0800512e   0x0800512e   0x00000026   Code   RO           15    i.rt_ringbuffer_init  ringbuffer.o
    0x08005154   0x08005154   0x0000004a   Code   RO           16    i.rt_ringbuffer_putchar  ringbuffer.o
    0x0800519e   0x0800519e   0x00000002   PAD
    0x080051a0   0x080051a0   0x00000064   Code   RO         5672    i.rt_schedule       scheduler.o
    0x08005204   0x08005204   0x00000050   Code   RO         5673    i.rt_schedule_insert_thread  scheduler.o
    0x08005254   0x08005254   0x00000054   Code   RO         5674    i.rt_schedule_remove_thread  scheduler.o
    0x080052a8   0x080052a8   0x00000022   Code   RO         5203    i.rt_sem_init       ipc.o
    0x080052ca   0x080052ca   0x00000058   Code   RO         5204    i.rt_sem_release    ipc.o
    0x08005322   0x08005322   0x00000072   Code   RO         5205    i.rt_sem_take       ipc.o
    0x08005394   0x08005394   0x000000b0   Code   RO         5345    i.rt_show_version   kservice.o
    0x08005444   0x08005444   0x00000010   Code   RO         5351    i.rt_strlen         kservice.o
    0x08005454   0x08005454   0x0000002a   Code   RO         5353    i.rt_strncpy        kservice.o
    0x0800547e   0x0800547e   0x00000002   PAD
    0x08005480   0x08005480   0x000000b0   Code   RO         5510    i.rt_system_heap_init  mem.o
    0x08005530   0x08005530   0x0000003c   Code   RO         5675    i.rt_system_scheduler_init  scheduler.o
    0x0800556c   0x0800556c   0x00000028   Code   RO         5676    i.rt_system_scheduler_start  scheduler.o
    0x08005594   0x08005594   0x00000018   Code   RO         5860    i.rt_system_timer_init  timer.o
    0x080055ac   0x080055ac   0x00000002   Code   RO         5861    i.rt_system_timer_thread_init  timer.o
    0x080055ae   0x080055ae   0x0000005a   Code   RO         5740    i.rt_thread_create  thread.o
    0x08005608   0x08005608   0x00000060   Code   RO         5745    i.rt_thread_exit    thread.o
    0x08005668   0x08005668   0x00000006   Code   RO         5154    i.rt_thread_idle_entry  idle.o
    0x0800566e   0x0800566e   0x00000002   PAD
    0x08005670   0x08005670   0x00000054   Code   RO         5155    i.rt_thread_idle_excute  idle.o
    0x080056c4   0x080056c4   0x00000044   Code   RO         5157    i.rt_thread_idle_init  idle.o
    0x08005708   0x08005708   0x00000032   Code   RO         5747    i.rt_thread_init    thread.o
    0x0800573a   0x0800573a   0x00000048   Code   RO         5749    i.rt_thread_resume  thread.o
    0x08005782   0x08005782   0x00000002   PAD
    0x08005784   0x08005784   0x0000000c   Code   RO         5750    i.rt_thread_self    thread.o
    0x08005790   0x08005790   0x0000002a   Code   RO         5752    i.rt_thread_startup  thread.o
    0x080057ba   0x080057ba   0x00000044   Code   RO         5753    i.rt_thread_suspend  thread.o
    0x080057fe   0x080057fe   0x00000028   Code   RO         5754    i.rt_thread_timeout  thread.o
    0x08005826   0x08005826   0x00000002   PAD
    0x08005828   0x08005828   0x0000006c   Code   RO         5755    i.rt_thread_yield   thread.o
    0x08005894   0x08005894   0x0000000c   Code   RO         5044    i.rt_tick_get       clock.o
    0x080058a0   0x080058a0   0x0000002c   Code   RO         5045    i.rt_tick_increase  clock.o
    0x080058cc   0x080058cc   0x000000f4   Code   RO         5862    i.rt_timer_check    timer.o
    0x080059c0   0x080059c0   0x00000054   Code   RO         5863    i.rt_timer_control  timer.o
    0x08005a14   0x08005a14   0x00000046   Code   RO         5866    i.rt_timer_detach   timer.o
    0x08005a5a   0x08005a5a   0x0000002a   Code   RO         5867    i.rt_timer_init     timer.o
    0x08005a84   0x08005a84   0x000000d0   Code   RO         5870    i.rt_timer_start    timer.o
    0x08005b54   0x08005b54   0x00000052   Code   RO         5871    i.rt_timer_stop     timer.o
    0x08005ba6   0x08005ba6   0x00000002   PAD
    0x08005ba8   0x08005ba8   0x0000032c   Code   RO         5356    i.rt_vsnprintf      kservice.o
    0x08005ed4   0x08005ed4   0x00000004   Code   RO         5085    i.rti_board_end     components.o
    0x08005ed8   0x08005ed8   0x00000004   Code   RO         5086    i.rti_board_start   components.o
    0x08005edc   0x08005edc   0x00000004   Code   RO         5087    i.rti_end           components.o
    0x08005ee0   0x08005ee0   0x00000004   Code   RO         5088    i.rti_start         components.o
    0x08005ee4   0x08005ee4   0x0000002a   Code   RO         5089    i.rtthread_startup  components.o
    0x08005f0e   0x08005f0e   0x00000002   PAD
    0x08005f10   0x08005f10   0x00000038   Code   RO         6352    i.shell_auto_complete  shell.o
    0x08005f48   0x08005f48   0x00000030   Code   RO         6168    i.show_wait_queue   cmd.o
    0x08005f78   0x08005f78   0x0000001e   Code   RO         6273    i.str_common        msh.o
    0x08005f96   0x08005f96   0x00000002   PAD
    0x08005f98   0x08005f98   0x000000b0   Code   RO          395    i.uart_device_init  dev_uart.o
    0x08006048   0x08006048   0x00000050   Code   RO          396    i.uart_dmarx_done_isr  dev_uart.o
    0x08006098   0x08006098   0x00000058   Code   RO          397    i.uart_dmarx_half_done_isr  dev_uart.o
    0x080060f0   0x080060f0   0x00000064   Code   RO          398    i.uart_dmarx_idle_isr  dev_uart.o
    0x08006154   0x08006154   0x00000024   Code   RO          399    i.uart_dmatx_done_isr  dev_uart.o
    0x08006178   0x08006178   0x00000002   Code   RO         6091    i.uart_init         board.o
    0x0800617a   0x0800617a   0x00000002   PAD
    0x0800617c   0x0800617c   0x000000dc   Code   RO         5954    i.usage_fault_track  cpuport.o
    0x08006258   0x08006258   0x0000017c   Code   RO          265    i.usart1_dma_init   bsp_uart.o
    0x080063d4   0x080063d4   0x0000000a   Code   RO         6169    i.version           cmd.o
    0x080063de   0x080063de   0x0000000a   Code   RO         6546    x$fpl$fpinit        fz_wv.l(fpinit.o)
    0x080063e8   0x080063e8   0x00000008   Data   RO          266    .constdata          bsp_uart.o
    0x080063f0   0x080063f0   0x00000008   Data   RO         1008    .constdata          usart.o
    0x080063f8   0x080063f8   0x00000008   Data   RO         1141    .constdata          stm32h7xx_it.o
    0x08006400   0x08006400   0x00000010   Data   RO         1577    .constdata          stm32h7xx_ll_rcc.o
    0x08006410   0x08006410   0x00000008   Data   RO         4280    .constdata          stm32h7xx_ll_dma.o
    0x08006418   0x08006418   0x00000030   Data   RO         4953    .constdata          stm32h7xx_ll_usart.o
    0x08006448   0x08006448   0x00000010   Data   RO         5006    .constdata          system_stm32h7xx.o
    0x08006458   0x08006458   0x00000122   Data   RO         5359    .constdata          kservice.o
    0x0800657a   0x0800657a   0x00000002   PAD
    0x0800657c   0x0800657c   0x00000044   Data   RO         6170    .conststring        cmd.o
    0x080065c0   0x080065c0   0x00000009   Data   RO         5513    .rodata.name        mem.o
    0x080065c9   0x080065c9   0x0000001e   Data   RO         5514    .rodata.name        mem.o
    0x080065e7   0x080065e7   0x00000006   Data   RO         6171    .rodata.name        cmd.o
    0x080065ed   0x080065ed   0x00000010   Data   RO         6172    .rodata.name        cmd.o
    0x080065fd   0x080065fd   0x00000008   Data   RO         6173    .rodata.name        cmd.o
    0x08006605   0x08006605   0x00000023   Data   RO         6174    .rodata.name        cmd.o
    0x08006628   0x08006628   0x0000000e   Data   RO         6175    .rodata.name        cmd.o
    0x08006636   0x08006636   0x00000023   Data   RO         6176    .rodata.name        cmd.o
    0x08006659   0x08006659   0x0000000c   Data   RO         6177    .rodata.name        cmd.o
    0x08006665   0x08006665   0x0000000c   Data   RO         6178    .rodata.name        cmd.o
    0x08006671   0x08006671   0x00000012   Data   RO         6179    .rodata.name        cmd.o
    0x08006683   0x08006683   0x0000000c   Data   RO         6180    .rodata.name        cmd.o
    0x0800668f   0x0800668f   0x00000009   Data   RO         6181    .rodata.name        cmd.o
    0x08006698   0x08006698   0x00000019   Data   RO         6182    .rodata.name        cmd.o
    0x080066b1   0x080066b1   0x0000000f   Data   RO         6183    .rodata.name        cmd.o
    0x080066c0   0x080066c0   0x00000019   Data   RO         6184    .rodata.name        cmd.o
    0x080066d9   0x080066d9   0x0000000d   Data   RO         6185    .rodata.name        cmd.o
    0x080066e6   0x080066e6   0x00000018   Data   RO         6186    .rodata.name        cmd.o
    0x080066fe   0x080066fe   0x00000013   Data   RO         6187    .rodata.name        cmd.o
    0x08006711   0x08006711   0x00000018   Data   RO         6188    .rodata.name        cmd.o
    0x08006729   0x08006729   0x0000000b   Data   RO         6189    .rodata.name        cmd.o
    0x08006734   0x08006734   0x00000015   Data   RO         6190    .rodata.name        cmd.o
    0x08006749   0x08006749   0x00000011   Data   RO         6191    .rodata.name        cmd.o
    0x0800675a   0x0800675a   0x00000015   Data   RO         6192    .rodata.name        cmd.o
    0x0800676f   0x0800676f   0x00000005   Data   RO         6193    .rodata.name        cmd.o
    0x08006774   0x08006774   0x0000001a   Data   RO         6194    .rodata.name        cmd.o
    0x0800678e   0x0800678e   0x0000000b   Data   RO         6274    .rodata.name        msh.o
    0x08006799   0x08006799   0x00000016   Data   RO         6275    .rodata.name        msh.o
    0x080067af   0x080067af   0x00000009   Data   RO         6276    .rodata.name        msh.o
    0x080067b8   0x080067b8   0x0000001c   Data   RO         6277    .rodata.name        msh.o
    0x080067d4   0x080067d4   0x0000000b   Data   RO         6278    .rodata.name        msh.o
    0x080067df   0x080067df   0x00000025   Data   RO         6279    .rodata.name        msh.o
    0x08006804   0x08006804   0x00000004   Data   RO         5090    .rti_fn.0           components.o
    0x08006808   0x08006808   0x00000004   Data   RO         5091    .rti_fn.0.end       components.o
    0x0800680c   0x0800680c   0x00000004   Data   RO         6093    .rti_fn.1           board.o
    0x08006810   0x08006810   0x00000004   Data   RO         5092    .rti_fn.1.end       components.o
    0x08006814   0x08006814   0x00000004   Data   RO         6355    .rti_fn.6           shell.o
    0x08006818   0x08006818   0x00000004   Data   RO         5093    .rti_fn.6.end       components.o
    0x0800681c   0x0800681c   0x0000000c   Data   RO         5515    FSymTab             mem.o
    0x08006828   0x08006828   0x00000090   Data   RO         6195    FSymTab             cmd.o
    0x080068b8   0x080068b8   0x00000024   Data   RO         6280    FSymTab             msh.o
    0x080068dc   0x080068dc   0x00000020   Data   RO         6616    Region$$Table       anon$$obj.o


    Execution Region RW_IRAM1 (Exec base: 0x20000000, Load base: 0x080068fc, Size: 0x00000000, Max: 0x00020000, ABSOLUTE)

    **** No section assigned to this execution region ****


    Execution Region RW_IRAM2 (Exec base: 0x24000000, Load base: 0x080068fc, Size: 0x000057b8, Max: 0x00080000, ABSOLUTE)

    Exec Addr    Load Addr    Size         Type   Attr      Idx    E Section Name        Object

    0x24000000   0x080068fc   0x00000014   Data   RW          636    .data               main.o
    0x24000014   0x08006910   0x00000008   Data   RW          816    .data               fmc.o
    0x2400001c   0x08006918   0x0000000c   Data   RW         3415    .data               stm32h7xx_hal.o
    0x24000028   0x08006924   0x00000008   Data   RW         5007    .data               system_stm32h7xx.o
    0x24000030   0x0800692c   0x00000004   Data   RW         5047    .data               clock.o
    0x24000034   0x08006930   0x00000001   Data   RW         5307    .data               irq.o
    0x24000035   0x08006931   0x00000003   PAD
    0x24000038   0x08006934   0x00000018   Data   RW         5512    .data               mem.o
    0x24000050   0x0800694c   0x00000040   Data   RW         5603    .data               object.o
    0x24000090   0x0800698c   0x00000014   Data   RW         5678    .data               scheduler.o
    0x240000a4   0x080069a0   0x0000000c   Data   RW         5872    .data               timer.o
    0x240000b0   0x080069ac   0x00000004   Data   RW         5955    .data               cpuport.o
    0x240000b4   0x080069b0   0x00000004   Data   RW         5956    .data               cpuport.o
    0x240000b8   0x080069b4   0x00000004   Data   RW         5957    .data               cpuport.o
    0x240000bc   0x080069b8   0x00000004   Data   RW         5958    .data               cpuport.o
    0x240000c0   0x080069bc   0x00000018   Data   RW         6354    .data               shell.o
    0x240000d8        -       0x00000f24   Zero   RW          403    .bss                dev_uart.o
    0x24000ffc        -       0x00000084   Zero   RW          815    .bss                fmc.o
    0x24001080        -       0x00000178   Zero   RW         5158    .bss                idle.o
    0x240011f8        -       0x00000100   Zero   RW         5358    .bss                kservice.o
    0x240012f8        -       0x00000020   Zero   RW         5511    .bss                mem.o
    0x24001318        -       0x00000100   Zero   RW         5677    .bss                scheduler.o
    0x24001418        -       0x00003c3c   Zero   RW         6092    .bss                board.o
    0x24005054        -       0x00000101   Zero   RW         6353    .bss                shell.o
    0x24005155   0x080069d4   0x00000003   PAD
    0x24005158        -       0x00000060   Zero   RW         6488    .bss                c_w.l(libspace.o)
    0x240051b8        -       0x00000200   Zero   RW            2    HEAP                startup_stm32h750xx.o
    0x240053b8        -       0x00000400   Zero   RW            1    STACK               startup_stm32h750xx.o


==============================================================================

Image component sizes


      Code (inc. data)   RO Data    RW Data    ZI Data      Debug   Object Name

       576         76          4          0      15420      66853   board.o
       992         94          8          0          0     141126   bsp_uart.o
        56         12          0          4          0       1309   clock.o
      1908        664        635          0          0      15873   cmd.o
       198         34         16          0          0       6580   components.o
       308         26          0          0          0        900   context_rvds.o
      1436        754          0         16          0       6974   cpuport.o
       792         44          0          0          0      14952   dev_i2c_s.o
       488         50          0          0       3876       5854   dev_uart.o
       258         10          0          0          0      12590   dma.o
       142          0          0          0          0       3099   fifo.o
       540         44          0          8        132      47482   fmc.o
       124         12          0          0          0      15263   gpio.o
       158         26          0          0        376       5418   idle.o
       348          0          0          0          0       7197   ipc.o
        56         12          0          1          0       1814   irq.o
      1662        172        290          0        256      10773   kservice.o
       714        146          0         20          0      92224   main.o
       894        250         51         24         32       5883   mem.o
       862        160        154          0          0       9608   msh.o
        84          8          0          0          0       2988   nandflash.o
       322          6          0         64          0       8444   object.o
       240          0          0          0          0    1059791   ringbuffer.o
       448         58          0         20        256       8890   scheduler.o
      1036        142          4         24        257      11804   shell.o
       432         50          0          0          0     108497   spi.o
        64         26        664          0       1536        852   startup_stm32h750xx.o
       168         28          0         12          0      21141   stm32h7xx_hal.o
       184         14          0          0          0      38482   stm32h7xx_hal_cortex.o
       500          8          0          0          0       1748   stm32h7xx_hal_gpio.o
        28          6          0          0          0        894   stm32h7xx_hal_msp.o
       352         20          0          0          0       3024   stm32h7xx_hal_nand.o
       476         48          0          0          0       1466   stm32h7xx_hal_rcc.o
       202          6          0          0          0       2916   stm32h7xx_hal_sdram.o
       292         24          8          0          0      24034   stm32h7xx_it.o
       524         82          8          0          0      31580   stm32h7xx_ll_dma.o
       424          4          0          0          0       6201   stm32h7xx_ll_fmc.o
       232          0          0          0          0       7515   stm32h7xx_ll_gpio.o
      1696        218         16          0          0      57582   stm32h7xx_ll_rcc.o
       180          6          0          0          0      36742   stm32h7xx_ll_spi.o
       356         16         48          0          0      27424   stm32h7xx_ll_usart.o
        52          6          0          0          0       8160   stm32h7xx_ll_utils.o
       700        116         16          8          0       2582   system_stm32h7xx.o
       730         34          0          0          0      11731   thread.o
       796         24          0         12          0      11612   timer.o
       974         88          8          0          0      61160   usart.o

    ----------------------------------------------------------------------
     24052       3624       1964        216      22144    2029032   Object Totals
         0          0         32          0          0          0   (incl. Generated)
        48          0          2          3          3          0   (incl. Padding)

    ----------------------------------------------------------------------

      Code (inc. data)   RO Data    RW Data    ZI Data      Debug   Library Member Name

         8          0          0          0          0         68   __main.o
         0          0          0          0          0          0   __rtentry.o
        12          0          0          0          0          0   __rtentry2.o
         6          0          0          0          0          0   __rtentry4.o
        52          8          0          0          0          0   __scatter.o
        26          0          0          0          0          0   __scatter_copy.o
        28          0          0          0          0          0   __scatter_zi.o
        18          0          0          0          0         80   exit.o
         6          0          0          0          0        152   heapauxi.o
         0          0          0          0          0          0   indicate_semi.o
         2          0          0          0          0          0   libinit.o
         6          0          0          0          0          0   libinit2.o
         2          0          0          0          0          0   libshutdown.o
         2          0          0          0          0          0   libshutdown2.o
         8          4          0          0         96         68   libspace.o
        68          0          0          0          0         68   rt_memclr.o
        78          0          0          0          0         80   rt_memclr_w.o
       100          0          0          0          0         80   rt_memcpy_w.o
         2          0          0          0          0          0   rtexit.o
        10          0          0          0          0          0   rtexit2.o
        24          0          0          0          0         68   strcat.o
        62          0          0          0          0         76   strlen.o
       150          0          0          0          0         80   strncmp.o
        86          0          0          0          0         76   strncpy.o
        12          4          0          0          0         68   sys_exit.o
        74          0          0          0          0         80   sys_stackheap_outer.o
         2          0          0          0          0         68   use_no_semi.o
        10          0          0          0          0        116   fpinit.o

    ----------------------------------------------------------------------
       860         16          0          0         96       1228   Library Totals
         6          0          0          0          0          0   (incl. Padding)

    ----------------------------------------------------------------------

      Code (inc. data)   RO Data    RW Data    ZI Data      Debug   Library Name

       844         16          0          0         96       1112   c_w.l
        10          0          0          0          0        116   fz_wv.l

    ----------------------------------------------------------------------
       860         16          0          0         96       1228   Library Totals

    ----------------------------------------------------------------------

==============================================================================


      Code (inc. data)   RO Data    RW Data    ZI Data      Debug   

     24912       3640       1964        216      22240    2005340   Grand Totals
     24912       3640       1964        216      22240    2005340   ELF Image Totals
     24912       3640       1964        216          0          0   ROM Totals

==============================================================================

    Total RO  Size (Code + RO Data)                26876 (  26.25kB)
    Total RW  Size (RW Data + ZI Data)             22456 (  21.93kB)
    Total ROM Size (Code + RO Data + RW Data)      27092 (  26.46kB)

==============================================================================

