Component: ARM Compiler 5.06 update 7 (build 960) Tool: armlink [4d3601]

==============================================================================

Section Cross References

    dev_uart.o(.text) refers to fifo.o(.text) for fifo_register
    dev_uart.o(.text) refers to bsp_uart.o(.text) for bsp_uart1_dmarx_config
    dev_uart.o(.text) refers to dev_uart.o(.bss) for s_uart_dev
    main.o(.text) refers to stm32f10x_rcc.o(.text) for RCC_APB2PeriphClockCmd
    main.o(.text) refers to stm32f10x_gpio.o(.text) for GPIO_Init
    main.o(.text) refers to thread.o(.text) for rt_thread_mdelay
    main.o(.text) refers to bsp_uart.o(.text) for bsp_uart1_init
    main.o(.text) refers to dev_uart.o(.text) for uart_device_init
    main.o(.text) refers to main.o(.bss) for s_led_stack
    main.o(.text) refers to main.o(.data) for s_count
    bsp_uart.o(.text) refers to stm32f10x_rcc.o(.text) for RCC_APB2PeriphClockCmd
    bsp_uart.o(.text) refers to stm32f10x_gpio.o(.text) for GPIO_Init
    bsp_uart.o(.text) refers to stm32f10x_usart.o(.text) for USART_Init
    bsp_uart.o(.text) refers to misc.o(.text) for NVIC_Init
    bsp_uart.o(.text) refers to stm32f10x_dma.o(.text) for DMA_DeInit
    stm32f10x_it.o(.text) refers to stm32f10x_usart.o(.text) for USART_GetITStatus
    stm32f10x_it.o(.text) refers to dev_uart.o(.text) for uart_dmarx_idle_isr
    stm32f10x_it.o(.text) refers to stm32f10x_dma.o(.text) for DMA_GetITStatus
    stm32f10x_it.o(.text) refers to stm32f10x_it.o(.bss) for g_DmaRxCount
    stm32f10x_it.o(.text) refers to stm32f10x_it.o(.data) for g_DmaTxCount
    stm32f10x_adc.o(.text) refers to stm32f10x_rcc.o(.text) for RCC_APB2PeriphResetCmd
    stm32f10x_bkp.o(.text) refers to stm32f10x_rcc.o(.text) for RCC_BackupResetCmd
    stm32f10x_can.o(.text) refers to stm32f10x_rcc.o(.text) for RCC_APB1PeriphResetCmd
    stm32f10x_cec.o(.text) refers to stm32f10x_rcc.o(.text) for RCC_APB1PeriphResetCmd
    stm32f10x_dac.o(.text) refers to stm32f10x_rcc.o(.text) for RCC_APB1PeriphResetCmd
    stm32f10x_gpio.o(.text) refers to stm32f10x_rcc.o(.text) for RCC_APB2PeriphResetCmd
    stm32f10x_i2c.o(.text) refers to stm32f10x_rcc.o(.text) for RCC_APB1PeriphResetCmd
    stm32f10x_pwr.o(.text) refers to stm32f10x_rcc.o(.text) for RCC_APB1PeriphResetCmd
    stm32f10x_rcc.o(.text) refers to stm32f10x_rcc.o(.data) for APBAHBPrescTable
    stm32f10x_spi.o(.text) refers to stm32f10x_rcc.o(.text) for RCC_APB2PeriphResetCmd
    stm32f10x_tim.o(.text) refers to stm32f10x_rcc.o(.text) for RCC_APB2PeriphResetCmd
    stm32f10x_usart.o(.text) refers to stm32f10x_rcc.o(.text) for RCC_APB2PeriphResetCmd
    stm32f10x_wwdg.o(.text) refers to stm32f10x_rcc.o(.text) for RCC_APB1PeriphResetCmd
    startup_stm32f10x_hd.o(STACK) refers (Special) to heapauxi.o(.text) for __use_two_region_memory
    startup_stm32f10x_hd.o(HEAP) refers (Special) to heapauxi.o(.text) for __use_two_region_memory
    startup_stm32f10x_hd.o(RESET) refers (Special) to heapauxi.o(.text) for __use_two_region_memory
    startup_stm32f10x_hd.o(RESET) refers to startup_stm32f10x_hd.o(STACK) for __initial_sp
    startup_stm32f10x_hd.o(RESET) refers to startup_stm32f10x_hd.o(.text) for Reset_Handler
    startup_stm32f10x_hd.o(RESET) refers to stm32f10x_it.o(.text) for NMI_Handler
    startup_stm32f10x_hd.o(RESET) refers to context_rvds.o(.text) for HardFault_Handler
    startup_stm32f10x_hd.o(RESET) refers to board.o(.text) for SysTick_Handler
    startup_stm32f10x_hd.o(.text) refers (Special) to heapauxi.o(.text) for __use_two_region_memory
    startup_stm32f10x_hd.o(.text) refers to system_stm32f10x.o(.text) for SystemInit
    startup_stm32f10x_hd.o(.text) refers to __main.o(!!!main) for __main
    startup_stm32f10x_hd.o(.text) refers to startup_stm32f10x_hd.o(HEAP) for Heap_Mem
    startup_stm32f10x_hd.o(.text) refers to startup_stm32f10x_hd.o(STACK) for Stack_Mem
    system_stm32f10x.o(.text) refers to system_stm32f10x.o(.data) for SystemCoreClock
    context_rvds.o(.text) refers to cpuport.o(.text) for rt_hw_hard_fault_exception
    context_rvds.o(.text) refers to cpuport.o(.data) for rt_thread_switch_interrupt_flag
    cpuport.o(.text) refers to kservice.o(.text) for rt_kprintf
    cpuport.o(.text) refers to thread.o(.text) for rt_thread_self
    cpuport.o(.text) refers to cpuport.o(.data) for rt_exception_hook
    clock.o(.text) refers to context_rvds.o(.text) for rt_hw_interrupt_disable
    clock.o(.text) refers to thread.o(.text) for rt_thread_self
    clock.o(.text) refers to timer.o(.text) for rt_timer_check
    clock.o(.text) refers to clock.o(.data) for rt_tick
    components.o(.text) refers to main.o(.text) for $Super$$main
    components.o(.text) refers to thread.o(.text) for rt_thread_init
    components.o(.text) refers to context_rvds.o(.text) for rt_hw_interrupt_disable
    components.o(.text) refers to board.o(.text) for rt_hw_board_init
    components.o(.text) refers to kservice.o(.text) for rt_show_version
[...]
    libinit.o(.ARM.Collect$$libinit$$00000000) refers (Special) to libinit2.o(.ARM.Collect$$libinit$$00000013) for __rt_lib_init_lc_ctype_1
    libinit.o(.ARM.Collect$$libinit$$00000000) refers (Special) to libinit2.o(.ARM.Collect$$libinit$$00000015) for __rt_lib_init_lc_monetary_1
    libinit.o(.ARM.Collect$$libinit$$00000000) refers (Special) to libinit2.o(.ARM.Collect$$libinit$$00000017) for __rt_lib_init_lc_numeric_1
    libinit.o(.ARM.Collect$$libinit$$00000000) refers (Special) to libinit2.o(.ARM.Collect$$libinit$$00000019) for __rt_lib_init_lc_time_1
    libinit.o(.ARM.Collect$$libinit$$00000000) refers (Special) to libinit2.o(.ARM.Collect$$libinit$$00000004) for __rt_lib_init_preinit_1
    libinit.o(.ARM.Collect$$libinit$$00000000) refers (Special) to libinit2.o(.ARM.Collect$$libinit$$0000000E) for __rt_lib_init_rand_1
    libinit.o(.ARM.Collect$$libinit$$00000000) refers (Special) to libinit2.o(.ARM.Collect$$libinit$$00000033) for __rt_lib_init_return
    libinit.o(.ARM.Collect$$libinit$$00000000) refers (Special) to libinit2.o(.ARM.Collect$$libinit$$0000001D) for __rt_lib_init_signal_1
    libinit.o(.ARM.Collect$$libinit$$00000000) refers (Special) to libinit2.o(.ARM.Collect$$libinit$$00000025) for __rt_lib_init_stdio_1
    libinit.o(.ARM.Collect$$libinit$$00000000) refers (Special) to libinit2.o(.ARM.Collect$$libinit$$0000000C) for __rt_lib_init_user_alloc_1
    libspace.o(.text) refers to libspace.o(.bss) for __libspace_start
    rtexit.o(.ARM.Collect$$rtexit$$00000000) refers (Special) to rtexit2.o(.ARM.Collect$$rtexit$$00000004) for __rt_exit_exit
    rtexit.o(.ARM.Collect$$rtexit$$00000000) refers (Special) to rtexit2.o(.ARM.Collect$$rtexit$$00000003) for __rt_exit_ls
    rtexit.o(.ARM.Collect$$rtexit$$00000000) refers (Special) to rtexit2.o(.ARM.Collect$$rtexit$$00000002) for __rt_exit_prels_1
    rtexit.o(.ARM.exidx) refers (Special) to rtexit2.o(.ARM.Collect$$rtexit$$00000004) for __rt_exit_exit
    rtexit.o(.ARM.exidx) refers (Special) to rtexit2.o(.ARM.Collect$$rtexit$$00000003) for __rt_exit_ls
    rtexit.o(.ARM.exidx) refers (Special) to rtexit2.o(.ARM.Collect$$rtexit$$00000002) for __rt_exit_prels_1
    rtexit.o(.ARM.exidx) refers to rtexit.o(.ARM.Collect$$rtexit$$00000000) for .ARM.Collect$$rtexit$$00000000
    libinit2.o(.ARM.Collect$$libinit$$00000010) refers to libinit2.o(.ARM.Collect$$libinit$$0000000F) for .ARM.Collect$$libinit$$0000000F
    libinit2.o(.ARM.Collect$$libinit$$00000012) refers to libinit2.o(.ARM.Collect$$libinit$$0000000F) for .ARM.Collect$$libinit$$0000000F
    libinit2.o(.ARM.Collect$$libinit$$00000014) refers to libinit2.o(.ARM.Collect$$libinit$$0000000F) for .ARM.Collect$$libinit$$0000000F
    libinit2.o(.ARM.Collect$$libinit$$00000016) refers to libinit2.o(.ARM.Collect$$libinit$$0000000F) for .ARM.Collect$$libinit$$0000000F
    libinit2.o(.ARM.Collect$$libinit$$00000018) refers to libinit2.o(.ARM.Collect$$libinit$$0000000F) for .ARM.Collect$$libinit$$0000000F
    libinit2.o(.ARM.Collect$$libinit$$00000026) refers to argv_veneer.o(.emb_text) for __ARM_argv_veneer
    libinit2.o(.ARM.Collect$$libinit$$00000027) refers to argv_veneer.o(.emb_text) for __ARM_argv_veneer
    rtexit2.o(.ARM.Collect$$rtexit$$00000003) refers to libshutdown.o(.ARM.Collect$$libshutdown$$00000000) for __rt_lib_shutdown
    rtexit2.o(.ARM.Collect$$rtexit$$00000004) refers to sys_exit.o(.text) for _sys_exit
    rtexit2.o(.ARM.exidx) refers to rtexit2.o(.ARM.Collect$$rtexit$$00000001) for .ARM.Collect$$rtexit$$00000001
    rtexit2.o(.ARM.exidx) refers to rtexit2.o(.ARM.Collect$$rtexit$$00000003) for .ARM.Collect$$rtexit$$00000003
    rtexit2.o(.ARM.exidx) refers to rtexit2.o(.ARM.Collect$$rtexit$$00000004) for .ARM.Collect$$rtexit$$00000004
    argv_veneer.o(.emb_text) refers to no_argv.o(.text) for __ARM_get_argv
    sys_exit.o(.text) refers (Special) to use_no_semi.o(.text) for __I$use$semihosting
    sys_exit.o(.text) refers (Special) to indicate_semi.o(.text) for __semihosting_library_function
    _get_argv_nomalloc.o(.text) refers (Special) to hrguard.o(.text) for __heap_region$guard
    _get_argv_nomalloc.o(.text) refers to defsig_rtmem_outer.o(.text) for __rt_SIGRTMEM
    _get_argv_nomalloc.o(.text) refers to sys_command.o(.text) for _sys_command_string
    libshutdown.o(.ARM.Collect$$libshutdown$$00000000) refers (Special) to libshutdown2.o(.ARM.Collect$$libshutdown$$00000004) for __rt_lib_shutdown_cpp_1
    libshutdown.o(.ARM.Collect$$libshutdown$$00000000) refers (Special) to libshutdown2.o(.ARM.Collect$$libshutdown$$00000002) for __rt_lib_shutdown_fini_1
    libshutdown.o(.ARM.Collect$$libshutdown$$00000000) refers (Special) to libshutdown2.o(.ARM.Collect$$libshutdown$$00000009) for __rt_lib_shutdown_fp_trap_1
    libshutdown.o(.ARM.Collect$$libshutdown$$00000000) refers (Special) to libshutdown2.o(.ARM.Collect$$libshutdown$$00000011) for __rt_lib_shutdown_heap_1
    libshutdown.o(.ARM.Collect$$libshutdown$$00000000) refers (Special) to libshutdown2.o(.ARM.Collect$$libshutdown$$00000012) for __rt_lib_shutdown_return
    libshutdown.o(.ARM.Collect$$libshutdown$$00000000) refers (Special) to libshutdown2.o(.ARM.Collect$$libshutdown$$0000000C) for __rt_lib_shutdown_signal_1
    libshutdown.o(.ARM.Collect$$libshutdown$$00000000) refers (Special) to libshutdown2.o(.ARM.Collect$$libshutdown$$00000006) for __rt_lib_shutdown_stdio_1
    libshutdown.o(.ARM.Collect$$libshutdown$$00000000) refers (Special) to libshutdown2.o(.ARM.Collect$$libshutdown$$0000000E) for __rt_lib_shutdown_user_alloc_1
    sys_command.o(.text) refers (Special) to use_no_semi.o(.text) for __I$use$semihosting
    sys_command.o(.text) refers (Special) to indicate_semi.o(.text) for __semihosting_library_function
    defsig_rtmem_outer.o(.text) refers to defsig_rtmem_inner.o(.text) for __rt_SIGRTMEM_inner
    defsig_rtmem_outer.o(.text) refers to defsig_exit.o(.text) for __sig_exit
    defsig_rtmem_formal.o(.text) refers to rt_raise.o(.text) for __rt_raise
    rt_raise.o(.text) refers to __raise.o(.text) for __raise
    rt_raise.o(.text) refers to sys_exit.o(.text) for _sys_exit
    defsig_exit.o(.text) refers to sys_exit.o(.text) for _sys_exit
    defsig_rtmem_inner.o(.text) refers to defsig_general.o(.text) for __default_signal_display
    __raise.o(.text) refers to defsig.o(CL$$defsig) for __default_signal_handler
    defsig_general.o(.text) refers to sys_wrch.o(.text) for _ttywrch
    sys_wrch.o(.text) refers (Special) to use_no_semi.o(.text) for __I$use$semihosting
    sys_wrch.o(.text) refers (Special) to indicate_semi.o(.text) for __semihosting_library_function
    defsig.o(CL$$defsig) refers to defsig_rtmem_inner.o(.text) for __rt_SIGRTMEM_inner
    defsig_abrt_inner.o(.text) refers to defsig_general.o(.text) for __default_signal_display
    defsig_fpe_inner.o(.text) refers to defsig_general.o(.text) for __default_signal_display
    defsig_rtred_inner.o(.text) refers to defsig_general.o(.text) for __default_signal_display
    defsig_stak_inner.o(.text) refers to defsig_general.o(.text) for __default_signal_display
    defsig_pvfn_inner.o(.text) refers to defsig_general.o(.text) for __default_signal_display
    defsig_cppl_inner.o(.text) refers to defsig_general.o(.text) for __default_signal_display
    defsig_segv_inner.o(.text) refers to defsig_general.o(.text) for __default_signal_display
    defsig_other.o(.text) refers to defsig_general.o(.text) for __default_signal_display


==============================================================================

Removing Unused input sections from the image.

    Removing stm32f10x_adc.o(.text), (1102 bytes).
    Removing stm32f10x_bkp.o(.text), (196 bytes).
    Removing stm32f10x_can.o(.text), (2544 bytes).
    Removing stm32f10x_cec.o(.text), (288 bytes).
    Removing stm32f10x_crc.o(.text), (72 bytes).
    Removing stm32f10x_dac.o(.text), (396 bytes).
    Removing stm32f10x_dbgmcu.o(.text), (48 bytes).
    Removing stm32f10x_exti.o(.text), (284 bytes).
    Removing stm32f10x_flash.o(.text), (1468 bytes).
    Removing stm32f10x_fsmc.o(.text), (1548 bytes).
    Removing stm32f10x_i2c.o(.text), (1028 bytes).
    Removing stm32f10x_iwdg.o(.text), (64 bytes).
    Removing stm32f10x_pwr.o(.text), (204 bytes).
    Removing stm32f10x_rtc.o(.text), (328 bytes).
    Removing stm32f10x_sdio.o(.text), (468 bytes).
    Removing stm32f10x_spi.o(.text), (780 bytes).
    Removing stm32f10x_tim.o(.text), (3610 bytes).
    Removing stm32f10x_wwdg.o(.text), (136 bytes).
    Removing ipc.o(.text), (1254 bytes).

19 unused section(s) (total 15818 bytes) removed from the image.

==============================================================================

Image Symbol Table

    Local Symbols

    Symbol Name                              Value     Ov Type        Size  Object(Section)

    ../clib/angel/boardlib.s                 0x00000000   Number         0  boardshut.o ABSOLUTE
    ../clib/angel/boardlib.s                 0x00000000   Number         0  boardinit1.o ABSOLUTE
    ../clib/angel/boardlib.s                 0x00000000   Number         0  boardinit3.o ABSOLUTE
    ../clib/angel/boardlib.s                 0x00000000   Number         0  boardinit2.o ABSOLUTE
    ../clib/angel/handlers.s                 0x00000000   Number         0  __scatter_copy.o ABSOLUTE
    ../clib/angel/handlers.s                 0x00000000   Number         0  __scatter_zi.o ABSOLUTE
    ../clib/angel/kernel.s                   0x00000000   Number         0  __rtentry4.o ABSOLUTE
    ../clib/angel/kernel.s                   0x00000000   Number         0  __rtentry.o ABSOLUTE
    ../clib/angel/kernel.s                   0x00000000   Number         0  __rtentry2.o ABSOLUTE
    ../clib/angel/kernel.s                   0x00000000   Number         0  rtexit2.o ABSOLUTE
    ../clib/angel/kernel.s                   0x00000000   Number         0  rtexit.o ABSOLUTE
    ../clib/angel/rt.s                       0x00000000   Number         0  rt_raise.o ABSOLUTE
    ../clib/angel/scatter.s                  0x00000000   Number         0  __scatter.o ABSOLUTE
    ../clib/angel/startup.s                  0x00000000   Number         0  __main.o ABSOLUTE
    ../clib/angel/sys.s                      0x00000000   Number         0  libspace.o ABSOLUTE
    ../clib/angel/sys.s                      0x00000000   Number         0  indicate_semi.o ABSOLUTE
    ../clib/angel/sys.s                      0x00000000   Number         0  use_no_semi.o ABSOLUTE
    ../clib/angel/sys.s                      0x00000000   Number         0  sys_stackheap_outer.o ABSOLUTE
    ../clib/angel/sysapp.c                   0x00000000   Number         0  sys_wrch.o ABSOLUTE
    ../clib/angel/sysapp.c                   0x00000000   Number         0  sys_command.o ABSOLUTE
    ../clib/angel/sysapp.c                   0x00000000   Number         0  sys_exit.o ABSOLUTE
    ../clib/armsys.c                         0x00000000   Number         0  no_argv.o ABSOLUTE
    ../clib/armsys.c                         0x00000000   Number         0  _get_argv_nomalloc.o ABSOLUTE
    ../clib/armsys.c                         0x00000000   Number         0  argv_veneer.o ABSOLUTE
    ../clib/armsys.c                         0x00000000   Number         0  argv_veneer.o ABSOLUTE
    ../clib/heapalloc.c                      0x00000000   Number         0  hrguard.o ABSOLUTE
    ../clib/heapaux.c                        0x00000000   Number         0  heapauxi.o ABSOLUTE
    ../clib/libinit.s                        0x00000000   Number         0  libshutdown.o ABSOLUTE
    ../clib/libinit.s                        0x00000000   Number         0  libshutdown2.o ABSOLUTE
    ../clib/libinit.s                        0x00000000   Number         0  libinit.o ABSOLUTE
    ../clib/libinit.s                        0x00000000   Number         0  libinit2.o ABSOLUTE
    ../clib/signal.c                         0x00000000   Number         0  defsig_rtmem_inner.o ABSOLUTE
    ../clib/signal.c                         0x00000000   Number         0  defsig_exit.o ABSOLUTE
    ../clib/signal.c                         0x00000000   Number         0  defsig_rtmem_formal.o ABSOLUTE
    ../clib/signal.c                         0x00000000   Number         0  defsig_rtmem_outer.o ABSOLUTE
    ../clib/signal.c                         0x00000000   Number         0  defsig_other.o ABSOLUTE
    ../clib/signal.c                         0x00000000   Number         0  defsig_segv_inner.o ABSOLUTE
    ../clib/signal.c                         0x00000000   Number         0  defsig_cppl_inner.o ABSOLUTE
    ../clib/signal.c                         0x00000000   Number         0  defsig_stak_inner.o ABSOLUTE
    ../clib/signal.c                         0x00000000   Number         0  defsig_rtred_inner.o ABSOLUTE
    ../clib/signal.c                         0x00000000   Number         0  defsig_fpe_inner.o ABSOLUTE
    ../clib/signal.c                         0x00000000   Number         0  defsig_abrt_inner.o ABSOLUTE
    ../clib/signal.c                         0x00000000   Number         0  defsig_general.o ABSOLUTE
    ../clib/signal.c                         0x00000000   Number         0  __raise.o ABSOLUTE
    ../clib/signal.c                         0x00000000   Number         0  defsig_pvfn_inner.o ABSOLUTE
    ../clib/signal.s                         0x00000000   Number         0  defsig.o ABSOLUTE
    ../clib/stdlib.c                         0x00000000   Number         0  exit.o ABSOLUTE
    ../fplib/fpinit.s                        0x00000000   Number         0  fpinit.o ABSOLUTE
    ..\..\Source\App\dev_uart.c              0x00000000   Number         0  dev_uart.o ABSOLUTE
    ..\..\Source\App\main.c                  0x00000000   Number         0  main.o ABSOLUTE
    ..\..\Source\Bsp\bsp_uart.c              0x00000000   Number         0  bsp_uart.o ABSOLUTE
    ..\..\Source\Bsp\stm32f10x_it.c          0x00000000   Number         0  stm32f10x_it.o ABSOLUTE
    ..\..\Source\Components\fifo.c           0x00000000   Number         0  fifo.o ABSOLUTE
    ..\..\Source\Libraries\CMSIS\CM3\DeviceSupport\ST\STM32F10x\startup\arm\startup_stm32f10x_hd.s 0x00000000   Number         0  startup_stm32f10x_hd.o ABSOLUTE
    ..\..\Source\Libraries\CMSIS\CM3\DeviceSupport\ST\STM32F10x\system_stm32f10x.c 0x00000000   Number         0  system_stm32f10x.o ABSOLUTE
    ..\..\Source\Libraries\STM32F10x_StdPeriph_Driver\src\misc.c 0x00000000   Number         0  misc.o ABSOLUTE
    ..\..\Source\Libraries\STM32F10x_StdPeriph_Driver\src\stm32f10x_adc.c 0x00000000   Number         0  stm32f10x_adc.o ABSOLUTE
    ..\..\Source\Libraries\STM32F10x_StdPeriph_Driver\src\stm32f10x_bkp.c 0x00000000   Number         0  stm32f10x_bkp.o ABSOLUTE
    ..\..\Source\Libraries\STM32F10x_StdPeriph_Driver\src\stm32f10x_can.c 0x00000000   Number         0  stm32f10x_can.o ABSOLUTE
    ..\..\Source\Libraries\STM32F10x_StdPeriph_Driver\src\stm32f10x_cec.c 0x00000000   Number         0  stm32f10x_cec.o ABSOLUTE
    ..\..\Source\Libraries\STM32F10x_StdPeriph_Driver\src\stm32f10x_crc.c 0x00000000   Number         0  stm32f10x_crc.o ABSOLUTE
    ..\..\Source\Libraries\STM32F10x_StdPeriph_Driver\src\stm32f10x_dac.c 0x00000000   Number         0  stm32f10x_dac.o ABSOLUTE
    ..\..\Source\Libraries\STM32F10x_StdPeriph_Driver\src\stm32f10x_dbgmcu.c 0x00000000   Number         0  stm32f10x_dbgmcu.o ABSOLUTE
    ..\..\Source\Libraries\STM32F10x_StdPeriph_Driver\src\stm32f10x_dma.c 0x00000000   Number         0  stm32f10x_dma.o ABSOLUTE
    ..\..\Source\Libraries\STM32F10x_StdPeriph_Driver\src\stm32f10x_exti.c 0x00000000   Number         0  stm32f10x_exti.o ABSOLUTE
    ..\..\Source\Libraries\STM32F10x_StdPeriph_Driver\src\stm32f10x_flash.c 0x00000000   Number         0  stm32f10x_flash.o ABSOLUTE
    ..\..\Source\Libraries\STM32F10x_StdPeriph_Driver\src\stm32f10x_fsmc.c 0x00000000   Number         0  stm32f10x_fsmc.o ABSOLUTE
    ..\..\Source\Libraries\STM32F10x_StdPeriph_Driver\src\stm32f10x_gpio.c 0x00000000   Number         0  stm32f10x_gpio.o ABSOLUTE
    ..\..\Source\Libraries\STM32F10x_StdPeriph_Driver\src\stm32f10x_i2c.c 0x00000000   Number         0  stm32f10x_i2c.o ABSOLUTE
    ..\..\Source\Libraries\STM32F10x_StdPeriph_Driver\src\stm32f10x_iwdg.c 0x00000000   Number         0  stm32f10x_iwdg.o ABSOLUTE
    ..\..\Source\Libraries\STM32F10x_StdPeriph_Driver\src\stm32f10x_pwr.c 0x00000000   Number         0  stm32f10x_pwr.o ABSOLUTE
    ..\..\Source\Libraries\STM32F10x_StdPeriph_Driver\src\stm32f10x_rcc.c 0x00000000   Number         0  stm32f10x_rcc.o ABSOLUTE
    ..\..\Source\Libraries\STM32F10x_StdPeriph_Driver\src\stm32f10x_rtc.c 0x00000000   Number         0  stm32f10x_rtc.o ABSOLUTE
    ..\..\Source\Libraries\STM32F10x_StdPeriph_Driver\src\stm32f10x_sdio.c 0x00000000   Number         0  stm32f10x_sdio.o ABSOLUTE
    ..\..\Source\Libraries\STM32F10x_StdPeriph_Driver\src\stm32f10x_spi.c 0x00000000   Number         0  stm32f10x_spi.o ABSOLUTE
    ..\..\Source\Libraries\STM32F10x_StdPeriph_Driver\src\stm32f10x_tim.c 0x00000000   Number         0  stm32f10x_tim.o ABSOLUTE
    ..\..\Source\Libraries\STM32F10x_StdPeriph_Driver\src\stm32f10x_usart.c 0x00000000   Number         0  stm32f10x_usart.o ABSOLUTE
    ..\..\Source\Libraries\STM32F10x_StdPeriph_Driver\src\stm32f10x_wwdg.c 0x00000000   Number         0  stm32f10x_wwdg.o ABSOLUTE
    C:\Users\11050\AppData\Local\Arm\Packs\RealThread\RT-Thread\3.1.5\libcpu\arm\cortex-m3\context_rvds.S 0x00000000   Number         0  context_rvds.o ABSOLUTE
    C:\Users\11050\AppData\Local\Arm\Packs\RealThread\RT-Thread\3.1.5\libcpu\arm\cortex-m3\cpuport.c 0x00000000   Number         0  cpuport.o ABSOLUTE
    C:\Users\11050\AppData\Local\Arm\Packs\RealThread\RT-Thread\3.1.5\src\clock.c 0x00000000   Number         0  clock.o ABSOLUTE
    C:\Users\11050\AppData\Local\Arm\Packs\RealThread\RT-Thread\3.1.5\src\components.c 0x00000000   Number         0  components.o ABSOLUTE
    C:\Users\11050\AppData\Local\Arm\Packs\RealThread\RT-Thread\3.1.5\src\idle.c 0x00000000   Number         0  idle.o ABSOLUTE
    C:\Users\11050\AppData\Local\Arm\Packs\RealThread\RT-Thread\3.1.5\src\ipc.c 0x00000000   Number         0  ipc.o ABSOLUTE
    C:\Users\11050\AppData\Local\Arm\Packs\RealThread\RT-Thread\3.1.5\src\irq.c 0x00000000   Number         0  irq.o ABSOLUTE
    C:\Users\11050\AppData\Local\Arm\Packs\RealThread\RT-Thread\3.1.5\src\kservice.c 0x00000000   Number         0  kservice.o ABSOLUTE
    C:\Users\11050\AppData\Local\Arm\Packs\RealThread\RT-Thread\3.1.5\src\mem.c 0x00000000   Number         0  mem.o ABSOLUTE
    C:\Users\11050\AppData\Local\Arm\Packs\RealThread\RT-Thread\3.1.5\src\mempool.c 0x00000000   Number         0  mempool.o ABSOLUTE
    C:\Users\11050\AppData\Local\Arm\Packs\RealThread\RT-Thread\3.1.5\src\object.c 0x00000000   Number         0  object.o ABSOLUTE
    C:\Users\11050\AppData\Local\Arm\Packs\RealThread\RT-Thread\3.1.5\src\scheduler.c 0x00000000   Number         0  scheduler.o ABSOLUTE
    C:\Users\11050\AppData\Local\Arm\Packs\RealThread\RT-Thread\3.1.5\src\thread.c 0x00000000   Number         0  thread.o ABSOLUTE
    C:\Users\11050\AppData\Local\Arm\Packs\RealThread\RT-Thread\3.1.5\src\timer.c 0x00000000   Number         0  timer.o ABSOLUTE
    RTE\RTOS\board.c                         0x00000000   Number         0  board.o ABSOLUTE
    dc.s                                     0x00000000   Number         0  dc.o ABSOLUTE
    RESET                                    0x08000000   Section      304  startup_stm32f10x_hd.o(RESET)
    !!!main                                  0x08000130   Section        8  __main.o(!!!main)
    !!!scatter                               0x08000138   Section       52  __scatter.o(!!!scatter)
    !!handler_copy                           0x0800016c   Section       26  __scatter_copy.o(!!handler_copy)
    !!handler_zi                             0x08000188   Section       28  __scatter_zi.o(!!handler_zi)
    .ARM.Collect$$libinit$$00000000          0x080001a4   Section        2  libinit.o(.ARM.Collect$$libinit$$00000000)
    .ARM.Collect$$libinit$$00000002          0x080001a6   Section        0  libinit2.o(.ARM.Collect$$libinit$$00000002)
    .ARM.Collect$$libinit$$00000004          0x080001a6   Section        0  libinit2.o(.ARM.Collect$$libinit$$00000004)
    .ARM.Collect$$libinit$$0000000A          0x080001a6   Section        0  libinit2.o(.ARM.Collect$$libinit$$0000000A)
    .ARM.Collect$$libinit$$0000000C          0x080001a6   Section        0  libinit2.o(.ARM.Collect$$libinit$$0000000C)
    .ARM.Collect$$libinit$$0000000E          0x080001a6   Section        0  libinit2.o(.ARM.Collect$$libinit$$0000000E)
    .ARM.Collect$$libinit$$00000011          0x080001a6   Section        0  libinit2.o(.ARM.Collect$$libinit$$00000011)
    .ARM.Collect$$libinit$$00000013          0x080001a6   Section        0  libinit2.o(.ARM.Collect$$libinit$$00000013)
    .ARM.Collect$$libinit$$00000015          0x080001a6   Section        0  libinit2.o(.ARM.Collect$$libinit$$00000015)
    .ARM.Collect$$libinit$$00000017          0x080001a6   Section        0  libinit2.o(.ARM.Collect$$libinit$$00000017)
    .ARM.Collect$$libinit$$00000019          0x080001a6   Section        0  libinit2.o(.ARM.Collect$$libinit$$00000019)
    .ARM.Collect$$libinit$$0000001B          0x080001a6   Section        0  libinit2.o(.ARM.Collect$$libinit$$0000001B)
    .ARM.Collect$$libinit$$0000001D          0x080001a6   Section        0  libinit2.o(.ARM.Collect$$libinit$$0000001D)
    .ARM.Collect$$libinit$$0000001F          0x080001a6   Section        0  libinit2.o(.ARM.Collect$$libinit$$0000001F)
    .ARM.Collect$$libinit$$00000021          0x080001a6   Section        0  libinit2.o(.ARM.Collect$$libinit$$00000021)
    .ARM.Collect$$libinit$$00000023          0x080001a6   Section        0  libinit2.o(.ARM.Collect$$libinit$$00000023)
    .ARM.Collect$$libinit$$00000025          0x080001a6   Section        0  libinit2.o(.ARM.Collect$$libinit$$00000025)
    .ARM.Collect$$libinit$$0000002C          0x080001a6   Section        0  libinit2.o(.ARM.Collect$$libinit$$0000002C)
    .ARM.Collect$$libinit$$0000002E          0x080001a6   Section        0  libinit2.o(.ARM.Collect$$libinit$$0000002E)
    .ARM.Collect$$libinit$$00000030          0x080001a6   Section        0  libinit2.o(.ARM.Collect$$libinit$$00000030)
    .ARM.Collect$$libinit$$00000032          0x080001a6   Section        0  libinit2.o(.ARM.Collect$$libinit$$00000032)
    .ARM.Collect$$libinit$$00000033          0x080001a6   Section        2  libinit2.o(.ARM.Collect$$libinit$$00000033)
    .ARM.Collect$$libshutdown$$00000000      0x080001a8   Section        2  libshutdown.o(.ARM.Collect$$libshutdown$$00000000)
    .ARM.Collect$$libshutdown$$00000002      0x080001aa   Section        0  libshutdown2.o(.ARM.Collect$$libshutdown$$00000002)
    .ARM.Collect$$libshutdown$$00000004      0x080001aa   Section        0  libshutdown2.o(.ARM.Collect$$libshutdown$$00000004)
    .ARM.Collect$$libshutdown$$00000006      0x080001aa   Section        0  libshutdown2.o(.ARM.Collect$$libshutdown$$00000006)
    .ARM.Collect$$libshutdown$$00000009      0x080001aa   Section        0  libshutdown2.o(.ARM.Collect$$libshutdown$$00000009)
    .ARM.Collect$$libshutdown$$0000000C      0x080001aa   Section        0  libshutdown2.o(.ARM.Collect$$libshutdown$$0000000C)
    .ARM.Collect$$libshutdown$$0000000E      0x080001aa   Section        0  libshutdown2.o(.ARM.Collect$$libshutdown$$0000000E)
    .ARM.Collect$$libshutdown$$00000011      0x080001aa   Section        0  libshutdown2.o(.ARM.Collect$$libshutdown$$00000011)
    .ARM.Collect$$libshutdown$$00000012      0x080001aa   Section        2  libshutdown2.o(.ARM.Collect$$libshutdown$$00000012)
    .ARM.Collect$$rtentry$$00000000          0x080001ac   Section        0  __rtentry.o(.ARM.Collect$$rtentry$$00000000)
    .ARM.Collect$$rtentry$$00000002          0x080001ac   Section        0  __rtentry2.o(.ARM.Collect$$rtentry$$00000002)
    .ARM.Collect$$rtentry$$00000004          0x080001ac   Section        6  __rtentry4.o(.ARM.Collect$$rtentry$$00000004)
    .ARM.Collect$$rtentry$$00000009          0x080001b2   Section        0  __rtentry2.o(.ARM.Collect$$rtentry$$00000009)
    .ARM.Collect$$rtentry$$0000000A          0x080001b2   Section        4  __rtentry2.o(.ARM.Collect$$rtentry$$0000000A)
    .ARM.Collect$$rtentry$$0000000C          0x080001b6   Section        0  __rtentry2.o(.ARM.Collect$$rtentry$$0000000C)
    .ARM.Collect$$rtentry$$0000000D          0x080001b6   Section        8  __rtentry2.o(.ARM.Collect$$rtentry$$0000000D)
    .ARM.Collect$$rtexit$$00000000           0x080001be   Section        2  rtexit.o(.ARM.Collect$$rtexit$$00000000)
    .ARM.Collect$$rtexit$$00000002           0x080001c0   Section        0  rtexit2.o(.ARM.Collect$$rtexit$$00000002)
    .ARM.Collect$$rtexit$$00000003           0x080001c0   Section        4  rtexit2.o(.ARM.Collect$$rtexit$$00000003)
    .ARM.Collect$$rtexit$$00000004           0x080001c4   Section        6  rtexit2.o(.ARM.Collect$$rtexit$$00000004)
    .text                                    0x080001cc   Section        0  dev_uart.o(.text)
    fifo_lock                                0x080001cd   Thumb Code     2  dev_uart.o(.text)
    fifo_unlock                              0x080001cf   Thumb Code     2  dev_uart.o(.text)
    .text                                    0x080006a8   Section        0  main.o(.text)
    led_thread_entry                         0x080006cf   Thumb Code    40  main.o(.text)
    .text                                    0x080007a8   Section        0  bsp_uart.o(.text)
    bsp_uart1_gpio_init                      0x080007a9   Thumb Code    60  bsp_uart.o(.text)
    bsp_uart2_gpio_init                      0x080007e5   Thumb Code    58  bsp_uart.o(.text)
    .text                                    0x08000bb8   Section        0  stm32f10x_it.o(.text)
    .text                                    0x08000d28   Section        0  fifo.o(.text)
    .text                                    0x08000e6c   Section        0  misc.o(.text)
    .text                                    0x08000f48   Section        0  stm32f10x_dma.o(.text)
    .text                                    0x0800119c   Section        0  stm32f10x_gpio.o(.text)
    .text                                    0x080014f8   Section        0  stm32f10x_rcc.o(.text)
    .text                                    0x0800189c   Section        0  stm32f10x_usart.o(.text)
    .text                                    0x08001ca4   Section       64  startup_stm32f10x_hd.o(.text)
    .text                                    0x08001ce4   Section        0  system_stm32f10x.o(.text)
    SetSysClockTo72                          0x08001ce5   Thumb Code   214  system_stm32f10x.o(.text)
    SetSysClock                              0x08001dbb   Thumb Code     8  system_stm32f10x.o(.text)
    .text                                    0x08001ec4   Section      244  context_rvds.o(.text)
    .text                                    0x08001fb8   Section        0  cpuport.o(.text)
    .text                                    0x08002230   Section        0  clock.o(.text)
    .text                                    0x080022b4   Section        0  components.o(.text)
    rti_start                                0x080022b5   Thumb Code     4  components.o(.text)
    rti_board_start                          0x080022b9   Thumb Code     4  components.o(.text)
    rti_board_end                            0x080022bd   Thumb Code     4  components.o(.text)
    rti_end                                  0x080022c1   Thumb Code     4  components.o(.text)
    .text                                    0x08002378   Section        0  idle.o(.text)
    rt_thread_idle_entry                     0x0800237b   Thumb Code     8  idle.o(.text)
    .text                                    0x080023c0   Section        0  irq.o(.text)
    .text                                    0x08002410   Section        0  kservice.o(.text)
    print_number                             0x080026ad   Thumb Code   414  kservice.o(.text)
    skip_atoi                                0x0800284b   Thumb Code    38  kservice.o(.text)
    .text                                    0x08002d48   Section        0  object.o(.text)
    .text                                    0x08002efc   Section        0  scheduler.o(.text)
    rt_list_init                             0x080030b3   Thumb Code     6  scheduler.o(.text)
    .text                                    0x080030d4   Section        0  thread.o(.text)
    rt_list_insert_after                     0x080030d5   Thumb Code    14  thread.o(.text)
    rt_list_remove                           0x080030e3   Thumb Code    18  thread.o(.text)
    _thread_cleanup_execute                  0x080030f5   Thumb Code    28  thread.o(.text)
    _rt_thread_init                          0x0800317f   Thumb Code   128  thread.o(.text)
    .text                                    0x08003510   Section        0  timer.o(.text)
    rt_list_insert_after                     0x08003511   Thumb Code    14  timer.o(.text)
    rt_list_remove                           0x0800351f   Thumb Code    18  timer.o(.text)
    _rt_timer_init                           0x08003531   Thumb Code    66  timer.o(.text)
    rt_timer_list_next_timeout               0x08003573   Thumb Code    44  timer.o(.text)
    _rt_timer_remove                         0x0800359f   Thumb Code    28  timer.o(.text)
    rt_list_init                             0x08003849   Thumb Code     6  timer.o(.text)
    rt_list_isempty                          0x0800384f   Thumb Code    16  timer.o(.text)
    .text                                    0x08003868   Section        0  board.o(.text)
    _SysTick_Config                          0x08003869   Thumb Code    44  board.o(.text)
    .text                                    0x080038cc   Section        0  heapauxi.o(.text)
    .text                                    0x080038d2   Section       74  sys_stackheap_outer.o(.text)
    .text                                    0x0800391c   Section        0  exit.o(.text)
    .text                                    0x08003930   Section        8  libspace.o(.text)
    .text                                    0x08003938   Section        0  sys_exit.o(.text)
    .text                                    0x08003944   Section        2  use_no_semi.o(.text)
    .constdata                               0x08003946   Section      290  kservice.o(.constdata)
    .text                                    0x08003946   Section        0  indicate_semi.o(.text)
    small_digits                             0x08003a46   Data          17  kservice.o(.constdata)
    large_digits                             0x08003a57   Data          17  kservice.o(.constdata)
    .rti_fn.0                                0x08003a68   Section        4  components.o(.rti_fn.0)
    __tagsym$$used                           0x08003a68   Number         0  components.o(.rti_fn.0)
    .rti_fn.0.end                            0x08003a6c   Section        4  components.o(.rti_fn.0.end)
    __tagsym$$used                           0x08003a6c   Number         0  components.o(.rti_fn.0.end)
    .rti_fn.1.end                            0x08003a70   Section        4  components.o(.rti_fn.1.end)
    __tagsym$$used                           0x08003a70   Number         0  components.o(.rti_fn.1.end)
    .rti_fn.6.end                            0x08003a74   Section        4  components.o(.rti_fn.6.end)
    __tagsym$$used                           0x08003a74   Number         0  components.o(.rti_fn.6.end)
    .data                                    0x20000000   Section        4  main.o(.data)
    s_count                                  0x20000000   Data           4  main.o(.data)
    .data                                    0x20000004   Section        8  stm32f10x_it.o(.data)
    .data                                    0x2000000c   Section       20  stm32f10x_rcc.o(.data)
    APBAHBPrescTable                         0x2000000c   Data          16  stm32f10x_rcc.o(.data)
    ADCPrescTable                            0x2000001c   Data           4  stm32f10x_rcc.o(.data)
    .data                                    0x20000020   Section       20  system_stm32f10x.o(.data)
    .data                                    0x20000034   Section       16  cpuport.o(.data)
    rt_exception_hook                        0x20000040   Data           4  cpuport.o(.data)
    .data                                    0x20000044   Section        4  clock.o(.data)
    rt_tick                                  0x20000044   Data           4  clock.o(.data)
    .data                                    0x20000048   Section        1  irq.o(.data)
    .data                                    0x2000004c   Section        4  kservice.o(.data)
    __rt_errno                               0x2000004c   Data           4  kservice.o(.data)
    .data                                    0x20000050   Section       64  object.o(.data)
    rt_object_container                      0x20000050   Data          64  object.o(.data)
    .data                                    0x20000090   Section       24  scheduler.o(.data)
    rt_scheduler_lock_nest                   0x20000094   Data           2  scheduler.o(.data)
    .data                                    0x200000a8   Section       12  timer.o(.data)
    rt_timer_list                            0x200000a8   Data           8  timer.o(.data)
    random_nr                                0x200000b0   Data           4  timer.o(.data)
    .bss                                     0x200000b4   Section     5224  dev_uart.o(.bss)
    s_uart1_tx_buf                           0x200000b4   Data        2048  dev_uart.o(.bss)
    s_uart1_rx_buf                           0x200008b4   Data        2048  dev_uart.o(.bss)
    s_uart1_dmarx_buf                        0x200010b4   Data         128  dev_uart.o(.bss)
    s_uart1_dmatx_buf                        0x20001134   Data          64  dev_uart.o(.bss)
    s_uart2_tx_buf                           0x20001174   Data         256  dev_uart.o(.bss)
    s_uart2_rx_buf                           0x20001274   Data         128  dev_uart.o(.bss)
    s_uart2_dmarx_buf                        0x200012f4   Data         256  dev_uart.o(.bss)
    s_uart2_dmatx_buf                        0x200013f4   Data         128  dev_uart.o(.bss)
    s_uart_dev                               0x20001474   Data         152  dev_uart.o(.bss)
    .bss                                     0x2000151c   Section      376  main.o(.bss)
    s_led_stack                              0x2000151c   Data         256  main.o(.bss)
    led_thread                               0x2000161c   Data         120  main.o(.bss)
    .bss                                     0x20001694   Section       40  stm32f10x_it.o(.bss)
    .bss                                     0x200016c0   Section     1144  components.o(.bss)
    main_stack                               0x200016c0   Data        1024  components.o(.bss)
    .bss                                     0x20001b38   Section      248  idle.o(.bss)
    idle                                     0x20001b38   Data         120  idle.o(.bss)
    rt_thread_stack                          0x20001bb0   Data         128  idle.o(.bss)
    .bss                                     0x20001c30   Section      128  kservice.o(.bss)
    rt_log_buf                               0x20001c30   Data         128  kservice.o(.bss)
    .bss                                     0x20001cb0   Section       64  scheduler.o(.bss)
    .bss                                     0x20001cf0   Section       96  libspace.o(.bss)
    HEAP                                     0x20001d50   Section      512  startup_stm32f10x_hd.o(HEAP)
    Heap_Mem                                 0x20001d50   Data         512  startup_stm32f10x_hd.o(HEAP)
    STACK                                    0x20001f50   Section     1024  startup_stm32f10x_hd.o(STACK)
    Stack_Mem                                0x20001f50   Data        1024  startup_stm32f10x_hd.o(STACK)
    __initial_sp                             0x20002350   Data           0  startup_stm32f10x_hd.o(STACK)

    Global Symbols

    Symbol Name                              Value     Ov Type        Size  Object(Section)

    BuildAttributes$$THM_ISAv4$P$D$K$B$S$PE$A:L22UL41UL21$X:L11$S22US41US21$IEEE1$IW$USESV6$~STKCKD$USESV7$~SHL$OSPACE$ROPI$EBA8$UX$STANDARDLIB$REQ8$PRES8$EABIv2 0x00000000   Number         0  anon$$obj.o ABSOLUTE
    __ARM_use_no_argv                        0x00000000   Number         0  main.o ABSOLUTE
    __ARM_exceptions_init                     - Undefined Weak Reference
    __alloca_initialize                       - Undefined Weak Reference
    __arm_fini_                               - Undefined Weak Reference
    __arm_preinit_                            - Undefined Weak Reference
    __cpp_initialize__aeabi_                  - Undefined Weak Reference
    __cxa_finalize                            - Undefined Weak Reference
    __rt_locale                               - Undefined Weak Reference
    __sigvec_lookup                           - Undefined Weak Reference
    _atexit_init                              - Undefined Weak Reference
    _call_atexit_fns                          - Undefined Weak Reference
    _clock_init                               - Undefined Weak Reference
    _fp_trap_init                             - Undefined Weak Reference
    _fp_trap_shutdown                         - Undefined Weak Reference
    _get_lc_collate                           - Undefined Weak Reference
    _get_lc_ctype                             - Undefined Weak Reference
    _get_lc_monetary                          - Undefined Weak Reference
    _get_lc_numeric                           - Undefined Weak Reference
    _get_lc_time                              - Undefined Weak Reference
    _getenv_init                              - Undefined Weak Reference
    _handle_redirection                       - Undefined Weak Reference
    _init_alloc                               - Undefined Weak Reference
    _init_user_alloc                          - Undefined Weak Reference
    _initio                                   - Undefined Weak Reference
    _rand_init                                - Undefined Weak Reference
    _signal_finish                            - Undefined Weak Reference
    _signal_init                              - Undefined Weak Reference
    _terminate_alloc                          - Undefined Weak Reference
    _terminate_user_alloc                     - Undefined Weak Reference
    _terminateio                              - Undefined Weak Reference
    __Vectors_Size                           0x00000130   Number         0  startup_stm32f10x_hd.o ABSOLUTE
    __Vectors                                0x08000000   Data           4  startup_stm32f10x_hd.o(RESET)
    __Vectors_End                            0x08000130   Data           0  startup_stm32f10x_hd.o(RESET)
    __main                                   0x08000131   Thumb Code     8  __main.o(!!!main)
    __scatterload                            0x08000139   Thumb Code     0  __scatter.o(!!!scatter)
    __scatterload_rt2                        0x08000139   Thumb Code    44  __scatter.o(!!!scatter)
    __scatterload_rt2_thumb_only             0x08000139   Thumb Code     0  __scatter.o(!!!scatter)
    __scatterload_null                       0x08000147   Thumb Code     0  __scatter.o(!!!scatter)
    __scatterload_copy                       0x0800016d   Thumb Code    26  __scatter_copy.o(!!handler_copy)
    __scatterload_zeroinit                   0x08000189   Thumb Code    28  __scatter_zi.o(!!handler_zi)
    __rt_lib_init                            0x080001a5   Thumb Code     0  libinit.o(.ARM.Collect$$libinit$$00000000)
    __rt_lib_init_alloca_1                   0x080001a7   Thumb Code     0  libinit2.o(.ARM.Collect$$libinit$$0000002E)
    __rt_lib_init_argv_1                     0x080001a7   Thumb Code     0  libinit2.o(.ARM.Collect$$libinit$$0000002C)
    __rt_lib_init_atexit_1                   0x080001a7   Thumb Code     0  libinit2.o(.ARM.Collect$$libinit$$0000001B)
    __rt_lib_init_clock_1                    0x080001a7   Thumb Code     0  libinit2.o(.ARM.Collect$$libinit$$00000021)
    __rt_lib_init_cpp_1                      0x080001a7   Thumb Code     0  libinit2.o(.ARM.Collect$$libinit$$00000032)
    __rt_lib_init_exceptions_1               0x080001a7   Thumb Code     0  libinit2.o(.ARM.Collect$$libinit$$00000030)
    __rt_lib_init_fp_1                       0x080001a7   Thumb Code     0  libinit2.o(.ARM.Collect$$libinit$$00000002)
    __rt_lib_init_fp_trap_1                  0x080001a7   Thumb Code     0  libinit2.o(.ARM.Collect$$libinit$$0000001F)
    __rt_lib_init_getenv_1                   0x080001a7   Thumb Code     0  libinit2.o(.ARM.Collect$$libinit$$00000023)
    __rt_lib_init_heap_1                     0x080001a7   Thumb Code     0  libinit2.o(.ARM.Collect$$libinit$$0000000A)
    __rt_lib_init_lc_collate_1               0x080001a7   Thumb Code     0  libinit2.o(.ARM.Collect$$libinit$$00000011)
    __rt_lib_init_lc_ctype_1                 0x080001a7   Thumb Code     0  libinit2.o(.ARM.Collect$$libinit$$00000013)
    __rt_lib_init_lc_monetary_1              0x080001a7   Thumb Code     0  libinit2.o(.ARM.Collect$$libinit$$00000015)
    __rt_lib_init_lc_numeric_1               0x080001a7   Thumb Code     0  libinit2.o(.ARM.Collect$$libinit$$00000017)
    __rt_lib_init_lc_time_1                  0x080001a7   Thumb Code     0  libinit2.o(.ARM.Collect$$libinit$$00000019)
    __rt_lib_init_preinit_1                  0x080001a7   Thumb Code     0  libinit2.o(.ARM.Collect$$libinit$$00000004)
    __rt_lib_init_rand_1                     0x080001a7   Thumb Code     0  libinit2.o(.ARM.Collect$$libinit$$0000000E)
    __rt_lib_init_return                     0x080001a7   Thumb Code     0  libinit2.o(.ARM.Collect$$libinit$$00000033)
    __rt_lib_init_signal_1                   0x080001a7   Thumb Code     0  libinit2.o(.ARM.Collect$$libinit$$0000001D)
    __rt_lib_init_stdio_1                    0x080001a7   Thumb Code     0  libinit2.o(.ARM.Collect$$libinit$$00000025)
    __rt_lib_init_user_alloc_1               0x080001a7   Thumb Code     0  libinit2.o(.ARM.Collect$$libinit$$0000000C)
    __rt_lib_shutdown                        0x080001a9   Thumb Code     0  libshutdown.o(.ARM.Collect$$libshutdown$$00000000)
    __rt_lib_shutdown_cpp_1                  0x080001ab   Thumb Code     0  libshutdown2.o(.ARM.Collect$$libshutdown$$00000004)
    __rt_lib_shutdown_fini_1                 0x080001ab   Thumb Code     0  libshutdown2.o(.ARM.Collect$$libshutdown$$00000002)
    __rt_lib_shutdown_fp_trap_1              0x080001ab   Thumb Code     0  libshutdown2.o(.ARM.Collect$$libshutdown$$00000009)
    __rt_lib_shutdown_heap_1                 0x080001ab   Thumb Code     0  libshutdown2.o(.ARM.Collect$$libshutdown$$00000011)
    __rt_lib_shutdown_return                 0x080001ab   Thumb Code     0  libshutdown2.o(.ARM.Collect$$libshutdown$$00000012)
    __rt_lib_shutdown_signal_1               0x080001ab   Thumb Code     0  libshutdown2.o(.ARM.Collect$$libshutdown$$0000000C)
    __rt_lib_shutdown_stdio_1                0x080001ab   Thumb Code     0  libshutdown2.o(.ARM.Collect$$libshutdown$$00000006)
    __rt_lib_shutdown_user_alloc_1           0x080001ab   Thumb Code     0  libshutdown2.o(.ARM.Collect$$libshutdown$$0000000E)
    __rt_entry                               0x080001ad   Thumb Code     0  __rtentry.o(.ARM.Collect$$rtentry$$00000000)
    __rt_entry_presh_1                       0x080001ad   Thumb Code     0  __rtentry2.o(.ARM.Collect$$rtentry$$00000002)
    __rt_entry_sh                            0x080001ad   Thumb Code     0  __rtentry4.o(.ARM.Collect$$rtentry$$00000004)
    __rt_entry_li                            0x080001b3   Thumb Code     0  __rtentry2.o(.ARM.Collect$$rtentry$$0000000A)
    __rt_entry_postsh_1                      0x080001b3   Thumb Code     0  __rtentry2.o(.ARM.Collect$$rtentry$$00000009)
    __rt_entry_main                          0x080001b7   Thumb Code     0  __rtentry2.o(.ARM.Collect$$rtentry$$0000000D)
    __rt_entry_postli_1                      0x080001b7   Thumb Code     0  __rtentry2.o(.ARM.Collect$$rtentry$$0000000C)
    __rt_exit                                0x080001bf   Thumb Code     0  rtexit.o(.ARM.Collect$$rtexit$$00000000)
    __rt_exit_ls                             0x080001c1   Thumb Code     0  rtexit2.o(.ARM.Collect$$rtexit$$00000003)
    __rt_exit_prels_1                        0x080001c1   Thumb Code     0  rtexit2.o(.ARM.Collect$$rtexit$$00000002)
    __rt_exit_exit                           0x080001c5   Thumb Code     0  rtexit2.o(.ARM.Collect$$rtexit$$00000004)
    uart_device_init                         0x080001d1   Thumb Code   356  dev_uart.o(.text)
    uart_write                               0x08000335   Thumb Code    36  dev_uart.o(.text)
    uart_read                                0x08000359   Thumb Code    38  dev_uart.o(.text)
    uart_dmarx_done_isr                      0x0800037f   Thumb Code   152  dev_uart.o(.text)
    uart_dmarx_half_done_isr                 0x08000417   Thumb Code   196  dev_uart.o(.text)
    uart_dmarx_idle_isr                      0x080004db   Thumb Code   196  dev_uart.o(.text)
    uart_dmatx_done_isr                      0x0800059f   Thumb Code    18  dev_uart.o(.text)
    uart_poll_dma_tx                         0x080005b1   Thumb Code   240  dev_uart.o(.text)
    GPIO_Configuration                       0x080006a9   Thumb Code    38  main.o(.text)
    led_thread_init                          0x080006f7   Thumb Code    44  main.o(.text)
    $Super$$main                             0x08000723   Thumb Code   108  main.o(.text)
    bsp_uart1_init                           0x0800081f   Thumb Code   158  bsp_uart.o(.text)
    bsp_uart2_init                           0x080008bd   Thumb Code   158  bsp_uart.o(.text)
    bsp_uart1_dmatx_config                   0x0800095b   Thumb Code   100  bsp_uart.o(.text)
    bsp_uart1_dmarx_config                   0x080009bf   Thumb Code   118  bsp_uart.o(.text)
    bsp_uart1_get_dmarx_buf_remain_size      0x08000a35   Thumb Code    12  bsp_uart.o(.text)
    bsp_uart2_dmatx_config                   0x08000a41   Thumb Code   110  bsp_uart.o(.text)
    bsp_uart2_dmarx_config                   0x08000aaf   Thumb Code   118  bsp_uart.o(.text)
    bsp_uart2_get_dmarx_buf_remain_size      0x08000b25   Thumb Code    12  bsp_uart.o(.text)
    uart1_poll_send                          0x08000b31   Thumb Code    58  bsp_uart.o(.text)
    uart2_poll_send                          0x08000b6b   Thumb Code    78  bsp_uart.o(.text)
    NMI_Handler                              0x08000bb9   Thumb Code     2  stm32f10x_it.o(.text)
    MemManage_Handler                        0x08000bbb   Thumb Code     4  stm32f10x_it.o(.text)
    BusFault_Handler                         0x08000bbf   Thumb Code     4  stm32f10x_it.o(.text)
    UsageFault_Handler                       0x08000bc3   Thumb Code     4  stm32f10x_it.o(.text)
    SVC_Handler                              0x08000bc7   Thumb Code     2  stm32f10x_it.o(.text)
    DebugMon_Handler                         0x08000bc9   Thumb Code     2  stm32f10x_it.o(.text)
    USART1_IRQHandler                        0x08000bcb   Thumb Code    38  stm32f10x_it.o(.text)
    DMA1_Channel4_IRQHandler                 0x08000bf1   Thumb Code    52  stm32f10x_it.o(.text)
    DMA1_Channel5_IRQHandler                 0x08000c25   Thumb Code    72  stm32f10x_it.o(.text)
    USART2_IRQHandler                        0x08000c6d   Thumb Code    38  stm32f10x_it.o(.text)
    DMA1_Channel7_IRQHandler                 0x08000c93   Thumb Code    54  stm32f10x_it.o(.text)
    DMA1_Channel6_IRQHandler                 0x08000cc9   Thumb Code    72  stm32f10x_it.o(.text)
    USB_LP_CAN1_RX0_IRQHandler               0x08000d11   Thumb Code     2  stm32f10x_it.o(.text)
    USB_HP_CAN1_TX_IRQHandler                0x08000d13   Thumb Code     2  stm32f10x_it.o(.text)
    fifo_register                            0x08000d29   Thumb Code    26  fifo.o(.text)
    fifo_release                             0x08000d43   Thumb Code    18  fifo.o(.text)
    fifo_get_occupy_size                     0x08000d55   Thumb Code    12  fifo.o(.text)
    fifo_get_free_size                       0x08000d61   Thumb Code    24  fifo.o(.text)
    fifo_write                               0x08000d79   Thumb Code   116  fifo.o(.text)
    fifo_read                                0x08000ded   Thumb Code   116  fifo.o(.text)
    fifo_get_total_size                      0x08000e61   Thumb Code    12  fifo.o(.text)
    NVIC_PriorityGroupConfig                 0x08000e6d   Thumb Code    10  misc.o(.text)
    NVIC_Init                                0x08000e77   Thumb Code   100  misc.o(.text)
    NVIC_SetVectorTable                      0x08000edb   Thumb Code    14  misc.o(.text)
    NVIC_SystemLPConfig                      0x08000ee9   Thumb Code    34  misc.o(.text)
    SysTick_CLKSourceConfig                  0x08000f0b   Thumb Code    40  misc.o(.text)
    DMA_DeInit                               0x08000f49   Thumb Code   324  stm32f10x_dma.o(.text)
    DMA_Init                                 0x0800108d   Thumb Code    60  stm32f10x_dma.o(.text)
    DMA_StructInit                           0x080010c9   Thumb Code    26  stm32f10x_dma.o(.text)
    DMA_Cmd                                  0x080010e3   Thumb Code    24  stm32f10x_dma.o(.text)
    DMA_ITConfig                             0x080010fb   Thumb Code    18  stm32f10x_dma.o(.text)
    DMA_SetCurrDataCounter                   0x0800110d   Thumb Code     4  stm32f10x_dma.o(.text)
    DMA_GetCurrDataCounter                   0x08001111   Thumb Code     8  stm32f10x_dma.o(.text)
    DMA_GetFlagStatus                        0x08001119   Thumb Code    40  stm32f10x_dma.o(.text)
    DMA_ClearFlag                            0x08001141   Thumb Code    22  stm32f10x_dma.o(.text)
    DMA_GetITStatus                          0x08001157   Thumb Code    40  stm32f10x_dma.o(.text)
    DMA_ClearITPendingBit                    0x0800117f   Thumb Code    22  stm32f10x_dma.o(.text)
    GPIO_DeInit                              0x0800119d   Thumb Code   172  stm32f10x_gpio.o(.text)
    GPIO_AFIODeInit                          0x08001249   Thumb Code    20  stm32f10x_gpio.o(.text)
    GPIO_Init                                0x0800125d   Thumb Code   278  stm32f10x_gpio.o(.text)
    GPIO_StructInit                          0x08001373   Thumb Code    16  stm32f10x_gpio.o(.text)
    GPIO_ReadInputDataBit                    0x08001383   Thumb Code    18  stm32f10x_gpio.o(.text)
    GPIO_ReadInputData                       0x08001395   Thumb Code     8  stm32f10x_gpio.o(.text)
    GPIO_ReadOutputDataBit                   0x0800139d   Thumb Code    18  stm32f10x_gpio.o(.text)
    GPIO_ReadOutputData                      0x080013af   Thumb Code     8  stm32f10x_gpio.o(.text)
    GPIO_SetBits                             0x080013b7   Thumb Code     4  stm32f10x_gpio.o(.text)
    GPIO_ResetBits                           0x080013bb   Thumb Code     4  stm32f10x_gpio.o(.text)
    GPIO_WriteBit                            0x080013bf   Thumb Code    10  stm32f10x_gpio.o(.text)
    GPIO_Write                               0x080013c9   Thumb Code     4  stm32f10x_gpio.o(.text)
    GPIO_PinLockConfig                       0x080013cd   Thumb Code    18  stm32f10x_gpio.o(.text)
    GPIO_EventOutputConfig                   0x080013df   Thumb Code    26  stm32f10x_gpio.o(.text)
    GPIO_EventOutputCmd                      0x080013f9   Thumb Code     6  stm32f10x_gpio.o(.text)
    GPIO_PinRemapConfig                      0x080013ff   Thumb Code   138  stm32f10x_gpio.o(.text)
    GPIO_EXTILineConfig                      0x08001489   Thumb Code    66  stm32f10x_gpio.o(.text)
    GPIO_ETH_MediaInterfaceConfig            0x080014cb   Thumb Code     8  stm32f10x_gpio.o(.text)
    RCC_DeInit                               0x080014f9   Thumb Code    64  stm32f10x_rcc.o(.text)
    RCC_HSEConfig                            0x08001539   Thumb Code    70  stm32f10x_rcc.o(.text)
    RCC_GetFlagStatus                        0x0800157f   Thumb Code    56  stm32f10x_rcc.o(.text)
    RCC_WaitForHSEStartUp                    0x080015b7   Thumb Code    56  stm32f10x_rcc.o(.text)
    RCC_AdjustHSICalibrationValue            0x080015ef   Thumb Code    20  stm32f10x_rcc.o(.text)
    RCC_HSICmd                               0x08001603   Thumb Code     6  stm32f10x_rcc.o(.text)
    RCC_PLLConfig                            0x08001609   Thumb Code    24  stm32f10x_rcc.o(.text)
    RCC_PLLCmd                               0x08001621   Thumb Code     6  stm32f10x_rcc.o(.text)
    RCC_SYSCLKConfig                         0x08001627   Thumb Code    18  stm32f10x_rcc.o(.text)
    RCC_GetSYSCLKSource                      0x08001639   Thumb Code    10  stm32f10x_rcc.o(.text)
    RCC_HCLKConfig                           0x08001643   Thumb Code    18  stm32f10x_rcc.o(.text)
    RCC_PCLK1Config                          0x08001655   Thumb Code    18  stm32f10x_rcc.o(.text)
    RCC_PCLK2Config                          0x08001667   Thumb Code    20  stm32f10x_rcc.o(.text)
    RCC_ITConfig                             0x0800167b   Thumb Code    26  stm32f10x_rcc.o(.text)
    RCC_USBCLKConfig                         0x08001695   Thumb Code     8  stm32f10x_rcc.o(.text)
    RCC_ADCCLKConfig                         0x0800169d   Thumb Code    18  stm32f10x_rcc.o(.text)
    RCC_LSEConfig                            0x080016af   Thumb Code    50  stm32f10x_rcc.o(.text)
    RCC_LSICmd                               0x080016e1   Thumb Code     6  stm32f10x_rcc.o(.text)
    RCC_RTCCLKConfig                         0x080016e7   Thumb Code    12  stm32f10x_rcc.o(.text)
    RCC_RTCCLKCmd                            0x080016f3   Thumb Code     8  stm32f10x_rcc.o(.text)
    RCC_GetClocksFreq                        0x080016fb   Thumb Code   192  stm32f10x_rcc.o(.text)
    RCC_AHBPeriphClockCmd                    0x080017bb   Thumb Code    26  stm32f10x_rcc.o(.text)
    RCC_APB2PeriphClockCmd                   0x080017d5   Thumb Code    26  stm32f10x_rcc.o(.text)
    RCC_APB1PeriphClockCmd                   0x080017ef   Thumb Code    26  stm32f10x_rcc.o(.text)
    RCC_APB2PeriphResetCmd                   0x08001809   Thumb Code    26  stm32f10x_rcc.o(.text)
    RCC_APB1PeriphResetCmd                   0x08001823   Thumb Code    26  stm32f10x_rcc.o(.text)
    RCC_BackupResetCmd                       0x0800183d   Thumb Code     8  stm32f10x_rcc.o(.text)
    RCC_ClockSecuritySystemCmd               0x08001845   Thumb Code     6  stm32f10x_rcc.o(.text)
    RCC_MCOConfig                            0x0800184b   Thumb Code     6  stm32f10x_rcc.o(.text)
    RCC_ClearFlag                            0x08001851   Thumb Code    14  stm32f10x_rcc.o(.text)
    RCC_GetITStatus                          0x0800185f   Thumb Code    20  stm32f10x_rcc.o(.text)
    RCC_ClearITPendingBit                    0x08001873   Thumb Code     6  stm32f10x_rcc.o(.text)
    USART_DeInit                             0x0800189d   Thumb Code   134  stm32f10x_usart.o(.text)
    USART_Init                               0x08001923   Thumb Code   210  stm32f10x_usart.o(.text)
    USART_StructInit                         0x080019f5   Thumb Code    24  stm32f10x_usart.o(.text)
    USART_ClockInit                          0x08001a0d   Thumb Code    34  stm32f10x_usart.o(.text)
    USART_ClockStructInit                    0x08001a2f   Thumb Code    12  stm32f10x_usart.o(.text)
    USART_Cmd                                0x08001a3b   Thumb Code    24  stm32f10x_usart.o(.text)
    USART_ITConfig                           0x08001a53   Thumb Code    74  stm32f10x_usart.o(.text)
    USART_DMACmd                             0x08001a9d   Thumb Code    18  stm32f10x_usart.o(.text)
    USART_SetAddress                         0x08001aaf   Thumb Code    18  stm32f10x_usart.o(.text)
    USART_WakeUpConfig                       0x08001ac1   Thumb Code    18  stm32f10x_usart.o(.text)
    USART_ReceiverWakeUpCmd                  0x08001ad3   Thumb Code    24  stm32f10x_usart.o(.text)
    USART_LINBreakDetectLengthConfig         0x08001aeb   Thumb Code    18  stm32f10x_usart.o(.text)
    USART_LINCmd                             0x08001afd   Thumb Code    24  stm32f10x_usart.o(.text)
    USART_SendData                           0x08001b15   Thumb Code     8  stm32f10x_usart.o(.text)
    USART_ReceiveData                        0x08001b1d   Thumb Code    10  stm32f10x_usart.o(.text)
    USART_SendBreak                          0x08001b27   Thumb Code    10  stm32f10x_usart.o(.text)
    USART_SetGuardTime                       0x08001b31   Thumb Code    16  stm32f10x_usart.o(.text)
    USART_SetPrescaler                       0x08001b41   Thumb Code    16  stm32f10x_usart.o(.text)
    USART_SmartCardCmd                       0x08001b51   Thumb Code    24  stm32f10x_usart.o(.text)
    USART_SmartCardNACKCmd                   0x08001b69   Thumb Code    24  stm32f10x_usart.o(.text)
    USART_HalfDuplexCmd                      0x08001b81   Thumb Code    24  stm32f10x_usart.o(.text)
    USART_OverSampling8Cmd                   0x08001b99   Thumb Code    22  stm32f10x_usart.o(.text)
    USART_OneBitMethodCmd                    0x08001baf   Thumb Code    24  stm32f10x_usart.o(.text)
    USART_IrDAConfig                         0x08001bc7   Thumb Code    18  stm32f10x_usart.o(.text)
    USART_IrDACmd                            0x08001bd9   Thumb Code    24  stm32f10x_usart.o(.text)
    USART_GetFlagStatus                      0x08001bf1   Thumb Code    26  stm32f10x_usart.o(.text)
    USART_ClearFlag                          0x08001c0b   Thumb Code    18  stm32f10x_usart.o(.text)
    USART_GetITStatus                        0x08001c1d   Thumb Code    84  stm32f10x_usart.o(.text)
    USART_ClearITPendingBit                  0x08001c71   Thumb Code    52  stm32f10x_usart.o(.text)
    Reset_Handler                            0x08001ca5   Thumb Code     8  startup_stm32f10x_hd.o(.text)
    ADC1_2_IRQHandler                        0x08001cbf   Thumb Code     0  startup_stm32f10x_hd.o(.text)
    ADC3_IRQHandler                          0x08001cbf   Thumb Code     0  startup_stm32f10x_hd.o(.text)
    CAN1_RX1_IRQHandler                      0x08001cbf   Thumb Code     0  startup_stm32f10x_hd.o(.text)
    CAN1_SCE_IRQHandler                      0x08001cbf   Thumb Code     0  startup_stm32f10x_hd.o(.text)
    DMA1_Channel1_IRQHandler                 0x08001cbf   Thumb Code     0  startup_stm32f10x_hd.o(.text)
    DMA1_Channel2_IRQHandler                 0x08001cbf   Thumb Code     0  startup_stm32f10x_hd.o(.text)
    DMA1_Channel3_IRQHandler                 0x08001cbf   Thumb Code     0  startup_stm32f10x_hd.o(.text)
    DMA2_Channel1_IRQHandler                 0x08001cbf   Thumb Code     0  startup_stm32f10x_hd.o(.text)
    DMA2_Channel2_IRQHandler                 0x08001cbf   Thumb Code     0  startup_stm32f10x_hd.o(.text)
    DMA2_Channel3_IRQHandler                 0x08001cbf   Thumb Code     0  startup_stm32f10x_hd.o(.text)
    DMA2_Channel4_5_IRQHandler               0x08001cbf   Thumb Code     0  startup_stm32f10x_hd.o(.text)
    EXTI0_IRQHandler                         0x08001cbf   Thumb Code     0  startup_stm32f10x_hd.o(.text)
    EXTI15_10_IRQHandler                     0x08001cbf   Thumb Code     0  startup_stm32f10x_hd.o(.text)
    EXTI1_IRQHandler                         0x08001cbf   Thumb Code     0  startup_stm32f10x_hd.o(.text)
    EXTI2_IRQHandler                         0x08001cbf   Thumb Code     0  startup_stm32f10x_hd.o(.text)
    EXTI3_IRQHandler                         0x08001cbf   Thumb Code     0  startup_stm32f10x_hd.o(.text)
    EXTI4_IRQHandler                         0x08001cbf   Thumb Code     0  startup_stm32f10x_hd.o(.text)
    EXTI9_5_IRQHandler                       0x08001cbf   Thumb Code     0  startup_stm32f10x_hd.o(.text)
    FLASH_IRQHandler                         0x08001cbf   Thumb Code     0  startup_stm32f10x_hd.o(.text)
    FSMC_IRQHandler                          0x08001cbf   Thumb Code     0  startup_stm32f10x_hd.o(.text)
    I2C1_ER_IRQHandler                       0x08001cbf   Thumb Code     0  startup_stm32f10x_hd.o(.text)
    I2C1_EV_IRQHandler                       0x08001cbf   Thumb Code     0  startup_stm32f10x_hd.o(.text)
    I2C2_ER_IRQHandler                       0x08001cbf   Thumb Code     0  startup_stm32f10x_hd.o(.text)
    I2C2_EV_IRQHandler                       0x08001cbf   Thumb Code     0  startup_stm32f10x_hd.o(.text)
    PVD_IRQHandler                           0x08001cbf   Thumb Code     0  startup_stm32f10x_hd.o(.text)
    RCC_IRQHandler                           0x08001cbf   Thumb Code     0  startup_stm32f10x_hd.o(.text)
    RTCAlarm_IRQHandler                      0x08001cbf   Thumb Code     0  startup_stm32f10x_hd.o(.text)
    RTC_IRQHandler                           0x08001cbf   Thumb Code     0  startup_stm32f10x_hd.o(.text)
    SDIO_IRQHandler                          0x08001cbf   Thumb Code     0  startup_stm32f10x_hd.o(.text)
    SPI1_IRQHandler                          0x08001cbf   Thumb Code     0  startup_stm32f10x_hd.o(.text)
    SPI2_IRQHandler                          0x08001cbf   Thumb Code     0  startup_stm32f10x_hd.o(.text)
    SPI3_IRQHandler                          0x08001cbf   Thumb Code     0  startup_stm32f10x_hd.o(.text)
    TAMPER_IRQHandler                        0x08001cbf   Thumb Code     0  startup_stm32f10x_hd.o(.text)
    TIM1_BRK_IRQHandler                      0x08001cbf   Thumb Code     0  startup_stm32f10x_hd.o(.text)
    TIM1_CC_IRQHandler                       0x08001cbf   Thumb Code     0  startup_stm32f10x_hd.o(.text)
    TIM1_TRG_COM_IRQHandler                  0x08001cbf   Thumb Code     0  startup_stm32f10x_hd.o(.text)
    TIM1_UP_IRQHandler                       0x08001cbf   Thumb Code     0  startup_stm32f10x_hd.o(.text)
    TIM2_IRQHandler                          0x08001cbf   Thumb Code     0  startup_stm32f10x_hd.o(.text)
    TIM3_IRQHandler                          0x08001cbf   Thumb Code     0  startup_stm32f10x_hd.o(.text)
    TIM4_IRQHandler                          0x08001cbf   Thumb Code     0  startup_stm32f10x_hd.o(.text)
    TIM5_IRQHandler                          0x08001cbf   Thumb Code     0  startup_stm32f10x_hd.o(.text)
    TIM6_IRQHandler                          0x08001cbf   Thumb Code     0  startup_stm32f10x_hd.o(.text)
    TIM7_IRQHandler                          0x08001cbf   Thumb Code     0  startup_stm32f10x_hd.o(.text)
    TIM8_BRK_IRQHandler                      0x08001cbf   Thumb Code     0  startup_stm32f10x_hd.o(.text)
    TIM8_CC_IRQHandler                       0x08001cbf   Thumb Code     0  startup_stm32f10x_hd.o(.text)
    TIM8_TRG_COM_IRQHandler                  0x08001cbf   Thumb Code     0  startup_stm32f10x_hd.o(.text)
    TIM8_UP_IRQHandler                       0x08001cbf   Thumb Code     0  startup_stm32f10x_hd.o(.text)
    UART4_IRQHandler                         0x08001cbf   Thumb Code     0  startup_stm32f10x_hd.o(.text)
    UART5_IRQHandler                         0x08001cbf   Thumb Code     0  startup_stm32f10x_hd.o(.text)
    USART3_IRQHandler                        0x08001cbf   Thumb Code     0  startup_stm32f10x_hd.o(.text)
    USBWakeUp_IRQHandler                     0x08001cbf   Thumb Code     0  startup_stm32f10x_hd.o(.text)
    WWDG_IRQHandler                          0x08001cbf   Thumb Code     0  startup_stm32f10x_hd.o(.text)
    __user_initial_stackheap                 0x08001cc1   Thumb Code     0  startup_stm32f10x_hd.o(.text)
    SystemInit                               0x08001dc3   Thumb Code    78  system_stm32f10x.o(.text)
    SystemCoreClockUpdate                    0x08001e11   Thumb Code   142  system_stm32f10x.o(.text)
    rt_hw_interrupt_disable                  0x08001ec5   Thumb Code     8  context_rvds.o(.text)
    rt_hw_interrupt_enable                   0x08001ecd   Thumb Code     6  context_rvds.o(.text)
    rt_hw_context_switch                     0x08001ed3   Thumb Code    32  context_rvds.o(.text)
    rt_hw_context_switch_interrupt           0x08001ed3   Thumb Code     0  context_rvds.o(.text)
    PendSV_Handler                           0x08001ef3   Thumb Code    60  context_rvds.o(.text)
    rt_hw_context_switch_to                  0x08001f2f   Thumb Code    56  context_rvds.o(.text)
    rt_hw_interrupt_thread_switch            0x08001f67   Thumb Code     2  context_rvds.o(.text)
    HardFault_Handler                        0x08001f69   Thumb Code    52  context_rvds.o(.text)
    rt_hw_stack_init                         0x08001fb9   Thumb Code    70  cpuport.o(.text)
    rt_hw_exception_install                  0x08001fff   Thumb Code     6  cpuport.o(.text)
    rt_hw_hard_fault_exception               0x08002005   Thumb Code   190  cpuport.o(.text)
    rt_hw_cpu_shutdown                       0x080020c3   Thumb Code    10  cpuport.o(.text)
    rt_hw_cpu_reset                          0x080020cd   Thumb Code     8  cpuport.o(.text)
    rt_system_tick_init                      0x08002231   Thumb Code     2  clock.o(.text)
    rt_tick_get                              0x08002233   Thumb Code     6  clock.o(.text)
    rt_tick_set                              0x08002239   Thumb Code    22  clock.o(.text)
    rt_tick_increase                         0x0800224f   Thumb Code    42  clock.o(.text)
    rt_tick_from_millisecond                 0x08002279   Thumb Code    56  clock.o(.text)
    rt_components_board_init                 0x080022c5   Thumb Code    20  components.o(.text)
    rt_components_init                       0x080022d9   Thumb Code    20  components.o(.text)
    main_thread_entry                        0x080022ed   Thumb Code    14  components.o(.text)
    rt_application_init                      0x080022fb   Thumb Code    44  components.o(.text)
    rtthread_startup                         0x08002327   Thumb Code    42  components.o(.text)
    main                                     0x08002351   Thumb Code    10  components.o(.text)
    rt_thread_idle_excute                    0x08002379   Thumb Code     2  idle.o(.text)
    rt_thread_idle_init                      0x08002383   Thumb Code    38  idle.o(.text)
    rt_thread_idle_gethandler                0x080023a9   Thumb Code     4  idle.o(.text)
    rt_interrupt_enter                       0x080023c1   Thumb Code    26  irq.o(.text)
    rt_interrupt_leave                       0x080023db   Thumb Code    26  irq.o(.text)
    rt_interrupt_get_nest                    0x080023f5   Thumb Code    22  irq.o(.text)
    rt_get_errno                             0x08002411   Thumb Code    32  kservice.o(.text)
    rt_set_errno                             0x08002431   Thumb Code    36  kservice.o(.text)
    _rt_errno                                0x08002455   Thumb Code    30  kservice.o(.text)
    rt_memset                                0x08002473   Thumb Code    72  kservice.o(.text)
    rt_memcpy                                0x080024bb   Thumb Code   124  kservice.o(.text)
    rt_memmove                               0x08002537   Thumb Code    66  kservice.o(.text)
    rt_memcmp                                0x08002579   Thumb Code    38  kservice.o(.text)
    rt_strlen                                0x0800259f   Thumb Code    18  kservice.o(.text)
    rt_strstr                                0x080025b1   Thumb Code    58  kservice.o(.text)
    rt_strcasecmp                            0x080025eb   Thumb Code    48  kservice.o(.text)
    rt_strncpy                               0x0800261b   Thumb Code    52  kservice.o(.text)
    rt_strncmp                               0x0800264f   Thumb Code    40  kservice.o(.text)
    rt_strcmp                                0x08002677   Thumb Code    28  kservice.o(.text)
    rt_strnlen                               0x08002693   Thumb Code    24  kservice.o(.text)
    rt_hw_console_output                     0x080026ab   Thumb Code     2  kservice.o(.text)
    rt_vsnprintf                             0x08002871   Thumb Code   824  kservice.o(.text)
    rt_kprintf                               0x08002ba9   Thumb Code    44  kservice.o(.text)
    rt_show_version                          0x08002bd5   Thumb Code    38  kservice.o(.text)
    rt_snprintf                              0x08002bfb   Thumb Code    38  kservice.o(.text)
    rt_vsprintf                              0x08002c21   Thumb Code    22  kservice.o(.text)
    rt_sprintf                               0x08002c37   Thumb Code    34  kservice.o(.text)
    rt_kputs                                 0x08002c59   Thumb Code    18  kservice.o(.text)
    __rt_ffs                                 0x08002c6b   Thumb Code    70  kservice.o(.text)
    rt_system_object_init                    0x08002d49   Thumb Code     2  object.o(.text)
    rt_object_get_information                0x08002d4b   Thumb Code    36  object.o(.text)
    rt_object_get_length                     0x08002d6f   Thumb Code    58  object.o(.text)
    rt_object_get_pointers                   0x08002da9   Thumb Code    86  object.o(.text)
    rt_object_init                           0x08002dff   Thumb Code    96  object.o(.text)
    rt_object_detach                         0x08002e5f   Thumb Code    44  object.o(.text)
    rt_object_is_systemobject                0x08002e8b   Thumb Code    18  object.o(.text)
    rt_object_get_type                       0x08002e9d   Thumb Code    10  object.o(.text)
    rt_object_find                           0x08002ea7   Thumb Code    82  object.o(.text)
    rt_system_scheduler_init                 0x08002efd   Thumb Code    52  scheduler.o(.text)
    rt_system_scheduler_start                0x08002f31   Thumb Code    36  scheduler.o(.text)
    rt_schedule                              0x08002f55   Thumb Code   106  scheduler.o(.text)
    rt_schedule_insert_thread                0x08002fbf   Thumb Code    72  scheduler.o(.text)
    rt_schedule_remove_thread                0x08003007   Thumb Code    76  scheduler.o(.text)
    rt_enter_critical                        0x08003053   Thumb Code    28  scheduler.o(.text)
    rt_exit_critical                         0x0800306f   Thumb Code    60  scheduler.o(.text)
    rt_critical_level                        0x080030ab   Thumb Code     8  scheduler.o(.text)
    rt_thread_exit                           0x08003111   Thumb Code    78  thread.o(.text)
    rt_thread_timeout                        0x0800315f   Thumb Code    32  thread.o(.text)
    rt_thread_init                           0x080031ff   Thumb Code    52  thread.o(.text)
    rt_thread_self                           0x08003233   Thumb Code     6  thread.o(.text)
    rt_thread_resume                         0x08003239   Thumb Code    60  thread.o(.text)
    rt_thread_startup                        0x08003275   Thumb Code    44  thread.o(.text)
    rt_thread_detach                         0x080032a1   Thumb Code   100  thread.o(.text)
    rt_thread_yield                          0x08003305   Thumb Code    92  thread.o(.text)
    rt_thread_suspend                        0x08003361   Thumb Code    68  thread.o(.text)
    rt_thread_sleep                          0x080033a5   Thumb Code    62  thread.o(.text)
    rt_thread_delay                          0x080033e3   Thumb Code    12  thread.o(.text)
    rt_thread_delay_until                    0x080033ef   Thumb Code   110  thread.o(.text)
    rt_thread_mdelay                         0x0800345d   Thumb Code    20  thread.o(.text)
    rt_thread_control                        0x08003471   Thumb Code   144  thread.o(.text)
    rt_thread_find                           0x08003501   Thumb Code    14  thread.o(.text)
    rt_timer_init                            0x080035bb   Thumb Code    46  timer.o(.text)
    rt_timer_detach                          0x080035e9   Thumb Code    40  timer.o(.text)
    rt_timer_start                           0x08003611   Thumb Code   226  timer.o(.text)
    rt_timer_stop                            0x080036f3   Thumb Code    48  timer.o(.text)
    rt_timer_control                         0x08003723   Thumb Code    98  timer.o(.text)
    rt_timer_check                           0x08003785   Thumb Code   160  timer.o(.text)
    rt_timer_next_timeout_tick               0x08003825   Thumb Code    10  timer.o(.text)
    rt_system_timer_init                     0x0800382f   Thumb Code    24  timer.o(.text)
    rt_system_timer_thread_init              0x08003847   Thumb Code     2  timer.o(.text)
    rt_hw_board_init                         0x08003895   Thumb Code    30  board.o(.text)
    SysTick_Handler                          0x080038b3   Thumb Code    16  board.o(.text)
    __use_two_region_memory                  0x080038cd   Thumb Code     2  heapauxi.o(.text)
    __rt_heap_escrow$2region                 0x080038cf   Thumb Code     2  heapauxi.o(.text)
    __rt_heap_expand$2region                 0x080038d1   Thumb Code     2  heapauxi.o(.text)
    __user_setup_stackheap                   0x080038d3   Thumb Code    74  sys_stackheap_outer.o(.text)
    exit                                     0x0800391d   Thumb Code    18  exit.o(.text)
    __user_libspace                          0x08003931   Thumb Code     8  libspace.o(.text)
    __user_perproc_libspace                  0x08003931   Thumb Code     0  libspace.o(.text)
    __user_perthread_libspace                0x08003931   Thumb Code     0  libspace.o(.text)
    _sys_exit                                0x08003939   Thumb Code     8  sys_exit.o(.text)
    __I$use$semihosting                      0x08003945   Thumb Code     0  use_no_semi.o(.text)
    __use_no_semihosting_swi                 0x08003945   Thumb Code     2  use_no_semi.o(.text)
    __lowest_bit_bitmap                      0x08003946   Data         256  kservice.o(.constdata)
    __semihosting_library_function           0x08003947   Thumb Code     0  indicate_semi.o(.text)
    __rt_init_rti_start                      0x08003a68   Data           4  components.o(.rti_fn.0)
    __rt_init_rti_board_start                0x08003a6c   Data           4  components.o(.rti_fn.0.end)
    __rt_init_rti_board_end                  0x08003a70   Data           4  components.o(.rti_fn.1.end)
    __rt_init_rti_end                        0x08003a74   Data           4  components.o(.rti_fn.6.end)
    Region$$Table$$Base                      0x08003a78   Number         0  anon$$obj.o(Region$$Table)
    Region$$Table$$Limit                     0x08003a98   Number         0  anon$$obj.o(Region$$Table)
    g_DmaTxCount                             0x20000004   Data           8  stm32f10x_it.o(.data)
    SystemCoreClock                          0x20000020   Data           4  system_stm32f10x.o(.data)
    AHBPrescTable                            0x20000024   Data          16  system_stm32f10x.o(.data)
    rt_interrupt_from_thread                 0x20000034   Data           4  cpuport.o(.data)
    rt_interrupt_to_thread                   0x20000038   Data           4  cpuport.o(.data)
    rt_thread_switch_interrupt_flag          0x2000003c   Data           4  cpuport.o(.data)
    rt_interrupt_nest                        0x20000048   Data           1  irq.o(.data)
    rt_thread_ready_priority_group           0x20000090   Data           4  scheduler.o(.data)
    rt_current_thread                        0x20000098   Data           4  scheduler.o(.data)
    rt_current_priority                      0x2000009c   Data           1  scheduler.o(.data)
    rt_thread_defunct                        0x200000a0   Data           8  scheduler.o(.data)
    s_UartTxRxCount                          0x2000150c   Data          16  dev_uart.o(.bss)
    g_DmaRxCount                             0x20001694   Data          24  stm32f10x_it.o(.bss)
    g_DmaTxErrCount                          0x200016ac   Data          16  stm32f10x_it.o(.bss)
    main_thread                              0x20001ac0   Data         120  components.o(.bss)
    rt_thread_priority_table                 0x20001cb0   Data          64  scheduler.o(.bss)
    __libspace_start                         0x20001cf0   Data          96  libspace.o(.bss)
    __temporary_stack_top$libspace           0x20001d50   Data           0  libspace.o(.bss)



==============================================================================

Memory Map of the image

  Image Entry point : 0x08000131

  Load Region LR_IROM1 (Base: 0x08000000, Size: 0x00003b4c, Max: 0x00080000, ABSOLUTE)

    Execution Region ER_IROM1 (Exec base: 0x08000000, Load base: 0x08000000, Size: 0x00003a98, Max: 0x00080000, ABSOLUTE)

    Exec Addr    Load Addr    Size         Type   Attr      Idx    E Section Name        Object

    0x08000000   0x08000000   0x00000130   Data   RO          484    RESET               startup_stm32f10x_hd.o
    0x08000130   0x08000130   0x00000008   Code   RO          724  * !!!main             c_w.l(__main.o)
    0x08000138   0x08000138   0x00000034   Code   RO          883    !!!scatter          c_w.l(__scatter.o)
    0x0800016c   0x0800016c   0x0000001a   Code   RO          885    !!handler_copy      c_w.l(__scatter_copy.o)
    0x08000186   0x08000186   0x00000002   PAD
    0x08000188   0x08000188   0x0000001c   Code   RO          887    !!handler_zi        c_w.l(__scatter_zi.o)
    0x080001a4   0x080001a4   0x00000002   Code   RO          751    .ARM.Collect$$libinit$$00000000  c_w.l(libinit.o)
    0x080001a6   0x080001a6   0x00000000   Code   RO          758    .ARM.Collect$$libinit$$00000002  c_w.l(libinit2.o)
    0x080001a6   0x080001a6   0x00000000   Code   RO          760    .ARM.Collect$$libinit$$00000004  c_w.l(libinit2.o)
    0x080001a6   0x080001a6   0x00000000   Code   RO          763    .ARM.Collect$$libinit$$0000000A  c_w.l(libinit2.o)
    0x080001a6   0x080001a6   0x00000000   Code   RO          765    .ARM.Collect$$libinit$$0000000C  c_w.l(libinit2.o)
    0x080001a6   0x080001a6   0x00000000   Code   RO          767    .ARM.Collect$$libinit$$0000000E  c_w.l(libinit2.o)
    0x080001a6   0x080001a6   0x00000000   Code   RO          770    .ARM.Collect$$libinit$$00000011  c_w.l(libinit2.o)
    0x080001a6   0x080001a6   0x00000000   Code   RO          772    .ARM.Collect$$libinit$$00000013  c_w.l(libinit2.o)
    0x080001a6   0x080001a6   0x00000000   Code   RO          774    .ARM.Collect$$libinit$$00000015  c_w.l(libinit2.o)
    0x080001a6   0x080001a6   0x00000000   Code   RO          776    .ARM.Collect$$libinit$$00000017  c_w.l(libinit2.o)
    0x080001a6   0x080001a6   0x00000000   Code   RO          778    .ARM.Collect$$libinit$$00000019  c_w.l(libinit2.o)
    0x080001a6   0x080001a6   0x00000000   Code   RO          780    .ARM.Collect$$libinit$$0000001B  c_w.l(libinit2.o)
    0x080001a6   0x080001a6   0x00000000   Code   RO          782    .ARM.Collect$$libinit$$0000001D  c_w.l(libinit2.o)
    0x080001a6   0x080001a6   0x00000000   Code   RO          784    .ARM.Collect$$libinit$$0000001F  c_w.l(libinit2.o)
    0x080001a6   0x080001a6   0x00000000   Code   RO          786    .ARM.Collect$$libinit$$00000021  c_w.l(libinit2.o)
    0x080001a6   0x080001a6   0x00000000   Code   RO          788    .ARM.Collect$$libinit$$00000023  c_w.l(libinit2.o)
    0x080001a6   0x080001a6   0x00000000   Code   RO          790    .ARM.Collect$$libinit$$00000025  c_w.l(libinit2.o)
    0x080001a6   0x080001a6   0x00000000   Code   RO          794    .ARM.Collect$$libinit$$0000002C  c_w.l(libinit2.o)
    0x080001a6   0x080001a6   0x00000000   Code   RO          796    .ARM.Collect$$libinit$$0000002E  c_w.l(libinit2.o)
    0x080001a6   0x080001a6   0x00000000   Code   RO          798    .ARM.Collect$$libinit$$00000030  c_w.l(libinit2.o)
    0x080001a6   0x080001a6   0x00000000   Code   RO          800    .ARM.Collect$$libinit$$00000032  c_w.l(libinit2.o)
    0x080001a6   0x080001a6   0x00000002   Code   RO          801    .ARM.Collect$$libinit$$00000033  c_w.l(libinit2.o)
    0x080001a8   0x080001a8   0x00000002   Code   RO          821    .ARM.Collect$$libshutdown$$00000000  c_w.l(libshutdown.o)
    0x080001aa   0x080001aa   0x00000000   Code   RO          834    .ARM.Collect$$libshutdown$$00000002  c_w.l(libshutdown2.o)
    0x080001aa   0x080001aa   0x00000000   Code   RO          836    .ARM.Collect$$libshutdown$$00000004  c_w.l(libshutdown2.o)
    0x080001aa   0x080001aa   0x00000000   Code   RO          838    .ARM.Collect$$libshutdown$$00000006  c_w.l(libshutdown2.o)
    0x080001aa   0x080001aa   0x00000000   Code   RO          841    .ARM.Collect$$libshutdown$$00000009  c_w.l(libshutdown2.o)
    0x080001aa   0x080001aa   0x00000000   Code   RO          844    .ARM.Collect$$libshutdown$$0000000C  c_w.l(libshutdown2.o)
    0x080001aa   0x080001aa   0x00000000   Code   RO          846    .ARM.Collect$$libshutdown$$0000000E  c_w.l(libshutdown2.o)
    0x080001aa   0x080001aa   0x00000000   Code   RO          849    .ARM.Collect$$libshutdown$$00000011  c_w.l(libshutdown2.o)
    0x080001aa   0x080001aa   0x00000002   Code   RO          850    .ARM.Collect$$libshutdown$$00000012  c_w.l(libshutdown2.o)
    0x080001ac   0x080001ac   0x00000000   Code   RO          726    .ARM.Collect$$rtentry$$00000000  c_w.l(__rtentry.o)
    0x080001ac   0x080001ac   0x00000000   Code   RO          728    .ARM.Collect$$rtentry$$00000002  c_w.l(__rtentry2.o)
    0x080001ac   0x080001ac   0x00000006   Code   RO          740    .ARM.Collect$$rtentry$$00000004  c_w.l(__rtentry4.o)
    0x080001b2   0x080001b2   0x00000000   Code   RO          730    .ARM.Collect$$rtentry$$00000009  c_w.l(__rtentry2.o)
    0x080001b2   0x080001b2   0x00000004   Code   RO          731    .ARM.Collect$$rtentry$$0000000A  c_w.l(__rtentry2.o)
    0x080001b6   0x080001b6   0x00000000   Code   RO          733    .ARM.Collect$$rtentry$$0000000C  c_w.l(__rtentry2.o)
    0x080001b6   0x080001b6   0x00000008   Code   RO          734    .ARM.Collect$$rtentry$$0000000D  c_w.l(__rtentry2.o)
    0x080001be   0x080001be   0x00000002   Code   RO          755    .ARM.Collect$$rtexit$$00000000  c_w.l(rtexit.o)
    0x080001c0   0x080001c0   0x00000000   Code   RO          803    .ARM.Collect$$rtexit$$00000002  c_w.l(rtexit2.o)
    0x080001c0   0x080001c0   0x00000004   Code   RO          804    .ARM.Collect$$rtexit$$00000003  c_w.l(rtexit2.o)
    0x080001c4   0x080001c4   0x00000006   Code   RO          805    .ARM.Collect$$rtexit$$00000004  c_w.l(rtexit2.o)
    0x080001ca   0x080001ca   0x00000002   PAD
    0x080001cc   0x080001cc   0x000004dc   Code   RO            1    .text               dev_uart.o
    0x080006a8   0x080006a8   0x00000100   Code   RO           57    .text               main.o
    0x080007a8   0x080007a8   0x00000410   Code   RO          158    .text               bsp_uart.o
    0x08000bb8   0x08000bb8   0x00000170   Code   RO          170    .text               stm32f10x_it.o
    0x08000d28   0x08000d28   0x00000144   Code   RO          189    .text               fifo.o
    0x08000e6c   0x08000e6c   0x000000dc   Code   RO          204    .text               misc.o
    0x08000f48   0x08000f48   0x00000254   Code   RO          300    .text               stm32f10x_dma.o
    0x0800119c   0x0800119c   0x0000035c   Code   RO          348    .text               stm32f10x_gpio.o
    0x080014f8   0x080014f8   0x000003a4   Code   RO          396    .text               stm32f10x_rcc.o
    0x0800189c   0x0800189c   0x00000408   Code   RO          458    .text               stm32f10x_usart.o
    0x08001ca4   0x08001ca4   0x00000040   Code   RO          485    .text               startup_stm32f10x_hd.o
    0x08001ce4   0x08001ce4   0x000001e0   Code   RO          490    .text               system_stm32f10x.o
    0x08001ec4   0x08001ec4   0x000000f4   Code   RO          508    .text               context_rvds.o
    0x08001fb8   0x08001fb8   0x00000278   Code   RO          512    .text               cpuport.o
    0x08002230   0x08002230   0x00000084   Code   RO          527    .text               clock.o
    0x080022b4   0x080022b4   0x000000c4   Code   RO          544    .text               components.o
    0x08002378   0x08002378   0x00000048   Code   RO          563    .text               idle.o
    0x080023c0   0x080023c0   0x00000050   Code   RO          593    .text               irq.o
    0x08002410   0x08002410   0x00000938   Code   RO          608    .text               kservice.o
    0x08002d48   0x08002d48   0x000001b4   Code   RO          637    .text               object.o
    0x08002efc   0x08002efc   0x000001d8   Code   RO          654    .text               scheduler.o
    0x080030d4   0x080030d4   0x0000043a   Code   RO          674    .text               thread.o
    0x0800350e   0x0800350e   0x00000002   PAD
    0x08003510   0x08003510   0x00000358   Code   RO          690    .text               timer.o
    0x08003868   0x08003868   0x00000064   Code   RO          707    .text               board.o
    0x080038cc   0x080038cc   0x00000006   Code   RO          722    .text               c_w.l(heapauxi.o)
    0x080038d2   0x080038d2   0x0000004a   Code   RO          742    .text               c_w.l(sys_stackheap_outer.o)
    0x0800391c   0x0800391c   0x00000012   Code   RO          744    .text               c_w.l(exit.o)
    0x0800392e   0x0800392e   0x00000002   PAD
    0x08003930   0x08003930   0x00000008   Code   RO          752    .text               c_w.l(libspace.o)
    0x08003938   0x08003938   0x0000000c   Code   RO          813    .text               c_w.l(sys_exit.o)
    0x08003944   0x08003944   0x00000002   Code   RO          824    .text               c_w.l(use_no_semi.o)
    0x08003946   0x08003946   0x00000000   Code   RO          826    .text               c_w.l(indicate_semi.o)
    0x08003946   0x08003946   0x00000122   Data   RO          610    .constdata          kservice.o
    0x08003a68   0x08003a68   0x00000004   Data   RO          546    .rti_fn.0           components.o
    0x08003a6c   0x08003a6c   0x00000004   Data   RO          547    .rti_fn.0.end       components.o
    0x08003a70   0x08003a70   0x00000004   Data   RO          548    .rti_fn.1.end       components.o
    0x08003a74   0x08003a74   0x00000004   Data   RO          549    .rti_fn.6.end       components.o
    0x08003a78   0x08003a78   0x00000020   Data   RO          881    Region$$Table       anon$$obj.o


    Execution Region RW_IRAM1 (Exec base: 0x20000000, Load base: 0x08003a98, Size: 0x00002350, Max: 0x00010000, ABSOLUTE)

    Exec Addr    Load Addr    Size         Type   Attr      Idx    E Section Name        Object

    0x20000000   0x08003a98   0x00000004   Data   RW           59    .data               main.o
    0x20000004   0x08003a9c   0x00000008   Data   RW          172    .data               stm32f10x_it.o
    0x2000000c   0x08003aa4   0x00000014   Data   RW          397    .data               stm32f10x_rcc.o
    0x20000020   0x08003ab8   0x00000014   Data   RW          491    .data               system_stm32f10x.o
    0x20000034   0x08003acc   0x00000010   Data   RW          513    .data               cpuport.o
    0x20000044   0x08003adc   0x00000004   Data   RW          528    .data               clock.o
    0x20000048   0x08003ae0   0x00000001   Data   RW          594    .data               irq.o
    0x20000049   0x08003ae1   0x00000003   PAD
    0x2000004c   0x08003ae4   0x00000004   Data   RW          611    .data               kservice.o
    0x20000050   0x08003ae8   0x00000040   Data   RW          638    .data               object.o
    0x20000090   0x08003b28   0x00000018   Data   RW          656    .data               scheduler.o
    0x200000a8   0x08003b40   0x0000000c   Data   RW          691    .data               timer.o
    0x200000b4        -       0x00001468   Zero   RW            2    .bss                dev_uart.o
    0x2000151c        -       0x00000178   Zero   RW           58    .bss                main.o
    0x20001694        -       0x00000028   Zero   RW          171    .bss                stm32f10x_it.o
    0x200016bc   0x08003b4c   0x00000004   PAD
    0x200016c0        -       0x00000478   Zero   RW          545    .bss                components.o
    0x20001b38        -       0x000000f8   Zero   RW          564    .bss                idle.o
    0x20001c30        -       0x00000080   Zero   RW          609    .bss                kservice.o
    0x20001cb0        -       0x00000040   Zero   RW          655    .bss                scheduler.o
    0x20001cf0        -       0x00000060   Zero   RW          753    .bss                c_w.l(libspace.o)
    0x20001d50        -       0x00000200   Zero   RW          483    HEAP                startup_stm32f10x_hd.o
    0x20001f50        -       0x00000400   Zero   RW          482    STACK               startup_stm32f10x_hd.o


==============================================================================

Image component sizes


      Code (inc. data)   RO Data    RW Data    ZI Data      Debug   Object Name

       100         10          0          0          0        819   board.o
      1040         20          0          0          0       4300   bsp_uart.o
       132          4          0          4          0       1464   clock.o
       196         30         16          0       1144       2894   components.o
       244         28          0          0          0        904   context_rvds.o
       632        348          0         16          0       3563   cpuport.o
      1244         58          0          0       5224      14980   dev_uart.o
       324          0          0          0          0       3146   fifo.o
        72         20          0          0        248       1834   idle.o
        80          6          0          1          0       1614   irq.o
      2360        166        290          4        128      10460   kservice.o
       256         26          0          4        376     240030   main.o
       220         22          0          0          0       2141   misc.o
       436          4          0         64          0       7298   object.o
       472         28          0         24         64       6336   scheduler.o
        64         26        304          0       1536        980   startup_stm32f10x_hd.o
       596          8          0          0          0       4702   stm32f10x_dma.o
       860         38          0          0          0       6069   stm32f10x_gpio.o
       368         20          0          8         40       3126   stm32f10x_it.o
       932         36          0         20          0       9304   stm32f10x_rcc.o
      1032         22          0          0          0       8796   stm32f10x_usart.o
       480         38          0         20          0       2311   system_stm32f10x.o
      1082         14          0          0          0       9174   thread.o
       856         16          0         12          0       7833   timer.o

    ----------------------------------------------------------------------
     14080        988        642        180       8764     354078   Object Totals
         0          0         32          0          0          0   (incl. Generated)
         2          0          0          3          4          0   (incl. Padding)

    ----------------------------------------------------------------------

      Code (inc. data)   RO Data    RW Data    ZI Data      Debug   Library Member Name

         8          0          0          0          0         68   __main.o
         0          0          0          0          0          0   __rtentry.o
        12          0          0          0          0          0   __rtentry2.o
         6          0          0          0          0          0   __rtentry4.o
        52          8          0          0          0          0   __scatter.o
        26          0          0          0          0          0   __scatter_copy.o
        28          0          0          0          0          0   __scatter_zi.o
        18          0          0          0          0         80   exit.o
         6          0          0          0          0        152   heapauxi.o
         0          0          0          0          0          0   indicate_semi.o
         2          0          0          0          0          0   libinit.o
         2          0          0          0          0          0   libinit2.o
         2          0          0          0          0          0   libshutdown.o
         2          0          0          0          0          0   libshutdown2.o
         8          4          0          0         96         68   libspace.o
         2          0          0          0          0          0   rtexit.o
        10          0          0          0          0          0   rtexit2.o
        12          4          0          0          0         68   sys_exit.o
        74          0          0          0          0         80   sys_stackheap_outer.o
         2          0          0          0          0         68   use_no_semi.o

    ----------------------------------------------------------------------
       278         16          0          0         96        584   Library Totals
         6          0          0          0          0          0   (incl. Padding)

    ----------------------------------------------------------------------

      Code (inc. data)   RO Data    RW Data    ZI Data      Debug   Library Name

       272         16          0          0         96        584   c_w.l

    ----------------------------------------------------------------------
       278         16          0          0         96        584   Library Totals

    ----------------------------------------------------------------------

==============================================================================


      Code (inc. data)   RO Data    RW Data    ZI Data      Debug   

     14358       1004        642        180       8860     352318   Grand Totals
     14358       1004        642        180       8860     352318   ELF Image Totals
     14358       1004        642        180          0          0   ROM Totals

==============================================================================

    Total RO  Size (Code + RO Data)                15000 (  14.65kB)
    Total RW  Size (RW Data + ZI Data)              9040 (   8.83kB)
    Total ROM Size (Code + RO Data + RW Data)      15180 (  14.82kB)

==============================================================================

