<html>
<body>
<pre>
<h1>µVision Build Log</h1>
<h2>Tool Versions:</h2>
IDE-Version: ¦ÌVision V5.35.0.0
Copyright (C) 2021 ARM Ltd and ARM Germany GmbH. All rights reserved.
License Information: 1 1, 1, LIC=TA39H-WQULE-VJR6J-UAVGX-KZDPZ-A1WWH
 
Tool Versions:
Toolchain:       MDK-ARM Professional  Version: 5.35.0.2
Toolchain Path:  D:\Keil\ARM\ARMCC\Bin
C Compiler:      Armcc.exe V5.06 update 7 (build 960)
Assembler:       Armasm.exe V5.06 update 7 (build 960)
Linker/Locator:  ArmLink.exe V5.06 update 7 (build 960)
Library Manager: ArmAr.exe V5.06 update 7 (build 960)
Hex Converter:   FromElf.exe V5.06 update 7 (build 960)
CPU DLL:         SARMCM3.DLL V5.35.0.2
Dialog DLL:      DCM.DLL V1.17.3.0
Target DLL:      STLink\ST-LINKIII-KEIL_SWO.dll V3.0.9.0
Dialog DLL:      TCM.DLL V1.53.0.0
 
<h2>Project:</h2>
F:\RT_Thread_Win\h750-rt-thread\H750-HAL-MAIN\MDK-ARM\H750-HAL-MAIN.uvprojx
Project File Date:  03/24/2024

<h2>Output:</h2>
*** Using Compiler 'V5.06 update 7 (build 960)', folder: 'D:\Keil\ARM\ARMCC\Bin'
Build target 'H750-HAL-MAIN'
compiling main.c...
../Core/Src/main.c(83): warning:  #177-D: variable "tempbuf"  was declared but never referenced
    static char tempbuf[128];
../Core/Src/main.c(206): warning:  #177-D: function "Start_Count_PWM"  was declared but never referenced
  void Start_Count_PWM(uint16_t PwmNum_Channel, uint32_t Channel)
../Core/Src/main.c(349): warning:  #177-D: function "DMA_Start"  was declared but never referenced
  void DMA_Start()
../Core/Src/main.c(359): warning:  #177-D: function "DMA_Stop"  was declared but never referenced
  void DMA_Stop()
../Core/Src/main.c(370): warning:  #177-D: function "AppUART_Init"  was declared but never referenced
  void AppUART_Init(void)
../Core/Src/main.c(380): warning:  #177-D: function "AppUART_Task"  was declared but never referenced
  void AppUART_Task(void)
../Core/Src/main.c: 6 warnings, 0 errors
linking...
Program Size: Code=40660 RO-data=1812 RW-data=252 ZI-data=20436  
FromELF: creating hex file...
"H750-HAL-MAIN\H750-HAL-MAIN.axf" - 0 Error(s), 6 Warning(s).

<h2>Software Packages used:</h2>

Package Vendor: ARM
                http://www.keil.com/pack/ARM.CMSIS.5.8.0.pack
                ARM.CMSIS.5.8.0
                CMSIS (Common Microcontroller Software Interface Standard)
   * Component: CORE Version: 5.5.0

Package Vendor: Keil
                https://www.keil.com/pack/Keil.STM32H7xx_DFP.3.1.1.pack
                Keil.STM32H7xx_DFP.3.1.1
                STMicroelectronics STM32H7 Series Device Support and Examples

<h2>Collection of Component include folders:</h2>
  .\RTE\_H750-HAL-MAIN
  C:\Users\11050\AppData\Local\Arm\Packs\ARM\CMSIS\5.8.0\CMSIS\Core\Include
  C:\Users\11050\AppData\Local\Arm\Packs\Keil\STM32H7xx_DFP\3.1.1\Drivers\CMSIS\Device\ST\STM32H7xx\Include

<h2>Collection of Component Files used:</h2>

   * Component: ARM::CMSIS:CORE:5.5.0
      Include file:  CMSIS\Core\Include\tz_context.h
Build Time Elapsed:  00:00:04
</pre>
</body>
</html>
